{'PREP': '/mnt/prj01/hgrp-1502-5TB/xuxiaoyu/reliability_medmnistc_ab/sources/table1_clean_only_20260922', 'DATA_ROOT': '/mnt/prj01/hgrp-1502-5TB/xuxiaoyu/reliability_medmnistc_ab/data/medmnist', 'CORR_ROOT': '/mnt/prj01/hgrp-1502-5TB/xuxiaoyu/reliability_medmnistc_ab/data/medmnistc', 'OUT': '/mnt/prj01/hgrp-1502-5TB/xuxiaoyu/reliability_medmnistc_ab/table1_clean_only_20260922/formal/pathmnist/seed_5/results', 'SELECTION_OUT': '/mnt/prj01/hgrp-1502-5TB/xuxiaoyu/reliability_medmnistc_ab/table1_clean_only_20260922/formal/pathmnist/seed_5/selections', 'device': 'cuda', 'datasets': ['pathmnist'], 'methods': ['random', 'el2n_top', 'forgetting', 'eva', 'facility', 'fps', 'herding', 'graph_a2'], 'ratios': [0.02], 'selection_seed': 5, 'training_seeds': [5], 'epochs': 1000, 'augment': False, 'smoke_n': 0, 'deterministic': True, 'clean_only': True, 'train_source': 'clean', 'train_corruption': 'pixelate', 'train_severity': 3, 'train_on_corrupted': False}
Pinned GraphCov methods: ['random', 'el2n_top', 'forgetting', 'eva', 'facility', 'fps', 'herding', 'graph_a2']
GraphCov official base commit: 8cf757adc4c333dc1427d511f0de2f246d15ebac
MedMNIST-C commit: unknown
========== pathmnist ==========
  [Embeddings] Loaded uni from cache: n=89996, dim=1024
  Computing training dynamics (200-epoch training)...
[Training Dynamics] Computing EVA, AUM, Forgetting over 200 epochs...
[EVA] Early window: epochs 1-10
[EVA] Late window: epochs 190-199
    [EVA] Early variance: min=0.000000, max=0.410738, mean=0.140065
    [EVA] Early percentiles [0,25,50,75,90,99,100]: ['0.000000', '0.037806', '0.148223', '0.219874', '0.277299', '0.329655', '0.410738']
    [EVA] Late variance: min=0.000000, max=0.000186, mean=0.000000
    [EVA] Late percentiles [0,25,50,75,90,99,100]: ['0.000000', '0.000000', '0.000000', '0.000000', '0.000000', '0.000000', '0.000186']

[EVA] Score range: [0.000000, 0.410738]
[EVA] Mean: 0.140065, Std: 0.100600
[EVA] Percentiles [0,25,50,75,100]: ['0.0000', '0.0378', '0.1482', '0.2199', '0.4107']

[AUM] Score range: [-0.483925, 0.999911]
[AUM] Mean: 0.753900, Std: 0.209187
[AUM] Percentiles [0,25,50,75,100]: ['-0.4839', '0.6100', '0.7896', '0.9458', '0.9999']
[AUM] Samples with negative avg margin (often wrong): 93 (0.1%)

[Forgetting] Score range: [0, 45]
[Forgetting] Mean: 15.03, Std: 11.56
[Forgetting] Never forgotten: 11157 (12.4%)
[Forgetting] Forgotten 5+ times: 64599 (71.8%)
  [Facility] execution_device=cuda, cpu_min_class_size=40000
training /mnt/prj01/hgrp-1502-5TB/xuxiaoyu/reliability_medmnistc_ab/table1_clean_only_20260922/formal/pathmnist/seed_5/results/pathmnist/random/ratio_0.02/selection_seed_5/train_seed_5/aug_0 n= 1791 budget_per_class= 199
epoch 100/1000
epoch 200/1000
epoch 300/1000
epoch 400/1000
epoch 500/1000
epoch 600/1000
epoch 700/1000
epoch 800/1000
epoch 900/1000
epoch 1000/1000
training /mnt/prj01/hgrp-1502-5TB/xuxiaoyu/reliability_medmnistc_ab/table1_clean_only_20260922/formal/pathmnist/seed_5/results/pathmnist/el2n_top/ratio_0.02/selection_seed_5/train_seed_5/aug_0 n= 1791 budget_per_class= 199
epoch 100/1000
epoch 200/1000
epoch 300/1000
epoch 400/1000
epoch 500/1000
epoch 600/1000
epoch 700/1000
epoch 800/1000
epoch 900/1000
epoch 1000/1000
training /mnt/prj01/hgrp-1502-5TB/xuxiaoyu/reliability_medmnistc_ab/table1_clean_only_20260922/formal/pathmnist/seed_5/results/pathmnist/forgetting/ratio_0.02/selection_seed_5/train_seed_5/aug_0 n= 1791 budget_per_class= 199
epoch 100/1000
epoch 200/1000
epoch 300/1000
epoch 400/1000
epoch 500/1000
epoch 600/1000
epoch 700/1000
epoch 800/1000
epoch 900/1000
epoch 1000/1000
training /mnt/prj01/hgrp-1502-5TB/xuxiaoyu/reliability_medmnistc_ab/table1_clean_only_20260922/formal/pathmnist/seed_5/results/pathmnist/eva/ratio_0.02/selection_seed_5/train_seed_5/aug_0 n= 1791 budget_per_class= 199
epoch 100/1000
epoch 200/1000
epoch 300/1000
epoch 400/1000
epoch 500/1000
epoch 600/1000
epoch 700/1000
epoch 800/1000
epoch 900/1000
epoch 1000/1000
training /mnt/prj01/hgrp-1502-5TB/xuxiaoyu/reliability_medmnistc_ab/table1_clean_only_20260922/formal/pathmnist/seed_5/results/pathmnist/facility/ratio_0.02/selection_seed_5/train_seed_5/aug_0 n= 1791 budget_per_class= 199
epoch 100/1000
epoch 200/1000
epoch 300/1000
epoch 400/1000
epoch 500/1000
epoch 600/1000
epoch 700/1000
epoch 800/1000
epoch 900/1000
epoch 1000/1000
training /mnt/prj01/hgrp-1502-5TB/xuxiaoyu/reliability_medmnistc_ab/table1_clean_only_20260922/formal/pathmnist/seed_5/results/pathmnist/fps/ratio_0.02/selection_seed_5/train_seed_5/aug_0 n= 1791 budget_per_class= 199
epoch 100/1000
epoch 200/1000
epoch 300/1000
epoch 400/1000
epoch 500/1000
epoch 600/1000
epoch 700/1000
epoch 800/1000
epoch 900/1000
epoch 1000/1000
training /mnt/prj01/hgrp-1502-5TB/xuxiaoyu/reliability_medmnistc_ab/table1_clean_only_20260922/formal/pathmnist/seed_5/results/pathmnist/herding/ratio_0.02/selection_seed_5/train_seed_5/aug_0 n= 1791 budget_per_class= 199
epoch 100/1000
epoch 200/1000
epoch 300/1000
epoch 400/1000
epoch 500/1000
epoch 600/1000
epoch 700/1000
epoch 800/1000
epoch 900/1000
epoch 1000/1000
training /mnt/prj01/hgrp-1502-5TB/xuxiaoyu/reliability_medmnistc_ab/table1_clean_only_20260922/formal/pathmnist/seed_5/results/pathmnist/graph_a2/ratio_0.02/selection_seed_5/train_seed_5/aug_0 n= 1791 budget_per_class= 199
epoch 100/1000
epoch 200/1000
epoch 300/1000
epoch 400/1000
epoch 500/1000
epoch 600/1000
epoch 700/1000
epoch 800/1000
epoch 900/1000
epoch 1000/1000
consolidated rows: 8 rejected: 0 output: /mnt/prj01/hgrp-1502-5TB/xuxiaoyu/reliability_medmnistc_ab/table1_clean_only_20260922/formal/pathmnist/seed_5/results
