{'PREP': '/mnt/prj01/hgrp-1502-5TB/xuxiaoyu/reliability_medmnistc_ab/sources/table1_clean_only_20260922', 'DATA_ROOT': '/mnt/prj01/hgrp-1502-5TB/xuxiaoyu/reliability_medmnistc_ab/data/medmnist', 'CORR_ROOT': '/mnt/prj01/hgrp-1502-5TB/xuxiaoyu/reliability_medmnistc_ab/data/medmnistc', 'OUT': '/mnt/prj01/hgrp-1502-5TB/xuxiaoyu/reliability_medmnistc_ab/table1_clean_only_20260922/formal/bloodmnist/seed_2/results', 'SELECTION_OUT': '/mnt/prj01/hgrp-1502-5TB/xuxiaoyu/reliability_medmnistc_ab/table1_clean_only_20260922/formal/bloodmnist/seed_2/selections', 'device': 'cuda', 'datasets': ['bloodmnist'], 'methods': ['random', 'el2n_top', 'forgetting', 'eva', 'facility', 'fps', 'herding', 'graph_a2'], 'ratios': [0.02], 'selection_seed': 2, 'training_seeds': [2], 'epochs': 1000, 'augment': False, 'smoke_n': 0, 'deterministic': True, 'clean_only': True, 'train_source': 'clean', 'train_corruption': 'pixelate', 'train_severity': 3, 'train_on_corrupted': False}
Pinned GraphCov methods: ['random', 'el2n_top', 'forgetting', 'eva', 'facility', 'fps', 'herding', 'graph_a2']
GraphCov official base commit: 8cf757adc4c333dc1427d511f0de2f246d15ebac
MedMNIST-C commit: 8acfd2710c6e0e8b2745be8b1fa1c17b94b8f8a7
========== bloodmnist ==========
  [Embeddings] Loaded uni from cache: n=11959, dim=1024
  Computing training dynamics (200-epoch training)...
[Training Dynamics] Computing EVA, AUM, Forgetting over 200 epochs...
[EVA] Early window: epochs 1-10
[EVA] Late window: epochs 190-199
    [EVA] Early variance: min=0.000000, max=0.277233, mean=0.092862
    [EVA] Early percentiles [0,25,50,75,90,99,100]: ['0.000000', '0.026812', '0.078253', '0.158636', '0.190507', '0.221695', '0.277233']
    [EVA] Late variance: min=0.000000, max=0.000229, mean=0.000000
    [EVA] Late percentiles [0,25,50,75,90,99,100]: ['0.000000', '0.000000', '0.000000', '0.000000', '0.000000', '0.000002', '0.000229']

[EVA] Score range: [0.000000, 0.277233]
[EVA] Mean: 0.092862, Std: 0.069390
[EVA] Percentiles [0,25,50,75,100]: ['0.0000', '0.0268', '0.0783', '0.1586', '0.2772']

[AUM] Score range: [-0.386894, 0.999852]
[AUM] Mean: 0.785132, Std: 0.190149
[AUM] Percentiles [0,25,50,75,100]: ['-0.3869', '0.6727', '0.8414', '0.9410', '0.9999']
[AUM] Samples with negative avg margin (often wrong): 7 (0.1%)

[Forgetting] Score range: [0, 41]
[Forgetting] Mean: 10.12, Std: 9.19
[Forgetting] Never forgotten: 1354 (11.3%)
[Forgetting] Forgotten 5+ times: 7185 (60.1%)
  [Facility] execution_device=cuda, cpu_min_class_size=40000
training /mnt/prj01/hgrp-1502-5TB/xuxiaoyu/reliability_medmnistc_ab/table1_clean_only_20260922/formal/bloodmnist/seed_2/results/bloodmnist/random/ratio_0.02/selection_seed_2/train_seed_2/aug_0 n= 232 budget_per_class= 29
epoch 100/1000
epoch 200/1000
epoch 300/1000
epoch 400/1000
epoch 500/1000
epoch 600/1000
epoch 700/1000
epoch 800/1000
epoch 900/1000
epoch 1000/1000
training /mnt/prj01/hgrp-1502-5TB/xuxiaoyu/reliability_medmnistc_ab/table1_clean_only_20260922/formal/bloodmnist/seed_2/results/bloodmnist/el2n_top/ratio_0.02/selection_seed_2/train_seed_2/aug_0 n= 232 budget_per_class= 29
epoch 100/1000
epoch 200/1000
epoch 300/1000
epoch 400/1000
epoch 500/1000
epoch 600/1000
epoch 700/1000
epoch 800/1000
epoch 900/1000
epoch 1000/1000
training /mnt/prj01/hgrp-1502-5TB/xuxiaoyu/reliability_medmnistc_ab/table1_clean_only_20260922/formal/bloodmnist/seed_2/results/bloodmnist/forgetting/ratio_0.02/selection_seed_2/train_seed_2/aug_0 n= 232 budget_per_class= 29
epoch 100/1000
epoch 200/1000
epoch 300/1000
epoch 400/1000
epoch 500/1000
epoch 600/1000
epoch 700/1000
epoch 800/1000
epoch 900/1000
epoch 1000/1000
training /mnt/prj01/hgrp-1502-5TB/xuxiaoyu/reliability_medmnistc_ab/table1_clean_only_20260922/formal/bloodmnist/seed_2/results/bloodmnist/eva/ratio_0.02/selection_seed_2/train_seed_2/aug_0 n= 232 budget_per_class= 29
epoch 100/1000
epoch 200/1000
epoch 300/1000
epoch 400/1000
epoch 500/1000
epoch 600/1000
epoch 700/1000
epoch 800/1000
epoch 900/1000
epoch 1000/1000
training /mnt/prj01/hgrp-1502-5TB/xuxiaoyu/reliability_medmnistc_ab/table1_clean_only_20260922/formal/bloodmnist/seed_2/results/bloodmnist/facility/ratio_0.02/selection_seed_2/train_seed_2/aug_0 n= 232 budget_per_class= 29
epoch 100/1000
epoch 200/1000
epoch 300/1000
epoch 400/1000
epoch 500/1000
epoch 600/1000
epoch 700/1000
epoch 800/1000
epoch 900/1000
epoch 1000/1000
training /mnt/prj01/hgrp-1502-5TB/xuxiaoyu/reliability_medmnistc_ab/table1_clean_only_20260922/formal/bloodmnist/seed_2/results/bloodmnist/fps/ratio_0.02/selection_seed_2/train_seed_2/aug_0 n= 232 budget_per_class= 29
epoch 100/1000
epoch 200/1000
epoch 300/1000
epoch 400/1000
epoch 500/1000
epoch 600/1000
epoch 700/1000
epoch 800/1000
epoch 900/1000
epoch 1000/1000
training /mnt/prj01/hgrp-1502-5TB/xuxiaoyu/reliability_medmnistc_ab/table1_clean_only_20260922/formal/bloodmnist/seed_2/results/bloodmnist/herding/ratio_0.02/selection_seed_2/train_seed_2/aug_0 n= 232 budget_per_class= 29
epoch 100/1000
epoch 200/1000
epoch 300/1000
epoch 400/1000
epoch 500/1000
epoch 600/1000
epoch 700/1000
epoch 800/1000
epoch 900/1000
epoch 1000/1000
training /mnt/prj01/hgrp-1502-5TB/xuxiaoyu/reliability_medmnistc_ab/table1_clean_only_20260922/formal/bloodmnist/seed_2/results/bloodmnist/graph_a2/ratio_0.02/selection_seed_2/train_seed_2/aug_0 n= 232 budget_per_class= 29
epoch 100/1000
epoch 200/1000
epoch 300/1000
epoch 400/1000
epoch 500/1000
epoch 600/1000
epoch 700/1000
epoch 800/1000
epoch 900/1000
epoch 1000/1000
consolidated rows: 8 rejected: 0 output: /mnt/prj01/hgrp-1502-5TB/xuxiaoyu/reliability_medmnistc_ab/table1_clean_only_20260922/formal/bloodmnist/seed_2/results
