{'PREP': '/mnt/prj01/hgrp-1502-5TB/xuxiaoyu/reliability_medmnistc_ab/sources/table1_clean_only_20260922', 'DATA_ROOT': '/mnt/prj01/hgrp-1502-5TB/xuxiaoyu/reliability_medmnistc_ab/data/medmnist', 'CORR_ROOT': '/mnt/prj01/hgrp-1502-5TB/xuxiaoyu/reliability_medmnistc_ab/data/medmnistc', 'OUT': '/mnt/prj01/hgrp-1502-5TB/xuxiaoyu/reliability_medmnistc_ab/table1_clean_only_20260922/formal/tissuemnist/seed_0/results', 'SELECTION_OUT': '/mnt/prj01/hgrp-1502-5TB/xuxiaoyu/reliability_medmnistc_ab/table1_clean_only_20260922/formal/tissuemnist/seed_0/selections', 'device': 'cuda', 'datasets': ['tissuemnist'], 'methods': ['random', 'el2n_top', 'forgetting', 'eva', 'facility', 'fps', 'herding', 'graph_a2'], 'ratios': [0.02], 'selection_seed': 0, 'training_seeds': [0], 'epochs': 1000, 'augment': False, 'smoke_n': 0, 'deterministic': True, 'clean_only': True, 'train_source': 'clean', 'train_corruption': 'pixelate', 'train_severity': 3, 'train_on_corrupted': False}
Pinned GraphCov methods: ['random', 'el2n_top', 'forgetting', 'eva', 'facility', 'fps', 'herding', 'graph_a2']
GraphCov official base commit: 8cf757adc4c333dc1427d511f0de2f246d15ebac
MedMNIST-C commit: 8acfd2710c6e0e8b2745be8b1fa1c17b94b8f8a7
========== tissuemnist ==========
  Computing uni embeddings...
  [Embeddings] uni: n=165466, dim=1024
  Computing training dynamics (200-epoch training)...
[Training Dynamics] Computing EVA, AUM, Forgetting over 200 epochs...
[EVA] Early window: epochs 1-10
[EVA] Late window: epochs 190-199
    [EVA] Early variance: min=0.000144, max=0.300687, mean=0.069810
    [EVA] Early percentiles [0,25,50,75,90,99,100]: ['0.000144', '0.033501', '0.063189', '0.099494', '0.132737', '0.187593', '0.300687']
    [EVA] Late variance: min=0.000000, max=0.000007, mean=0.000000
    [EVA] Late percentiles [0,25,50,75,90,99,100]: ['0.000000', '0.000000', '0.000000', '0.000000', '0.000000', '0.000001', '0.000007']

[EVA] Score range: [0.000144, 0.300687]
[EVA] Mean: 0.069810, Std: 0.044863
[EVA] Percentiles [0,25,50,75,100]: ['0.0001', '0.0335', '0.0632', '0.0995', '0.3007']

[AUM] Score range: [-0.453972, 0.997872]
[AUM] Mean: 0.475427, Std: 0.267846
[AUM] Percentiles [0,25,50,75,100]: ['-0.4540', '0.2757', '0.4717', '0.6844', '0.9979']
[AUM] Samples with negative avg margin (often wrong): 5642 (3.4%)

[Forgetting] Score range: [0, 50]
[Forgetting] Mean: 22.07, Std: 10.56
[Forgetting] Never forgotten: 2831 (1.7%)
[Forgetting] Forgotten 5+ times: 152209 (92.0%)
  [Facility] execution_device=cpu, cpu_min_class_size=40000
training /mnt/prj01/hgrp-1502-5TB/xuxiaoyu/reliability_medmnistc_ab/table1_clean_only_20260922/formal/tissuemnist/seed_0/results/tissuemnist/random/ratio_0.02/selection_seed_0/train_seed_0/aug_0 n= 3304 budget_per_class= 413
epoch 100/1000
epoch 200/1000
epoch 300/1000
epoch 400/1000
epoch 500/1000
epoch 600/1000
epoch 700/1000
epoch 800/1000
epoch 900/1000
epoch 1000/1000
training /mnt/prj01/hgrp-1502-5TB/xuxiaoyu/reliability_medmnistc_ab/table1_clean_only_20260922/formal/tissuemnist/seed_0/results/tissuemnist/el2n_top/ratio_0.02/selection_seed_0/train_seed_0/aug_0 n= 3304 budget_per_class= 413
epoch 100/1000
epoch 200/1000
epoch 300/1000
epoch 400/1000
epoch 500/1000
epoch 600/1000
epoch 700/1000
epoch 800/1000
epoch 900/1000
epoch 1000/1000
training /mnt/prj01/hgrp-1502-5TB/xuxiaoyu/reliability_medmnistc_ab/table1_clean_only_20260922/formal/tissuemnist/seed_0/results/tissuemnist/forgetting/ratio_0.02/selection_seed_0/train_seed_0/aug_0 n= 3304 budget_per_class= 413
epoch 100/1000
epoch 200/1000
epoch 300/1000
epoch 400/1000
epoch 500/1000
epoch 600/1000
epoch 700/1000
epoch 800/1000
epoch 900/1000
epoch 1000/1000
training /mnt/prj01/hgrp-1502-5TB/xuxiaoyu/reliability_medmnistc_ab/table1_clean_only_20260922/formal/tissuemnist/seed_0/results/tissuemnist/eva/ratio_0.02/selection_seed_0/train_seed_0/aug_0 n= 3304 budget_per_class= 413
epoch 100/1000
epoch 200/1000
epoch 300/1000
epoch 400/1000
epoch 500/1000
epoch 600/1000
epoch 700/1000
epoch 800/1000
epoch 900/1000
epoch 1000/1000
training /mnt/prj01/hgrp-1502-5TB/xuxiaoyu/reliability_medmnistc_ab/table1_clean_only_20260922/formal/tissuemnist/seed_0/results/tissuemnist/facility/ratio_0.02/selection_seed_0/train_seed_0/aug_0 n= 3304 budget_per_class= 413
epoch 100/1000
epoch 200/1000
epoch 300/1000
epoch 400/1000
epoch 500/1000
epoch 600/1000
epoch 700/1000
epoch 800/1000
epoch 900/1000
epoch 1000/1000
training /mnt/prj01/hgrp-1502-5TB/xuxiaoyu/reliability_medmnistc_ab/table1_clean_only_20260922/formal/tissuemnist/seed_0/results/tissuemnist/fps/ratio_0.02/selection_seed_0/train_seed_0/aug_0 n= 3304 budget_per_class= 413
epoch 100/1000
epoch 200/1000
epoch 300/1000
epoch 400/1000
epoch 500/1000
epoch 600/1000
epoch 700/1000
epoch 800/1000
epoch 900/1000
epoch 1000/1000
training /mnt/prj01/hgrp-1502-5TB/xuxiaoyu/reliability_medmnistc_ab/table1_clean_only_20260922/formal/tissuemnist/seed_0/results/tissuemnist/herding/ratio_0.02/selection_seed_0/train_seed_0/aug_0 n= 3304 budget_per_class= 413
epoch 100/1000
epoch 200/1000
epoch 300/1000
epoch 400/1000
epoch 500/1000
epoch 600/1000
epoch 700/1000
epoch 800/1000
epoch 900/1000
epoch 1000/1000
training /mnt/prj01/hgrp-1502-5TB/xuxiaoyu/reliability_medmnistc_ab/table1_clean_only_20260922/formal/tissuemnist/seed_0/results/tissuemnist/graph_a2/ratio_0.02/selection_seed_0/train_seed_0/aug_0 n= 3304 budget_per_class= 413
epoch 100/1000
epoch 200/1000
epoch 300/1000
epoch 400/1000
epoch 500/1000
epoch 600/1000
epoch 700/1000
epoch 800/1000
epoch 900/1000
epoch 1000/1000
consolidated rows: 8 rejected: 0 output: /mnt/prj01/hgrp-1502-5TB/xuxiaoyu/reliability_medmnistc_ab/table1_clean_only_20260922/formal/tissuemnist/seed_0/results
