{'PREP': '/mnt/prj01/hgrp-1502-5TB/xuxiaoyu/reliability_medmnistc_ab/sources/table1_clean_only_20260922', 'DATA_ROOT': '/mnt/prj01/hgrp-1502-5TB/xuxiaoyu/reliability_medmnistc_ab/data/medmnist', 'CORR_ROOT': '/mnt/prj01/hgrp-1502-5TB/xuxiaoyu/reliability_medmnistc_ab/data/medmnistc', 'OUT': '/mnt/prj01/hgrp-1502-5TB/xuxiaoyu/reliability_medmnistc_ab/table1_clean_only_20260922/formal/tissuemnist/seed_4/results', 'SELECTION_OUT': '/mnt/prj01/hgrp-1502-5TB/xuxiaoyu/reliability_medmnistc_ab/table1_clean_only_20260922/formal/tissuemnist/seed_4/selections', 'device': 'cuda', 'datasets': ['tissuemnist'], 'methods': ['random', 'el2n_top', 'forgetting', 'eva', 'facility', 'fps', 'herding', 'graph_a2'], 'ratios': [0.02], 'selection_seed': 4, 'training_seeds': [4], 'epochs': 1000, 'augment': False, 'smoke_n': 0, 'deterministic': True, 'clean_only': True, 'train_source': 'clean', 'train_corruption': 'pixelate', 'train_severity': 3, 'train_on_corrupted': False}
Pinned GraphCov methods: ['random', 'el2n_top', 'forgetting', 'eva', 'facility', 'fps', 'herding', 'graph_a2']
GraphCov official base commit: 8cf757adc4c333dc1427d511f0de2f246d15ebac
MedMNIST-C commit: 8acfd2710c6e0e8b2745be8b1fa1c17b94b8f8a7
========== tissuemnist ==========
  [Embeddings] Loaded uni from cache: n=165466, dim=1024
  Computing training dynamics (200-epoch training)...
[Training Dynamics] Computing EVA, AUM, Forgetting over 200 epochs...
[EVA] Early window: epochs 1-10
[EVA] Late window: epochs 190-199
    [EVA] Early variance: min=0.000189, max=0.263064, mean=0.069469
    [EVA] Early percentiles [0,25,50,75,90,99,100]: ['0.000189', '0.033263', '0.064852', '0.101345', '0.131789', '0.177037', '0.263064']
    [EVA] Late variance: min=0.000000, max=0.000014, mean=0.000000
    [EVA] Late percentiles [0,25,50,75,90,99,100]: ['0.000000', '0.000000', '0.000000', '0.000000', '0.000000', '0.000001', '0.000014']

[EVA] Score range: [0.000189, 0.263064]
[EVA] Mean: 0.069469, Std: 0.044511
[EVA] Percentiles [0,25,50,75,100]: ['0.0002', '0.0333', '0.0649', '0.1013', '0.2631']

[AUM] Score range: [-0.461344, 0.997741]
[AUM] Mean: 0.457081, Std: 0.267690
[AUM] Percentiles [0,25,50,75,100]: ['-0.4613', '0.2563', '0.4520', '0.6637', '0.9977']
[AUM] Samples with negative avg margin (often wrong): 6510 (3.9%)

[Forgetting] Score range: [0, 50]
[Forgetting] Mean: 22.82, Std: 10.24
[Forgetting] Never forgotten: 1490 (0.9%)
[Forgetting] Forgotten 5+ times: 154417 (93.3%)
  [Facility] execution_device=cpu, cpu_min_class_size=40000
training /mnt/prj01/hgrp-1502-5TB/xuxiaoyu/reliability_medmnistc_ab/table1_clean_only_20260922/formal/tissuemnist/seed_4/results/tissuemnist/random/ratio_0.02/selection_seed_4/train_seed_4/aug_0 n= 3304 budget_per_class= 413
epoch 100/1000
epoch 200/1000
epoch 300/1000
epoch 400/1000
epoch 500/1000
epoch 600/1000
epoch 700/1000
epoch 800/1000
epoch 900/1000
epoch 1000/1000
training /mnt/prj01/hgrp-1502-5TB/xuxiaoyu/reliability_medmnistc_ab/table1_clean_only_20260922/formal/tissuemnist/seed_4/results/tissuemnist/el2n_top/ratio_0.02/selection_seed_4/train_seed_4/aug_0 n= 3304 budget_per_class= 413
epoch 100/1000
epoch 200/1000
epoch 300/1000
epoch 400/1000
epoch 500/1000
epoch 600/1000
epoch 700/1000
epoch 800/1000
epoch 900/1000
epoch 1000/1000
training /mnt/prj01/hgrp-1502-5TB/xuxiaoyu/reliability_medmnistc_ab/table1_clean_only_20260922/formal/tissuemnist/seed_4/results/tissuemnist/forgetting/ratio_0.02/selection_seed_4/train_seed_4/aug_0 n= 3304 budget_per_class= 413
epoch 100/1000
epoch 200/1000
epoch 300/1000
epoch 400/1000
epoch 500/1000
epoch 600/1000
epoch 700/1000
epoch 800/1000
epoch 900/1000
epoch 1000/1000
training /mnt/prj01/hgrp-1502-5TB/xuxiaoyu/reliability_medmnistc_ab/table1_clean_only_20260922/formal/tissuemnist/seed_4/results/tissuemnist/eva/ratio_0.02/selection_seed_4/train_seed_4/aug_0 n= 3304 budget_per_class= 413
epoch 100/1000
epoch 200/1000
epoch 300/1000
epoch 400/1000
epoch 500/1000
epoch 600/1000
epoch 700/1000
epoch 800/1000
epoch 900/1000
epoch 1000/1000
training /mnt/prj01/hgrp-1502-5TB/xuxiaoyu/reliability_medmnistc_ab/table1_clean_only_20260922/formal/tissuemnist/seed_4/results/tissuemnist/facility/ratio_0.02/selection_seed_4/train_seed_4/aug_0 n= 3304 budget_per_class= 413
epoch 100/1000
epoch 200/1000
epoch 300/1000
epoch 400/1000
epoch 500/1000
epoch 600/1000
epoch 700/1000
epoch 800/1000
epoch 900/1000
epoch 1000/1000
training /mnt/prj01/hgrp-1502-5TB/xuxiaoyu/reliability_medmnistc_ab/table1_clean_only_20260922/formal/tissuemnist/seed_4/results/tissuemnist/fps/ratio_0.02/selection_seed_4/train_seed_4/aug_0 n= 3304 budget_per_class= 413
epoch 100/1000
epoch 200/1000
epoch 300/1000
epoch 400/1000
epoch 500/1000
epoch 600/1000
epoch 700/1000
epoch 800/1000
epoch 900/1000
epoch 1000/1000
training /mnt/prj01/hgrp-1502-5TB/xuxiaoyu/reliability_medmnistc_ab/table1_clean_only_20260922/formal/tissuemnist/seed_4/results/tissuemnist/herding/ratio_0.02/selection_seed_4/train_seed_4/aug_0 n= 3304 budget_per_class= 413
epoch 100/1000
epoch 200/1000
epoch 300/1000
epoch 400/1000
epoch 500/1000
epoch 600/1000
epoch 700/1000
epoch 800/1000
epoch 900/1000
epoch 1000/1000
training /mnt/prj01/hgrp-1502-5TB/xuxiaoyu/reliability_medmnistc_ab/table1_clean_only_20260922/formal/tissuemnist/seed_4/results/tissuemnist/graph_a2/ratio_0.02/selection_seed_4/train_seed_4/aug_0 n= 3304 budget_per_class= 413
epoch 100/1000
epoch 200/1000
epoch 300/1000
epoch 400/1000
epoch 500/1000
epoch 600/1000
epoch 700/1000
epoch 800/1000
epoch 900/1000
epoch 1000/1000
consolidated rows: 8 rejected: 0 output: /mnt/prj01/hgrp-1502-5TB/xuxiaoyu/reliability_medmnistc_ab/table1_clean_only_20260922/formal/tissuemnist/seed_4/results
