{'PREP': '/mnt/prj01/hgrp-1502-5TB/xuxiaoyu/reliability_medmnistc_ab/sources/table1_clean_only_20260922', 'DATA_ROOT': '/mnt/prj01/hgrp-1502-5TB/xuxiaoyu/reliability_medmnistc_ab/data/medmnist', 'CORR_ROOT': '/mnt/prj01/hgrp-1502-5TB/xuxiaoyu/reliability_medmnistc_ab/data/medmnistc', 'OUT': '/mnt/prj01/hgrp-1502-5TB/xuxiaoyu/reliability_medmnistc_ab/table1_clean_only_20260922/formal/organsmnist/seed_4/results', 'SELECTION_OUT': '/mnt/prj01/hgrp-1502-5TB/xuxiaoyu/reliability_medmnistc_ab/table1_clean_only_20260922/formal/organsmnist/seed_4/selections', 'device': 'cuda', 'datasets': ['organsmnist'], 'methods': ['random', 'el2n_top', 'forgetting', 'eva', 'facility', 'fps', 'herding', 'graph_a2'], 'ratios': [0.02], 'selection_seed': 4, 'training_seeds': [4], 'epochs': 1000, 'augment': False, 'smoke_n': 0, 'deterministic': True, 'clean_only': True, 'train_source': 'clean', 'train_corruption': 'pixelate', 'train_severity': 3, 'train_on_corrupted': False}
Pinned GraphCov methods: ['random', 'el2n_top', 'forgetting', 'eva', 'facility', 'fps', 'herding', 'graph_a2']
GraphCov official base commit: 8cf757adc4c333dc1427d511f0de2f246d15ebac
MedMNIST-C commit: 8acfd2710c6e0e8b2745be8b1fa1c17b94b8f8a7
========== organsmnist ==========
  [Embeddings] Loaded uni from cache: n=13932, dim=1024
  Computing training dynamics (200-epoch training)...
[Training Dynamics] Computing EVA, AUM, Forgetting over 200 epochs...
[EVA] Early window: epochs 1-10
[EVA] Late window: epochs 190-199
    [EVA] Early variance: min=0.000000, max=0.412701, mean=0.141061
    [EVA] Early percentiles [0,25,50,75,90,99,100]: ['0.000000', '0.103337', '0.139012', '0.178332', '0.220326', '0.304233', '0.412701']
    [EVA] Late variance: min=0.000000, max=0.000000, mean=0.000000
    [EVA] Late percentiles [0,25,50,75,90,99,100]: ['0.000000', '0.000000', '0.000000', '0.000000', '0.000000', '0.000000', '0.000000']

[EVA] Score range: [0.000000, 0.412701]
[EVA] Mean: 0.141061, Std: 0.063630
[EVA] Percentiles [0,25,50,75,100]: ['0.0000', '0.1033', '0.1390', '0.1783', '0.4127']

[AUM] Score range: [0.453070, 0.999752]
[AUM] Mean: 0.955788, Std: 0.063729
[AUM] Percentiles [0,25,50,75,100]: ['0.4531', '0.9522', '0.9784', '0.9893', '0.9998']
[AUM] Samples with negative avg margin (often wrong): 0 (0.0%)

[Forgetting] Score range: [0, 25]
[Forgetting] Mean: 1.61, Std: 3.17
[Forgetting] Never forgotten: 7485 (53.7%)
[Forgetting] Forgotten 5+ times: 1364 (9.8%)
  [Facility] execution_device=cuda, cpu_min_class_size=40000
training /mnt/prj01/hgrp-1502-5TB/xuxiaoyu/reliability_medmnistc_ab/table1_clean_only_20260922/formal/organsmnist/seed_4/results/organsmnist/random/ratio_0.02/selection_seed_4/train_seed_4/aug_0 n= 275 budget_per_class= 25
epoch 100/1000
epoch 200/1000
epoch 300/1000
epoch 400/1000
epoch 500/1000
epoch 600/1000
epoch 700/1000
epoch 800/1000
epoch 900/1000
epoch 1000/1000
training /mnt/prj01/hgrp-1502-5TB/xuxiaoyu/reliability_medmnistc_ab/table1_clean_only_20260922/formal/organsmnist/seed_4/results/organsmnist/el2n_top/ratio_0.02/selection_seed_4/train_seed_4/aug_0 n= 275 budget_per_class= 25
epoch 100/1000
epoch 200/1000
epoch 300/1000
epoch 400/1000
epoch 500/1000
epoch 600/1000
epoch 700/1000
epoch 800/1000
epoch 900/1000
epoch 1000/1000
training /mnt/prj01/hgrp-1502-5TB/xuxiaoyu/reliability_medmnistc_ab/table1_clean_only_20260922/formal/organsmnist/seed_4/results/organsmnist/forgetting/ratio_0.02/selection_seed_4/train_seed_4/aug_0 n= 275 budget_per_class= 25
epoch 100/1000
epoch 200/1000
epoch 300/1000
epoch 400/1000
epoch 500/1000
epoch 600/1000
epoch 700/1000
epoch 800/1000
epoch 900/1000
epoch 1000/1000
training /mnt/prj01/hgrp-1502-5TB/xuxiaoyu/reliability_medmnistc_ab/table1_clean_only_20260922/formal/organsmnist/seed_4/results/organsmnist/eva/ratio_0.02/selection_seed_4/train_seed_4/aug_0 n= 275 budget_per_class= 25
epoch 100/1000
epoch 200/1000
epoch 300/1000
epoch 400/1000
epoch 500/1000
epoch 600/1000
epoch 700/1000
epoch 800/1000
epoch 900/1000
epoch 1000/1000
training /mnt/prj01/hgrp-1502-5TB/xuxiaoyu/reliability_medmnistc_ab/table1_clean_only_20260922/formal/organsmnist/seed_4/results/organsmnist/facility/ratio_0.02/selection_seed_4/train_seed_4/aug_0 n= 275 budget_per_class= 25
epoch 100/1000
epoch 200/1000
epoch 300/1000
epoch 400/1000
epoch 500/1000
epoch 600/1000
epoch 700/1000
epoch 800/1000
epoch 900/1000
epoch 1000/1000
training /mnt/prj01/hgrp-1502-5TB/xuxiaoyu/reliability_medmnistc_ab/table1_clean_only_20260922/formal/organsmnist/seed_4/results/organsmnist/fps/ratio_0.02/selection_seed_4/train_seed_4/aug_0 n= 275 budget_per_class= 25
epoch 100/1000
epoch 200/1000
epoch 300/1000
epoch 400/1000
epoch 500/1000
epoch 600/1000
epoch 700/1000
epoch 800/1000
epoch 900/1000
epoch 1000/1000
training /mnt/prj01/hgrp-1502-5TB/xuxiaoyu/reliability_medmnistc_ab/table1_clean_only_20260922/formal/organsmnist/seed_4/results/organsmnist/herding/ratio_0.02/selection_seed_4/train_seed_4/aug_0 n= 275 budget_per_class= 25
epoch 100/1000
epoch 200/1000
epoch 300/1000
epoch 400/1000
epoch 500/1000
epoch 600/1000
epoch 700/1000
epoch 800/1000
epoch 900/1000
epoch 1000/1000
training /mnt/prj01/hgrp-1502-5TB/xuxiaoyu/reliability_medmnistc_ab/table1_clean_only_20260922/formal/organsmnist/seed_4/results/organsmnist/graph_a2/ratio_0.02/selection_seed_4/train_seed_4/aug_0 n= 275 budget_per_class= 25
epoch 100/1000
epoch 200/1000
epoch 300/1000
epoch 400/1000
epoch 500/1000
epoch 600/1000
epoch 700/1000
epoch 800/1000
epoch 900/1000
epoch 1000/1000
consolidated rows: 8 rejected: 0 output: /mnt/prj01/hgrp-1502-5TB/xuxiaoyu/reliability_medmnistc_ab/table1_clean_only_20260922/formal/organsmnist/seed_4/results
