{'PREP': '/mnt/prj01/hgrp-1502-5TB/xuxiaoyu/reliability_medmnistc_ab/sources/table1_clean_only_20260922', 'DATA_ROOT': '/mnt/prj01/hgrp-1502-5TB/xuxiaoyu/reliability_medmnistc_ab/data/medmnist', 'CORR_ROOT': '/mnt/prj01/hgrp-1502-5TB/xuxiaoyu/reliability_medmnistc_ab/data/medmnistc', 'OUT': '/mnt/prj01/hgrp-1502-5TB/xuxiaoyu/reliability_medmnistc_ab/table1_clean_only_20260922/formal/tissuemnist/seed_1/results', 'SELECTION_OUT': '/mnt/prj01/hgrp-1502-5TB/xuxiaoyu/reliability_medmnistc_ab/table1_clean_only_20260922/formal/tissuemnist/seed_1/selections', 'device': 'cuda', 'datasets': ['tissuemnist'], 'methods': ['random', 'el2n_top', 'forgetting', 'eva', 'facility', 'fps', 'herding', 'graph_a2'], 'ratios': [0.02], 'selection_seed': 1, 'training_seeds': [1], 'epochs': 1000, 'augment': False, 'smoke_n': 0, 'deterministic': True, 'clean_only': True, 'train_source': 'clean', 'train_corruption': 'pixelate', 'train_severity': 3, 'train_on_corrupted': False}
Pinned GraphCov methods: ['random', 'el2n_top', 'forgetting', 'eva', 'facility', 'fps', 'herding', 'graph_a2']
GraphCov official base commit: 8cf757adc4c333dc1427d511f0de2f246d15ebac
MedMNIST-C commit: unknown
========== tissuemnist ==========
  [Embeddings] Loaded uni from cache: n=165466, dim=1024
  Computing training dynamics (200-epoch training)...
[Training Dynamics] Computing EVA, AUM, Forgetting over 200 epochs...
[EVA] Early window: epochs 1-10
[EVA] Late window: epochs 190-199
    [EVA] Early variance: min=0.000079, max=0.314979, mean=0.075577
    [EVA] Early percentiles [0,25,50,75,90,99,100]: ['0.000079', '0.033864', '0.072334', '0.112527', '0.141914', '0.183675', '0.314979']
    [EVA] Late variance: min=0.000000, max=0.000022, mean=0.000000
    [EVA] Late percentiles [0,25,50,75,90,99,100]: ['0.000000', '0.000000', '0.000000', '0.000000', '0.000000', '0.000001', '0.000022']

[EVA] Score range: [0.000079, 0.314979]
[EVA] Mean: 0.075577, Std: 0.048118
[EVA] Percentiles [0,25,50,75,100]: ['0.0001', '0.0339', '0.0723', '0.1125', '0.3150']

[AUM] Score range: [-0.416683, 0.998650]
[AUM] Mean: 0.458579, Std: 0.266328
[AUM] Percentiles [0,25,50,75,100]: ['-0.4167', '0.2594', '0.4547', '0.6632', '0.9986']
[AUM] Samples with negative avg margin (often wrong): 6427 (3.9%)

[Forgetting] Score range: [0, 50]
[Forgetting] Mean: 23.49, Std: 10.43
[Forgetting] Never forgotten: 2470 (1.5%)
[Forgetting] Forgotten 5+ times: 154922 (93.6%)
  [Facility] execution_device=cpu, cpu_min_class_size=40000
training /mnt/prj01/hgrp-1502-5TB/xuxiaoyu/reliability_medmnistc_ab/table1_clean_only_20260922/formal/tissuemnist/seed_1/results/tissuemnist/random/ratio_0.02/selection_seed_1/train_seed_1/aug_0 n= 3304 budget_per_class= 413
epoch 100/1000
epoch 200/1000
epoch 300/1000
epoch 400/1000
epoch 500/1000
epoch 600/1000
epoch 700/1000
epoch 800/1000
epoch 900/1000
epoch 1000/1000
training /mnt/prj01/hgrp-1502-5TB/xuxiaoyu/reliability_medmnistc_ab/table1_clean_only_20260922/formal/tissuemnist/seed_1/results/tissuemnist/el2n_top/ratio_0.02/selection_seed_1/train_seed_1/aug_0 n= 3304 budget_per_class= 413
epoch 100/1000
epoch 200/1000
epoch 300/1000
epoch 400/1000
epoch 500/1000
epoch 600/1000
epoch 700/1000
epoch 800/1000
epoch 900/1000
epoch 1000/1000
training /mnt/prj01/hgrp-1502-5TB/xuxiaoyu/reliability_medmnistc_ab/table1_clean_only_20260922/formal/tissuemnist/seed_1/results/tissuemnist/forgetting/ratio_0.02/selection_seed_1/train_seed_1/aug_0 n= 3304 budget_per_class= 413
epoch 100/1000
epoch 200/1000
epoch 300/1000
epoch 400/1000
epoch 500/1000
epoch 600/1000
epoch 700/1000
epoch 800/1000
epoch 900/1000
epoch 1000/1000
training /mnt/prj01/hgrp-1502-5TB/xuxiaoyu/reliability_medmnistc_ab/table1_clean_only_20260922/formal/tissuemnist/seed_1/results/tissuemnist/eva/ratio_0.02/selection_seed_1/train_seed_1/aug_0 n= 3304 budget_per_class= 413
epoch 100/1000
epoch 200/1000
epoch 300/1000
epoch 400/1000
epoch 500/1000
epoch 600/1000
epoch 700/1000
epoch 800/1000
epoch 900/1000
epoch 1000/1000
training /mnt/prj01/hgrp-1502-5TB/xuxiaoyu/reliability_medmnistc_ab/table1_clean_only_20260922/formal/tissuemnist/seed_1/results/tissuemnist/facility/ratio_0.02/selection_seed_1/train_seed_1/aug_0 n= 3304 budget_per_class= 413
epoch 100/1000
epoch 200/1000
epoch 300/1000
epoch 400/1000
epoch 500/1000
epoch 600/1000
epoch 700/1000
epoch 800/1000
epoch 900/1000
epoch 1000/1000
training /mnt/prj01/hgrp-1502-5TB/xuxiaoyu/reliability_medmnistc_ab/table1_clean_only_20260922/formal/tissuemnist/seed_1/results/tissuemnist/fps/ratio_0.02/selection_seed_1/train_seed_1/aug_0 n= 3304 budget_per_class= 413
epoch 100/1000
epoch 200/1000
epoch 300/1000
epoch 400/1000
epoch 500/1000
epoch 600/1000
epoch 700/1000
epoch 800/1000
epoch 900/1000
epoch 1000/1000
training /mnt/prj01/hgrp-1502-5TB/xuxiaoyu/reliability_medmnistc_ab/table1_clean_only_20260922/formal/tissuemnist/seed_1/results/tissuemnist/herding/ratio_0.02/selection_seed_1/train_seed_1/aug_0 n= 3304 budget_per_class= 413
epoch 100/1000
epoch 200/1000
epoch 300/1000
epoch 400/1000
epoch 500/1000
epoch 600/1000
epoch 700/1000
epoch 800/1000
epoch 900/1000
epoch 1000/1000
training /mnt/prj01/hgrp-1502-5TB/xuxiaoyu/reliability_medmnistc_ab/table1_clean_only_20260922/formal/tissuemnist/seed_1/results/tissuemnist/graph_a2/ratio_0.02/selection_seed_1/train_seed_1/aug_0 n= 3304 budget_per_class= 413
epoch 100/1000
epoch 200/1000
epoch 300/1000
epoch 400/1000
epoch 500/1000
epoch 600/1000
epoch 700/1000
epoch 800/1000
epoch 900/1000
epoch 1000/1000
consolidated rows: 8 rejected: 0 output: /mnt/prj01/hgrp-1502-5TB/xuxiaoyu/reliability_medmnistc_ab/table1_clean_only_20260922/formal/tissuemnist/seed_1/results
