{'PREP': '/mnt/prj01/hgrp-1502-5TB/xuxiaoyu/reliability_medmnistc_ab/sources/table1_clean_only_20260922', 'DATA_ROOT': '/mnt/prj01/hgrp-1502-5TB/xuxiaoyu/reliability_medmnistc_ab/data/medmnist', 'CORR_ROOT': '/mnt/prj01/hgrp-1502-5TB/xuxiaoyu/reliability_medmnistc_ab/data/medmnistc', 'OUT': '/mnt/prj01/hgrp-1502-5TB/xuxiaoyu/reliability_medmnistc_ab/table1_clean_only_20260922/formal/bloodmnist/seed_5/results', 'SELECTION_OUT': '/mnt/prj01/hgrp-1502-5TB/xuxiaoyu/reliability_medmnistc_ab/table1_clean_only_20260922/formal/bloodmnist/seed_5/selections', 'device': 'cuda', 'datasets': ['bloodmnist'], 'methods': ['random', 'el2n_top', 'forgetting', 'eva', 'facility', 'fps', 'herding', 'graph_a2'], 'ratios': [0.02], 'selection_seed': 5, 'training_seeds': [5], 'epochs': 1000, 'augment': False, 'smoke_n': 0, 'deterministic': True, 'clean_only': True, 'train_source': 'clean', 'train_corruption': 'pixelate', 'train_severity': 3, 'train_on_corrupted': False}
Pinned GraphCov methods: ['random', 'el2n_top', 'forgetting', 'eva', 'facility', 'fps', 'herding', 'graph_a2']
GraphCov official base commit: 8cf757adc4c333dc1427d511f0de2f246d15ebac
MedMNIST-C commit: unknown
========== bloodmnist ==========
  [Embeddings] Loaded uni from cache: n=11959, dim=1024
  Computing training dynamics (200-epoch training)...
[Training Dynamics] Computing EVA, AUM, Forgetting over 200 epochs...
[EVA] Early window: epochs 1-10
[EVA] Late window: epochs 190-199
    [EVA] Early variance: min=0.000000, max=0.390955, mean=0.115712
    [EVA] Early percentiles [0,25,50,75,90,99,100]: ['0.000000', '0.063657', '0.116916', '0.158581', '0.216092', '0.315100', '0.390955']
    [EVA] Late variance: min=0.000000, max=0.000001, mean=0.000000
    [EVA] Late percentiles [0,25,50,75,90,99,100]: ['0.000000', '0.000000', '0.000000', '0.000000', '0.000000', '0.000000', '0.000001']

[EVA] Score range: [0.000000, 0.390955]
[EVA] Mean: 0.115712, Std: 0.076120
[EVA] Percentiles [0,25,50,75,100]: ['0.0000', '0.0637', '0.1169', '0.1586', '0.3910']

[AUM] Score range: [0.316782, 0.999965]
[AUM] Mean: 0.918055, Std: 0.095270
[AUM] Percentiles [0,25,50,75,100]: ['0.3168', '0.8714', '0.9617', '0.9899', '1.0000']
[AUM] Samples with negative avg margin (often wrong): 0 (0.0%)

[Forgetting] Score range: [0, 28]
[Forgetting] Mean: 4.38, Std: 5.47
[Forgetting] Never forgotten: 4701 (39.3%)
[Forgetting] Forgotten 5+ times: 4347 (36.3%)
  [Facility] execution_device=cuda, cpu_min_class_size=40000
training /mnt/prj01/hgrp-1502-5TB/xuxiaoyu/reliability_medmnistc_ab/table1_clean_only_20260922/formal/bloodmnist/seed_5/results/bloodmnist/random/ratio_0.02/selection_seed_5/train_seed_5/aug_0 n= 232 budget_per_class= 29
epoch 100/1000
epoch 200/1000
epoch 300/1000
epoch 400/1000
epoch 500/1000
epoch 600/1000
epoch 700/1000
epoch 800/1000
epoch 900/1000
epoch 1000/1000
training /mnt/prj01/hgrp-1502-5TB/xuxiaoyu/reliability_medmnistc_ab/table1_clean_only_20260922/formal/bloodmnist/seed_5/results/bloodmnist/el2n_top/ratio_0.02/selection_seed_5/train_seed_5/aug_0 n= 232 budget_per_class= 29
epoch 100/1000
epoch 200/1000
epoch 300/1000
epoch 400/1000
epoch 500/1000
epoch 600/1000
epoch 700/1000
epoch 800/1000
epoch 900/1000
epoch 1000/1000
training /mnt/prj01/hgrp-1502-5TB/xuxiaoyu/reliability_medmnistc_ab/table1_clean_only_20260922/formal/bloodmnist/seed_5/results/bloodmnist/forgetting/ratio_0.02/selection_seed_5/train_seed_5/aug_0 n= 232 budget_per_class= 29
epoch 100/1000
epoch 200/1000
epoch 300/1000
epoch 400/1000
epoch 500/1000
epoch 600/1000
epoch 700/1000
epoch 800/1000
epoch 900/1000
epoch 1000/1000
training /mnt/prj01/hgrp-1502-5TB/xuxiaoyu/reliability_medmnistc_ab/table1_clean_only_20260922/formal/bloodmnist/seed_5/results/bloodmnist/eva/ratio_0.02/selection_seed_5/train_seed_5/aug_0 n= 232 budget_per_class= 29
epoch 100/1000
epoch 200/1000
epoch 300/1000
epoch 400/1000
epoch 500/1000
epoch 600/1000
epoch 700/1000
epoch 800/1000
epoch 900/1000
epoch 1000/1000
training /mnt/prj01/hgrp-1502-5TB/xuxiaoyu/reliability_medmnistc_ab/table1_clean_only_20260922/formal/bloodmnist/seed_5/results/bloodmnist/facility/ratio_0.02/selection_seed_5/train_seed_5/aug_0 n= 232 budget_per_class= 29
epoch 100/1000
epoch 200/1000
epoch 300/1000
epoch 400/1000
epoch 500/1000
epoch 600/1000
epoch 700/1000
epoch 800/1000
epoch 900/1000
epoch 1000/1000
training /mnt/prj01/hgrp-1502-5TB/xuxiaoyu/reliability_medmnistc_ab/table1_clean_only_20260922/formal/bloodmnist/seed_5/results/bloodmnist/fps/ratio_0.02/selection_seed_5/train_seed_5/aug_0 n= 232 budget_per_class= 29
epoch 100/1000
epoch 200/1000
epoch 300/1000
epoch 400/1000
epoch 500/1000
epoch 600/1000
epoch 700/1000
epoch 800/1000
epoch 900/1000
epoch 1000/1000
training /mnt/prj01/hgrp-1502-5TB/xuxiaoyu/reliability_medmnistc_ab/table1_clean_only_20260922/formal/bloodmnist/seed_5/results/bloodmnist/herding/ratio_0.02/selection_seed_5/train_seed_5/aug_0 n= 232 budget_per_class= 29
epoch 100/1000
epoch 200/1000
epoch 300/1000
epoch 400/1000
epoch 500/1000
epoch 600/1000
epoch 700/1000
epoch 800/1000
epoch 900/1000
epoch 1000/1000
training /mnt/prj01/hgrp-1502-5TB/xuxiaoyu/reliability_medmnistc_ab/table1_clean_only_20260922/formal/bloodmnist/seed_5/results/bloodmnist/graph_a2/ratio_0.02/selection_seed_5/train_seed_5/aug_0 n= 232 budget_per_class= 29
epoch 100/1000
epoch 200/1000
epoch 300/1000
epoch 400/1000
epoch 500/1000
epoch 600/1000
epoch 700/1000
epoch 800/1000
epoch 900/1000
epoch 1000/1000
consolidated rows: 8 rejected: 0 output: /mnt/prj01/hgrp-1502-5TB/xuxiaoyu/reliability_medmnistc_ab/table1_clean_only_20260922/formal/bloodmnist/seed_5/results
