{'PREP': '/mnt/prj01/hgrp-1502-5TB/xuxiaoyu/reliability_medmnistc_ab/sources/table1_clean_only_20260922', 'DATA_ROOT': '/mnt/prj01/hgrp-1502-5TB/xuxiaoyu/reliability_medmnistc_ab/data/medmnist', 'CORR_ROOT': '/mnt/prj01/hgrp-1502-5TB/xuxiaoyu/reliability_medmnistc_ab/data/medmnistc', 'OUT': '/mnt/prj01/hgrp-1502-5TB/xuxiaoyu/reliability_medmnistc_ab/table1_clean_only_20260922/formal/pathmnist/seed_3/results', 'SELECTION_OUT': '/mnt/prj01/hgrp-1502-5TB/xuxiaoyu/reliability_medmnistc_ab/table1_clean_only_20260922/formal/pathmnist/seed_3/selections', 'device': 'cuda', 'datasets': ['pathmnist'], 'methods': ['random', 'el2n_top', 'forgetting', 'eva', 'facility', 'fps', 'herding', 'graph_a2'], 'ratios': [0.02], 'selection_seed': 3, 'training_seeds': [3], 'epochs': 1000, 'augment': False, 'smoke_n': 0, 'deterministic': True, 'clean_only': True, 'train_source': 'clean', 'train_corruption': 'pixelate', 'train_severity': 3, 'train_on_corrupted': False}
Pinned GraphCov methods: ['random', 'el2n_top', 'forgetting', 'eva', 'facility', 'fps', 'herding', 'graph_a2']
GraphCov official base commit: 8cf757adc4c333dc1427d511f0de2f246d15ebac
MedMNIST-C commit: unknown
========== pathmnist ==========
  [Embeddings] Loaded uni from cache: n=89996, dim=1024
  Computing training dynamics (200-epoch training)...
[Training Dynamics] Computing EVA, AUM, Forgetting over 200 epochs...
[EVA] Early window: epochs 1-10
[EVA] Late window: epochs 190-199
    [EVA] Early variance: min=0.000000, max=0.444146, mean=0.145594
    [EVA] Early percentiles [0,25,50,75,90,99,100]: ['0.000000', '0.058761', '0.146284', '0.221521', '0.279456', '0.357426', '0.444146']
    [EVA] Late variance: min=0.000000, max=0.002138, mean=0.000000
    [EVA] Late percentiles [0,25,50,75,90,99,100]: ['0.000000', '0.000000', '0.000000', '0.000000', '0.000000', '0.000000', '0.002138']

[EVA] Score range: [0.000000, 0.444146]
[EVA] Mean: 0.145594, Std: 0.100094
[EVA] Percentiles [0,25,50,75,100]: ['0.0000', '0.0588', '0.1463', '0.2215', '0.4441']

[AUM] Score range: [-0.533460, 0.999780]
[AUM] Mean: 0.769936, Std: 0.200326
[AUM] Percentiles [0,25,50,75,100]: ['-0.5335', '0.6421', '0.8076', '0.9496', '0.9998']
[AUM] Samples with negative avg margin (often wrong): 89 (0.1%)

[Forgetting] Score range: [0, 46]
[Forgetting] Mean: 14.93, Std: 11.90
[Forgetting] Never forgotten: 9742 (10.8%)
[Forgetting] Forgotten 5+ times: 63239 (70.3%)
  [Facility] execution_device=cuda, cpu_min_class_size=40000
training /mnt/prj01/hgrp-1502-5TB/xuxiaoyu/reliability_medmnistc_ab/table1_clean_only_20260922/formal/pathmnist/seed_3/results/pathmnist/random/ratio_0.02/selection_seed_3/train_seed_3/aug_0 n= 1791 budget_per_class= 199
epoch 100/1000
epoch 200/1000
epoch 300/1000
epoch 400/1000
epoch 500/1000
epoch 600/1000
epoch 700/1000
epoch 800/1000
epoch 900/1000
epoch 1000/1000
training /mnt/prj01/hgrp-1502-5TB/xuxiaoyu/reliability_medmnistc_ab/table1_clean_only_20260922/formal/pathmnist/seed_3/results/pathmnist/el2n_top/ratio_0.02/selection_seed_3/train_seed_3/aug_0 n= 1791 budget_per_class= 199
epoch 100/1000
epoch 200/1000
epoch 300/1000
epoch 400/1000
epoch 500/1000
epoch 600/1000
epoch 700/1000
epoch 800/1000
epoch 900/1000
epoch 1000/1000
training /mnt/prj01/hgrp-1502-5TB/xuxiaoyu/reliability_medmnistc_ab/table1_clean_only_20260922/formal/pathmnist/seed_3/results/pathmnist/forgetting/ratio_0.02/selection_seed_3/train_seed_3/aug_0 n= 1791 budget_per_class= 199
epoch 100/1000
epoch 200/1000
epoch 300/1000
epoch 400/1000
epoch 500/1000
epoch 600/1000
epoch 700/1000
epoch 800/1000
epoch 900/1000
epoch 1000/1000
training /mnt/prj01/hgrp-1502-5TB/xuxiaoyu/reliability_medmnistc_ab/table1_clean_only_20260922/formal/pathmnist/seed_3/results/pathmnist/eva/ratio_0.02/selection_seed_3/train_seed_3/aug_0 n= 1791 budget_per_class= 199
epoch 100/1000
epoch 200/1000
epoch 300/1000
epoch 400/1000
epoch 500/1000
epoch 600/1000
epoch 700/1000
epoch 800/1000
epoch 900/1000
epoch 1000/1000
training /mnt/prj01/hgrp-1502-5TB/xuxiaoyu/reliability_medmnistc_ab/table1_clean_only_20260922/formal/pathmnist/seed_3/results/pathmnist/facility/ratio_0.02/selection_seed_3/train_seed_3/aug_0 n= 1791 budget_per_class= 199
epoch 100/1000
epoch 200/1000
epoch 300/1000
epoch 400/1000
epoch 500/1000
epoch 600/1000
epoch 700/1000
epoch 800/1000
epoch 900/1000
epoch 1000/1000
training /mnt/prj01/hgrp-1502-5TB/xuxiaoyu/reliability_medmnistc_ab/table1_clean_only_20260922/formal/pathmnist/seed_3/results/pathmnist/fps/ratio_0.02/selection_seed_3/train_seed_3/aug_0 n= 1791 budget_per_class= 199
epoch 100/1000
epoch 200/1000
epoch 300/1000
epoch 400/1000
epoch 500/1000
epoch 600/1000
epoch 700/1000
epoch 800/1000
epoch 900/1000
epoch 1000/1000
training /mnt/prj01/hgrp-1502-5TB/xuxiaoyu/reliability_medmnistc_ab/table1_clean_only_20260922/formal/pathmnist/seed_3/results/pathmnist/herding/ratio_0.02/selection_seed_3/train_seed_3/aug_0 n= 1791 budget_per_class= 199
epoch 100/1000
epoch 200/1000
epoch 300/1000
epoch 400/1000
epoch 500/1000
epoch 600/1000
epoch 700/1000
epoch 800/1000
epoch 900/1000
epoch 1000/1000
training /mnt/prj01/hgrp-1502-5TB/xuxiaoyu/reliability_medmnistc_ab/table1_clean_only_20260922/formal/pathmnist/seed_3/results/pathmnist/graph_a2/ratio_0.02/selection_seed_3/train_seed_3/aug_0 n= 1791 budget_per_class= 199
epoch 100/1000
epoch 200/1000
epoch 300/1000
epoch 400/1000
epoch 500/1000
epoch 600/1000
epoch 700/1000
epoch 800/1000
epoch 900/1000
epoch 1000/1000
consolidated rows: 8 rejected: 0 output: /mnt/prj01/hgrp-1502-5TB/xuxiaoyu/reliability_medmnistc_ab/table1_clean_only_20260922/formal/pathmnist/seed_3/results
