{'PREP': '/mnt/prj01/hgrp-1502-5TB/xuxiaoyu/reliability_medmnistc_ab/sources/table1_clean_only_20260922', 'DATA_ROOT': '/mnt/prj01/hgrp-1502-5TB/xuxiaoyu/reliability_medmnistc_ab/data/medmnist', 'CORR_ROOT': '/mnt/prj01/hgrp-1502-5TB/xuxiaoyu/reliability_medmnistc_ab/data/medmnistc', 'OUT': '/mnt/prj01/hgrp-1502-5TB/xuxiaoyu/reliability_medmnistc_ab/table1_clean_only_20260922/formal/bloodmnist/seed_6/results', 'SELECTION_OUT': '/mnt/prj01/hgrp-1502-5TB/xuxiaoyu/reliability_medmnistc_ab/table1_clean_only_20260922/formal/bloodmnist/seed_6/selections', 'device': 'cuda', 'datasets': ['bloodmnist'], 'methods': ['random', 'el2n_top', 'forgetting', 'eva', 'facility', 'fps', 'herding', 'graph_a2'], 'ratios': [0.02], 'selection_seed': 6, 'training_seeds': [6], 'epochs': 1000, 'augment': False, 'smoke_n': 0, 'deterministic': True, 'clean_only': True, 'train_source': 'clean', 'train_corruption': 'pixelate', 'train_severity': 3, 'train_on_corrupted': False}
Pinned GraphCov methods: ['random', 'el2n_top', 'forgetting', 'eva', 'facility', 'fps', 'herding', 'graph_a2']
GraphCov official base commit: 8cf757adc4c333dc1427d511f0de2f246d15ebac
MedMNIST-C commit: 8acfd2710c6e0e8b2745be8b1fa1c17b94b8f8a7
========== bloodmnist ==========
  [Embeddings] Loaded uni from cache: n=11959, dim=1024
  Computing training dynamics (200-epoch training)...
[Training Dynamics] Computing EVA, AUM, Forgetting over 200 epochs...
[EVA] Early window: epochs 1-10
[EVA] Late window: epochs 190-199
    [EVA] Early variance: min=0.000000, max=0.428972, mean=0.162170
    [EVA] Early percentiles [0,25,50,75,90,99,100]: ['0.000000', '0.137777', '0.167018', '0.190576', '0.246674', '0.339375', '0.428972']
    [EVA] Late variance: min=0.000000, max=0.000001, mean=0.000000
    [EVA] Late percentiles [0,25,50,75,90,99,100]: ['0.000000', '0.000000', '0.000000', '0.000000', '0.000000', '0.000000', '0.000001']

[EVA] Score range: [0.000000, 0.428972]
[EVA] Mean: 0.162170, Std: 0.070685
[EVA] Percentiles [0,25,50,75,100]: ['0.0000', '0.1378', '0.1670', '0.1906', '0.4290']

[AUM] Score range: [0.314169, 0.999891]
[AUM] Mean: 0.912231, Std: 0.100322
[AUM] Percentiles [0,25,50,75,100]: ['0.3142', '0.8574', '0.9606', '0.9892', '0.9999']
[AUM] Samples with negative avg margin (often wrong): 0 (0.0%)

[Forgetting] Score range: [0, 25]
[Forgetting] Mean: 4.76, Std: 5.91
[Forgetting] Never forgotten: 4977 (41.6%)
[Forgetting] Forgotten 5+ times: 4597 (38.4%)
  [Facility] execution_device=cuda, cpu_min_class_size=40000
training /mnt/prj01/hgrp-1502-5TB/xuxiaoyu/reliability_medmnistc_ab/table1_clean_only_20260922/formal/bloodmnist/seed_6/results/bloodmnist/random/ratio_0.02/selection_seed_6/train_seed_6/aug_0 n= 232 budget_per_class= 29
epoch 100/1000
epoch 200/1000
epoch 300/1000
epoch 400/1000
epoch 500/1000
epoch 600/1000
epoch 700/1000
epoch 800/1000
epoch 900/1000
epoch 1000/1000
training /mnt/prj01/hgrp-1502-5TB/xuxiaoyu/reliability_medmnistc_ab/table1_clean_only_20260922/formal/bloodmnist/seed_6/results/bloodmnist/el2n_top/ratio_0.02/selection_seed_6/train_seed_6/aug_0 n= 232 budget_per_class= 29
epoch 100/1000
epoch 200/1000
epoch 300/1000
epoch 400/1000
epoch 500/1000
epoch 600/1000
epoch 700/1000
epoch 800/1000
epoch 900/1000
epoch 1000/1000
training /mnt/prj01/hgrp-1502-5TB/xuxiaoyu/reliability_medmnistc_ab/table1_clean_only_20260922/formal/bloodmnist/seed_6/results/bloodmnist/forgetting/ratio_0.02/selection_seed_6/train_seed_6/aug_0 n= 232 budget_per_class= 29
epoch 100/1000
epoch 200/1000
epoch 300/1000
epoch 400/1000
epoch 500/1000
epoch 600/1000
epoch 700/1000
epoch 800/1000
epoch 900/1000
epoch 1000/1000
training /mnt/prj01/hgrp-1502-5TB/xuxiaoyu/reliability_medmnistc_ab/table1_clean_only_20260922/formal/bloodmnist/seed_6/results/bloodmnist/eva/ratio_0.02/selection_seed_6/train_seed_6/aug_0 n= 232 budget_per_class= 29
epoch 100/1000
epoch 200/1000
epoch 300/1000
epoch 400/1000
epoch 500/1000
epoch 600/1000
epoch 700/1000
epoch 800/1000
epoch 900/1000
epoch 1000/1000
training /mnt/prj01/hgrp-1502-5TB/xuxiaoyu/reliability_medmnistc_ab/table1_clean_only_20260922/formal/bloodmnist/seed_6/results/bloodmnist/facility/ratio_0.02/selection_seed_6/train_seed_6/aug_0 n= 232 budget_per_class= 29
epoch 100/1000
epoch 200/1000
epoch 300/1000
epoch 400/1000
epoch 500/1000
epoch 600/1000
epoch 700/1000
epoch 800/1000
epoch 900/1000
epoch 1000/1000
training /mnt/prj01/hgrp-1502-5TB/xuxiaoyu/reliability_medmnistc_ab/table1_clean_only_20260922/formal/bloodmnist/seed_6/results/bloodmnist/fps/ratio_0.02/selection_seed_6/train_seed_6/aug_0 n= 232 budget_per_class= 29
epoch 100/1000
epoch 200/1000
epoch 300/1000
epoch 400/1000
epoch 500/1000
epoch 600/1000
epoch 700/1000
epoch 800/1000
epoch 900/1000
epoch 1000/1000
training /mnt/prj01/hgrp-1502-5TB/xuxiaoyu/reliability_medmnistc_ab/table1_clean_only_20260922/formal/bloodmnist/seed_6/results/bloodmnist/herding/ratio_0.02/selection_seed_6/train_seed_6/aug_0 n= 232 budget_per_class= 29
epoch 100/1000
epoch 200/1000
epoch 300/1000
epoch 400/1000
epoch 500/1000
epoch 600/1000
epoch 700/1000
epoch 800/1000
epoch 900/1000
epoch 1000/1000
training /mnt/prj01/hgrp-1502-5TB/xuxiaoyu/reliability_medmnistc_ab/table1_clean_only_20260922/formal/bloodmnist/seed_6/results/bloodmnist/graph_a2/ratio_0.02/selection_seed_6/train_seed_6/aug_0 n= 232 budget_per_class= 29
epoch 100/1000
epoch 200/1000
epoch 300/1000
epoch 400/1000
epoch 500/1000
epoch 600/1000
epoch 700/1000
epoch 800/1000
epoch 900/1000
epoch 1000/1000
consolidated rows: 8 rejected: 0 output: /mnt/prj01/hgrp-1502-5TB/xuxiaoyu/reliability_medmnistc_ab/table1_clean_only_20260922/formal/bloodmnist/seed_6/results
