{'PREP': '/mnt/prj01/hgrp-1502-5TB/xuxiaoyu/reliability_medmnistc_ab/sources/table1_clean_only_20260922', 'DATA_ROOT': '/mnt/prj01/hgrp-1502-5TB/xuxiaoyu/reliability_medmnistc_ab/data/medmnist', 'CORR_ROOT': '/mnt/prj01/hgrp-1502-5TB/xuxiaoyu/reliability_medmnistc_ab/data/medmnistc', 'OUT': '/mnt/prj01/hgrp-1502-5TB/xuxiaoyu/reliability_medmnistc_ab/table1_clean_only_5pct_20260922/smoke/tissuemnist/seed_0/results', 'SELECTION_OUT': '/mnt/prj01/hgrp-1502-5TB/xuxiaoyu/reliability_medmnistc_ab/table1_clean_only_5pct_20260922/smoke/tissuemnist/seed_0/selections', 'device': 'cuda', 'datasets': ['tissuemnist'], 'methods': ['random', 'el2n_top', 'forgetting', 'eva', 'facility', 'fps', 'herding', 'graph_a2'], 'ratios': [0.05], 'selection_seed': 0, 'training_seeds': [0], 'epochs': 1, 'augment': False, 'smoke_n': 8192, 'deterministic': True, 'clean_only': True, 'train_source': 'clean', 'train_corruption': 'pixelate', 'train_severity': 3, 'train_on_corrupted': False}
Pinned GraphCov methods: ['random', 'el2n_top', 'forgetting', 'eva', 'facility', 'fps', 'herding', 'graph_a2']
GraphCov official base commit: 8cf757adc4c333dc1427d511f0de2f246d15ebac
MedMNIST-C commit: unknown
========== tissuemnist ==========
  [Embeddings] Loaded uni from cache: n=8192, dim=1024
  [Dynamics] Loaded raw training dynamics from cache: tissuemnist_train_dynamics_28_e20_s0.npz
  [Facility] execution_device=cuda, cpu_min_class_size=40000
training /mnt/prj01/hgrp-1502-5TB/xuxiaoyu/reliability_medmnistc_ab/table1_clean_only_5pct_20260922/smoke/tissuemnist/seed_0/results/tissuemnist/random/ratio_0.05/selection_seed_0/train_seed_0/aug_0 n= 408 budget_per_class= 51
epoch 1/1
training /mnt/prj01/hgrp-1502-5TB/xuxiaoyu/reliability_medmnistc_ab/table1_clean_only_5pct_20260922/smoke/tissuemnist/seed_0/results/tissuemnist/el2n_top/ratio_0.05/selection_seed_0/train_seed_0/aug_0 n= 408 budget_per_class= 51
epoch 1/1
training /mnt/prj01/hgrp-1502-5TB/xuxiaoyu/reliability_medmnistc_ab/table1_clean_only_5pct_20260922/smoke/tissuemnist/seed_0/results/tissuemnist/forgetting/ratio_0.05/selection_seed_0/train_seed_0/aug_0 n= 408 budget_per_class= 51
epoch 1/1
training /mnt/prj01/hgrp-1502-5TB/xuxiaoyu/reliability_medmnistc_ab/table1_clean_only_5pct_20260922/smoke/tissuemnist/seed_0/results/tissuemnist/eva/ratio_0.05/selection_seed_0/train_seed_0/aug_0 n= 408 budget_per_class= 51
epoch 1/1
training /mnt/prj01/hgrp-1502-5TB/xuxiaoyu/reliability_medmnistc_ab/table1_clean_only_5pct_20260922/smoke/tissuemnist/seed_0/results/tissuemnist/facility/ratio_0.05/selection_seed_0/train_seed_0/aug_0 n= 408 budget_per_class= 51
epoch 1/1
training /mnt/prj01/hgrp-1502-5TB/xuxiaoyu/reliability_medmnistc_ab/table1_clean_only_5pct_20260922/smoke/tissuemnist/seed_0/results/tissuemnist/fps/ratio_0.05/selection_seed_0/train_seed_0/aug_0 n= 408 budget_per_class= 51
epoch 1/1
training /mnt/prj01/hgrp-1502-5TB/xuxiaoyu/reliability_medmnistc_ab/table1_clean_only_5pct_20260922/smoke/tissuemnist/seed_0/results/tissuemnist/herding/ratio_0.05/selection_seed_0/train_seed_0/aug_0 n= 408 budget_per_class= 51
epoch 1/1
training /mnt/prj01/hgrp-1502-5TB/xuxiaoyu/reliability_medmnistc_ab/table1_clean_only_5pct_20260922/smoke/tissuemnist/seed_0/results/tissuemnist/graph_a2/ratio_0.05/selection_seed_0/train_seed_0/aug_0 n= 408 budget_per_class= 51
epoch 1/1
