host=hpcgpu107.ln.edu.hk user=qiangzeng shard=1/3 task=0/5
worklist=350 cells  stride=15 offset=5  ngpu=2
exp_root=/mnt/prj01/hgrp-1502-5TB/tdgs_shared/runs/table1_s4246_20260928
sel_dir=/mnt/prj01/hgrp-1502-5TB/tdgs_shared/runs/table1_s4246_20260928/sel
start=2026-09-28T13:36:16+08:00
0, NVIDIA A100 80GB PCIe, 81920 MiB
1, NVIDIA A100 80GB PCIe, 81920 MiB
2, NVIDIA A100 80GB PCIe, 81920 MiB
3, NVIDIA A100 80GB PCIe, 81920 MiB
this job owns 23 cells
[gpu1] FAIL rc=1 pathmnist r0.02 facility s42
[gpu0] FAIL rc=1 pathmnist r0.02 el2n_top s42
/mnt/prj01/hgrp-1502-5TB/tdgs_shared/code/t1_run_one.sh: line 59: /mnt/prj01/hgrp-1502-5TB/tdgs_shared/runs/table1_s4246_20260928/formal/pathmnist/seed_42/config_facility_r0.02.yaml: No such file or directory
/mnt/prj01/hgrp-1502-5TB/tdgs_shared/code/t1_run_one.sh: line 59: /mnt/prj01/hgrp-1502-5TB/tdgs_shared/runs/table1_s4246_20260928/formal/pathmnist/seed_42/config_el2n_top_r0.02.yaml: No such file or directory
[gpu0] FAIL rc=1 pathmnist r0.02 random s43
[gpu1] FAIL rc=1 pathmnist r0.02 eva s43
/mnt/prj01/hgrp-1502-5TB/tdgs_shared/code/t1_run_one.sh: line 59: /mnt/prj01/hgrp-1502-5TB/tdgs_shared/runs/table1_s4246_20260928/formal/pathmnist/seed_43/config_random_r0.02.yaml: No such file or directory
/mnt/prj01/hgrp-1502-5TB/tdgs_shared/code/t1_run_one.sh: line 59: /mnt/prj01/hgrp-1502-5TB/tdgs_shared/runs/table1_s4246_20260928/formal/pathmnist/seed_43/config_eva_r0.02.yaml: No such file or directory
[gpu0] FAIL rc=1 pathmnist r0.02 herding s43
[gpu1] FAIL rc=1 pathmnist r0.02 forgetting s44
/mnt/prj01/hgrp-1502-5TB/tdgs_shared/code/t1_run_one.sh: line 59: /mnt/prj01/hgrp-1502-5TB/tdgs_shared/runs/table1_s4246_20260928/formal/pathmnist/seed_43/config_herding_r0.02.yaml: No such file or directory
/mnt/prj01/hgrp-1502-5TB/tdgs_shared/code/t1_run_one.sh: line 59: /mnt/prj01/hgrp-1502-5TB/tdgs_shared/runs/table1_s4246_20260928/formal/pathmnist/seed_44/config_forgetting_r0.02.yaml: No such file or directory
[gpu0] FAIL rc=1 pathmnist r0.02 fps s44
[gpu1] FAIL rc=1 pathmnist r0.02 el2n_top s45
/mnt/prj01/hgrp-1502-5TB/tdgs_shared/code/t1_run_one.sh: line 59: /mnt/prj01/hgrp-1502-5TB/tdgs_shared/runs/table1_s4246_20260928/formal/pathmnist/seed_45/config_el2n_top_r0.02.yaml: No such file or directory
/mnt/prj01/hgrp-1502-5TB/tdgs_shared/code/t1_run_one.sh: line 59: /mnt/prj01/hgrp-1502-5TB/tdgs_shared/runs/table1_s4246_20260928/formal/pathmnist/seed_44/config_fps_r0.02.yaml: No such file or directory
[gpu0] FAIL rc=1 pathmnist r0.02 facility s45
[gpu1] FAIL rc=1 pathmnist r0.02 random s46
/mnt/prj01/hgrp-1502-5TB/tdgs_shared/code/t1_run_one.sh: line 59: /mnt/prj01/hgrp-1502-5TB/tdgs_shared/runs/table1_s4246_20260928/formal/pathmnist/seed_45/config_facility_r0.02.yaml: No such file or directory
/mnt/prj01/hgrp-1502-5TB/tdgs_shared/code/t1_run_one.sh: line 59: /mnt/prj01/hgrp-1502-5TB/tdgs_shared/runs/table1_s4246_20260928/formal/pathmnist/seed_46/config_random_r0.02.yaml: No such file or directory
[gpu1] FAIL rc=1 pathmnist r0.02 herding s46
[gpu0] FAIL rc=1 pathmnist r0.02 eva s46
/mnt/prj01/hgrp-1502-5TB/tdgs_shared/code/t1_run_one.sh: line 59: /mnt/prj01/hgrp-1502-5TB/tdgs_shared/runs/table1_s4246_20260928/formal/pathmnist/seed_46/config_eva_r0.02.yaml: No such file or directory
/mnt/prj01/hgrp-1502-5TB/tdgs_shared/code/t1_run_one.sh: line 59: /mnt/prj01/hgrp-1502-5TB/tdgs_shared/runs/table1_s4246_20260928/formal/pathmnist/seed_46/config_herding_r0.02.yaml: No such file or directory
[gpu0] FAIL rc=1 pathmnist r0.05 forgetting s42
[gpu1] FAIL rc=1 pathmnist r0.05 fps s42
/mnt/prj01/hgrp-1502-5TB/tdgs_shared/code/t1_run_one.sh: line 59: /mnt/prj01/hgrp-1502-5TB/tdgs_shared/runs/table1_s4246_20260928/formal/pathmnist/seed_42/config_fps_r0.05.yaml: No such file or directory
/mnt/prj01/hgrp-1502-5TB/tdgs_shared/code/t1_run_one.sh: line 59: /mnt/prj01/hgrp-1502-5TB/tdgs_shared/runs/table1_s4246_20260928/formal/pathmnist/seed_42/config_forgetting_r0.05.yaml: No such file or directory
[gpu0] FAIL rc=1 pathmnist r0.05 el2n_top s43
[gpu1] FAIL rc=1 pathmnist r0.05 facility s43
/mnt/prj01/hgrp-1502-5TB/tdgs_shared/code/t1_run_one.sh: line 59: /mnt/prj01/hgrp-1502-5TB/tdgs_shared/runs/table1_s4246_20260928/formal/pathmnist/seed_43/config_facility_r0.05.yaml: No such file or directory
/mnt/prj01/hgrp-1502-5TB/tdgs_shared/code/t1_run_one.sh: line 59: /mnt/prj01/hgrp-1502-5TB/tdgs_shared/runs/table1_s4246_20260928/formal/pathmnist/seed_43/config_el2n_top_r0.05.yaml: No such file or directory
[gpu0] FAIL rc=1 pathmnist r0.05 random s44
[gpu1] FAIL rc=1 pathmnist r0.05 eva s44
/mnt/prj01/hgrp-1502-5TB/tdgs_shared/code/t1_run_one.sh: line 59: /mnt/prj01/hgrp-1502-5TB/tdgs_shared/runs/table1_s4246_20260928/formal/pathmnist/seed_44/config_random_r0.05.yaml: No such file or directory
/mnt/prj01/hgrp-1502-5TB/tdgs_shared/code/t1_run_one.sh: line 59: /mnt/prj01/hgrp-1502-5TB/tdgs_shared/runs/table1_s4246_20260928/formal/pathmnist/seed_44/config_eva_r0.05.yaml: No such file or directory
[gpu1] FAIL rc=1 pathmnist r0.05 forgetting s45
[gpu0] FAIL rc=1 pathmnist r0.05 herding s44
/mnt/prj01/hgrp-1502-5TB/tdgs_shared/code/t1_run_one.sh: line 59: /mnt/prj01/hgrp-1502-5TB/tdgs_shared/runs/table1_s4246_20260928/formal/pathmnist/seed_44/config_herding_r0.05.yaml: No such file or directory
/mnt/prj01/hgrp-1502-5TB/tdgs_shared/code/t1_run_one.sh: line 59: /mnt/prj01/hgrp-1502-5TB/tdgs_shared/runs/table1_s4246_20260928/formal/pathmnist/seed_45/config_forgetting_r0.05.yaml: No such file or directory
[gpu1] FAIL rc=1 pathmnist r0.05 el2n_top s46
[gpu0] FAIL rc=1 pathmnist r0.05 fps s45
/mnt/prj01/hgrp-1502-5TB/tdgs_shared/code/t1_run_one.sh: line 59: /mnt/prj01/hgrp-1502-5TB/tdgs_shared/runs/table1_s4246_20260928/formal/pathmnist/seed_45/config_fps_r0.05.yaml: No such file or directory
/mnt/prj01/hgrp-1502-5TB/tdgs_shared/code/t1_run_one.sh: line 59: /mnt/prj01/hgrp-1502-5TB/tdgs_shared/runs/table1_s4246_20260928/formal/pathmnist/seed_46/config_el2n_top_r0.05.yaml: No such file or directory
[gpu1] finished: ok=0 skip=0 fail=11
[gpu0] FAIL rc=1 pathmnist r0.05 facility s46
/mnt/prj01/hgrp-1502-5TB/tdgs_shared/code/t1_run_one.sh: line 59: /mnt/prj01/hgrp-1502-5TB/tdgs_shared/runs/table1_s4246_20260928/formal/pathmnist/seed_46/config_facility_r0.05.yaml: No such file or directory
[gpu0] finished: ok=0 skip=0 fail=12
shard=1 task=0 done=2026-09-28T13:36:16+08:00
