account=qiangzeng method=forgetting config=/home/qiangzeng/prj_qiangzeng/graph-coverage-selection-medmnistc-reliability-clean-repair-20260920/reliability_medmnistc/configs/multiseed_qiangzeng/forgetting.yaml
training_seeds=42,43,44,45,46 base_out=/home/qiangzeng/prj_qiangzeng/three_arm_multiseed_20260920_qiangzeng
3.11.9 | packaged by conda-forge | (main, Apr 19 2024, 18:36:13) [GCC 12.3.0]
torch 2.5.1 cuda 12.1 available True
torchvision 0.20.1 medmnist 3.0.1
begin arm=clean method=forgetting train_source=clean train_on_corrupted=0
{'PREP': '/home/qiangzeng/prj_qiangzeng/graph-coverage-selection-medmnistc-reliability-clean-repair-20260920', 'DATA_ROOT': '/mnt/prj01/hgrp-1502-5TB/xuxiaoyu/reliability_medmnistc_ab/data/medmnist', 'CORR_ROOT': '/mnt/prj01/hgrp-1502-5TB/xuxiaoyu/reliability_medmnistc_ab/data/medmnistc', 'OUT': '/home/qiangzeng/prj_qiangzeng/three_arm_multiseed_20260920_qiangzeng/clean_selection_clean_train/forgetting', 'SELECTION_OUT': '/mnt/prj01/hgrp-1502-5TB/xuxiaoyu/reliability_medmnistc_ab/formal_runs/single_seed_sel42_train42_20260915/selections', 'device': 'cuda', 'datasets': ['organsmnist', 'organamnist', 'pathmnist', 'tissuemnist', 'bloodmnist'], 'methods': ['forgetting'], 'ratios': [0.02], 'selection_seed': 42, 'training_seeds': [42, 43, 44, 45, 46], 'epochs': 1000, 'augment': False, 'smoke_n': 0, 'train_source': 'clean', 'train_corruption': 'pixelate', 'train_severity': 3, 'train_on_corrupted': False}
Pinned GraphCov methods: ['forgetting']
GraphCov official base commit: 8cf757adc4c333dc1427d511f0de2f246d15ebac
MedMNIST-C commit: unknown
========== organsmnist ==========
training /home/qiangzeng/prj_qiangzeng/three_arm_multiseed_20260920_qiangzeng/clean_selection_clean_train/forgetting/organsmnist/forgetting/ratio_0.02/selection_seed_42/train_seed_42/aug_0 n= 275 budget_per_class= 25
epoch 100/1000
epoch 200/1000
epoch 300/1000
epoch 400/1000
epoch 500/1000
epoch 600/1000
epoch 700/1000
epoch 800/1000
epoch 900/1000
epoch 1000/1000
training /home/qiangzeng/prj_qiangzeng/three_arm_multiseed_20260920_qiangzeng/clean_selection_clean_train/forgetting/organsmnist/forgetting/ratio_0.02/selection_seed_42/train_seed_43/aug_0 n= 275 budget_per_class= 25
epoch 100/1000
epoch 200/1000
epoch 300/1000
epoch 400/1000
epoch 500/1000
epoch 600/1000
epoch 700/1000
epoch 800/1000
epoch 900/1000
epoch 1000/1000
training /home/qiangzeng/prj_qiangzeng/three_arm_multiseed_20260920_qiangzeng/clean_selection_clean_train/forgetting/organsmnist/forgetting/ratio_0.02/selection_seed_42/train_seed_44/aug_0 n= 275 budget_per_class= 25
epoch 100/1000
epoch 200/1000
epoch 300/1000
epoch 400/1000
epoch 500/1000
epoch 600/1000
epoch 700/1000
epoch 800/1000
epoch 900/1000
epoch 1000/1000
training /home/qiangzeng/prj_qiangzeng/three_arm_multiseed_20260920_qiangzeng/clean_selection_clean_train/forgetting/organsmnist/forgetting/ratio_0.02/selection_seed_42/train_seed_45/aug_0 n= 275 budget_per_class= 25
epoch 100/1000
epoch 200/1000
epoch 300/1000
epoch 400/1000
epoch 500/1000
epoch 600/1000
epoch 700/1000
epoch 800/1000
epoch 900/1000
epoch 1000/1000
training /home/qiangzeng/prj_qiangzeng/three_arm_multiseed_20260920_qiangzeng/clean_selection_clean_train/forgetting/organsmnist/forgetting/ratio_0.02/selection_seed_42/train_seed_46/aug_0 n= 275 budget_per_class= 25
epoch 100/1000
epoch 200/1000
epoch 300/1000
epoch 400/1000
epoch 500/1000
epoch 600/1000
epoch 700/1000
epoch 800/1000
epoch 900/1000
epoch 1000/1000
========== organamnist ==========
training /home/qiangzeng/prj_qiangzeng/three_arm_multiseed_20260920_qiangzeng/clean_selection_clean_train/forgetting/organamnist/forgetting/ratio_0.02/selection_seed_42/train_seed_42/aug_0 n= 682 budget_per_class= 62
epoch 100/1000
epoch 200/1000
epoch 300/1000
epoch 400/1000
epoch 500/1000
epoch 600/1000
epoch 700/1000
epoch 800/1000
epoch 900/1000
epoch 1000/1000
training /home/qiangzeng/prj_qiangzeng/three_arm_multiseed_20260920_qiangzeng/clean_selection_clean_train/forgetting/organamnist/forgetting/ratio_0.02/selection_seed_42/train_seed_43/aug_0 n= 682 budget_per_class= 62
epoch 100/1000
epoch 200/1000
epoch 300/1000
epoch 400/1000
epoch 500/1000
epoch 600/1000
epoch 700/1000
epoch 800/1000
epoch 900/1000
epoch 1000/1000
training /home/qiangzeng/prj_qiangzeng/three_arm_multiseed_20260920_qiangzeng/clean_selection_clean_train/forgetting/organamnist/forgetting/ratio_0.02/selection_seed_42/train_seed_44/aug_0 n= 682 budget_per_class= 62
epoch 100/1000
epoch 200/1000
epoch 300/1000
epoch 400/1000
epoch 500/1000
epoch 600/1000
epoch 700/1000
epoch 800/1000
epoch 900/1000
epoch 1000/1000
training /home/qiangzeng/prj_qiangzeng/three_arm_multiseed_20260920_qiangzeng/clean_selection_clean_train/forgetting/organamnist/forgetting/ratio_0.02/selection_seed_42/train_seed_45/aug_0 n= 682 budget_per_class= 62
epoch 100/1000
epoch 200/1000
epoch 300/1000
epoch 400/1000
epoch 500/1000
epoch 600/1000
epoch 700/1000
epoch 800/1000
epoch 900/1000
epoch 1000/1000
training /home/qiangzeng/prj_qiangzeng/three_arm_multiseed_20260920_qiangzeng/clean_selection_clean_train/forgetting/organamnist/forgetting/ratio_0.02/selection_seed_42/train_seed_46/aug_0 n= 682 budget_per_class= 62
epoch 100/1000
epoch 200/1000
epoch 300/1000
epoch 400/1000
epoch 500/1000
epoch 600/1000
epoch 700/1000
epoch 800/1000
epoch 900/1000
epoch 1000/1000
========== pathmnist ==========
training /home/qiangzeng/prj_qiangzeng/three_arm_multiseed_20260920_qiangzeng/clean_selection_clean_train/forgetting/pathmnist/forgetting/ratio_0.02/selection_seed_42/train_seed_42/aug_0 n= 1791 budget_per_class= 199
epoch 100/1000
epoch 200/1000
epoch 300/1000
epoch 400/1000
epoch 500/1000
epoch 600/1000
epoch 700/1000
epoch 800/1000
epoch 900/1000
epoch 1000/1000
training /home/qiangzeng/prj_qiangzeng/three_arm_multiseed_20260920_qiangzeng/clean_selection_clean_train/forgetting/pathmnist/forgetting/ratio_0.02/selection_seed_42/train_seed_43/aug_0 n= 1791 budget_per_class= 199
epoch 100/1000
epoch 200/1000
epoch 300/1000
epoch 400/1000
epoch 500/1000
epoch 600/1000
epoch 700/1000
epoch 800/1000
epoch 900/1000
epoch 1000/1000
training /home/qiangzeng/prj_qiangzeng/three_arm_multiseed_20260920_qiangzeng/clean_selection_clean_train/forgetting/pathmnist/forgetting/ratio_0.02/selection_seed_42/train_seed_44/aug_0 n= 1791 budget_per_class= 199
epoch 100/1000
epoch 200/1000
epoch 300/1000
epoch 400/1000
epoch 500/1000
epoch 600/1000
epoch 700/1000
epoch 800/1000
epoch 900/1000
epoch 1000/1000
training /home/qiangzeng/prj_qiangzeng/three_arm_multiseed_20260920_qiangzeng/clean_selection_clean_train/forgetting/pathmnist/forgetting/ratio_0.02/selection_seed_42/train_seed_45/aug_0 n= 1791 budget_per_class= 199
epoch 100/1000
epoch 200/1000
epoch 300/1000
epoch 400/1000
epoch 500/1000
epoch 600/1000
epoch 700/1000
epoch 800/1000
epoch 900/1000
epoch 1000/1000
training /home/qiangzeng/prj_qiangzeng/three_arm_multiseed_20260920_qiangzeng/clean_selection_clean_train/forgetting/pathmnist/forgetting/ratio_0.02/selection_seed_42/train_seed_46/aug_0 n= 1791 budget_per_class= 199
epoch 100/1000
epoch 200/1000
epoch 300/1000
epoch 400/1000
epoch 500/1000
epoch 600/1000
epoch 700/1000
epoch 800/1000
epoch 900/1000
epoch 1000/1000
========== tissuemnist ==========
training /home/qiangzeng/prj_qiangzeng/three_arm_multiseed_20260920_qiangzeng/clean_selection_clean_train/forgetting/tissuemnist/forgetting/ratio_0.02/selection_seed_42/train_seed_42/aug_0 n= 3304 budget_per_class= 413
epoch 100/1000
epoch 200/1000
epoch 300/1000
epoch 400/1000
epoch 500/1000
epoch 600/1000
epoch 700/1000
epoch 800/1000
epoch 900/1000
epoch 1000/1000
training /home/qiangzeng/prj_qiangzeng/three_arm_multiseed_20260920_qiangzeng/clean_selection_clean_train/forgetting/tissuemnist/forgetting/ratio_0.02/selection_seed_42/train_seed_43/aug_0 n= 3304 budget_per_class= 413
epoch 100/1000
epoch 200/1000
epoch 300/1000
epoch 400/1000
epoch 500/1000
epoch 600/1000
epoch 700/1000
epoch 800/1000
epoch 900/1000
epoch 1000/1000
training /home/qiangzeng/prj_qiangzeng/three_arm_multiseed_20260920_qiangzeng/clean_selection_clean_train/forgetting/tissuemnist/forgetting/ratio_0.02/selection_seed_42/train_seed_44/aug_0 n= 3304 budget_per_class= 413
epoch 100/1000
epoch 200/1000
epoch 300/1000
epoch 400/1000
epoch 500/1000
epoch 600/1000
epoch 700/1000
epoch 800/1000
epoch 900/1000
epoch 1000/1000
training /home/qiangzeng/prj_qiangzeng/three_arm_multiseed_20260920_qiangzeng/clean_selection_clean_train/forgetting/tissuemnist/forgetting/ratio_0.02/selection_seed_42/train_seed_45/aug_0 n= 3304 budget_per_class= 413
epoch 100/1000
epoch 200/1000
epoch 300/1000
epoch 400/1000
epoch 500/1000
epoch 600/1000
epoch 700/1000
epoch 800/1000
epoch 900/1000
epoch 1000/1000
training /home/qiangzeng/prj_qiangzeng/three_arm_multiseed_20260920_qiangzeng/clean_selection_clean_train/forgetting/tissuemnist/forgetting/ratio_0.02/selection_seed_42/train_seed_46/aug_0 n= 3304 budget_per_class= 413
epoch 100/1000
epoch 200/1000
epoch 300/1000
epoch 400/1000
epoch 500/1000
epoch 600/1000
epoch 700/1000
epoch 800/1000
epoch 900/1000
epoch 1000/1000
========== bloodmnist ==========
training /home/qiangzeng/prj_qiangzeng/three_arm_multiseed_20260920_qiangzeng/clean_selection_clean_train/forgetting/bloodmnist/forgetting/ratio_0.02/selection_seed_42/train_seed_42/aug_0 n= 232 budget_per_class= 29
epoch 100/1000
epoch 200/1000
epoch 300/1000
epoch 400/1000
epoch 500/1000
epoch 600/1000
epoch 700/1000
epoch 800/1000
epoch 900/1000
epoch 1000/1000
training /home/qiangzeng/prj_qiangzeng/three_arm_multiseed_20260920_qiangzeng/clean_selection_clean_train/forgetting/bloodmnist/forgetting/ratio_0.02/selection_seed_42/train_seed_43/aug_0 n= 232 budget_per_class= 29
epoch 100/1000
epoch 200/1000
epoch 300/1000
epoch 400/1000
epoch 500/1000
epoch 600/1000
epoch 700/1000
epoch 800/1000
epoch 900/1000
epoch 1000/1000
training /home/qiangzeng/prj_qiangzeng/three_arm_multiseed_20260920_qiangzeng/clean_selection_clean_train/forgetting/bloodmnist/forgetting/ratio_0.02/selection_seed_42/train_seed_44/aug_0 n= 232 budget_per_class= 29
epoch 100/1000
epoch 200/1000
epoch 300/1000
epoch 400/1000
epoch 500/1000
epoch 600/1000
epoch 700/1000
epoch 800/1000
epoch 900/1000
epoch 1000/1000
training /home/qiangzeng/prj_qiangzeng/three_arm_multiseed_20260920_qiangzeng/clean_selection_clean_train/forgetting/bloodmnist/forgetting/ratio_0.02/selection_seed_42/train_seed_45/aug_0 n= 232 budget_per_class= 29
epoch 100/1000
epoch 200/1000
epoch 300/1000
epoch 400/1000
epoch 500/1000
epoch 600/1000
epoch 700/1000
epoch 800/1000
epoch 900/1000
epoch 1000/1000
training /home/qiangzeng/prj_qiangzeng/three_arm_multiseed_20260920_qiangzeng/clean_selection_clean_train/forgetting/bloodmnist/forgetting/ratio_0.02/selection_seed_42/train_seed_46/aug_0 n= 232 budget_per_class= 29
epoch 100/1000
epoch 200/1000
epoch 300/1000
epoch 400/1000
epoch 500/1000
epoch 600/1000
epoch 700/1000
epoch 800/1000
epoch 900/1000
epoch 1000/1000
{'PREP': '/home/qiangzeng/prj_qiangzeng/graph-coverage-selection-medmnistc-reliability-clean-repair-20260920', 'DATA_ROOT': '/mnt/prj01/hgrp-1502-5TB/xuxiaoyu/reliability_medmnistc_ab/data/medmnist', 'CORR_ROOT': '/mnt/prj01/hgrp-1502-5TB/xuxiaoyu/reliability_medmnistc_ab/data/medmnistc', 'OUT': '/home/qiangzeng/prj_qiangzeng/three_arm_multiseed_20260920_qiangzeng/clean_selection_clean_train/forgetting', 'SELECTION_OUT': '/mnt/prj01/hgrp-1502-5TB/xuxiaoyu/reliability_medmnistc_ab/formal_runs/single_seed_sel42_train42_20260915/selections', 'device': 'cuda', 'datasets': ['organsmnist', 'organamnist', 'pathmnist', 'tissuemnist', 'bloodmnist'], 'methods': ['forgetting'], 'ratios': [0.02], 'selection_seed': 42, 'training_seeds': [42, 43, 44, 45, 46], 'epochs': 1000, 'augment': False, 'smoke_n': 0, 'train_source': 'clean', 'train_corruption': 'pixelate', 'train_severity': 3, 'train_on_corrupted': False}
Pinned GraphCov methods: ['forgetting']
GraphCov official base commit: 8cf757adc4c333dc1427d511f0de2f246d15ebac
MedMNIST-C commit: unknown
========== organsmnist ==========
resume from final checkpoint /home/qiangzeng/prj_qiangzeng/three_arm_multiseed_20260920_qiangzeng/clean_selection_clean_train/forgetting/organsmnist/forgetting/ratio_0.02/selection_seed_42/train_seed_42/aug_0/final.pt
resume from final checkpoint /home/qiangzeng/prj_qiangzeng/three_arm_multiseed_20260920_qiangzeng/clean_selection_clean_train/forgetting/organsmnist/forgetting/ratio_0.02/selection_seed_42/train_seed_43/aug_0/final.pt
resume from final checkpoint /home/qiangzeng/prj_qiangzeng/three_arm_multiseed_20260920_qiangzeng/clean_selection_clean_train/forgetting/organsmnist/forgetting/ratio_0.02/selection_seed_42/train_seed_44/aug_0/final.pt
resume from final checkpoint /home/qiangzeng/prj_qiangzeng/three_arm_multiseed_20260920_qiangzeng/clean_selection_clean_train/forgetting/organsmnist/forgetting/ratio_0.02/selection_seed_42/train_seed_45/aug_0/final.pt
resume from final checkpoint /home/qiangzeng/prj_qiangzeng/three_arm_multiseed_20260920_qiangzeng/clean_selection_clean_train/forgetting/organsmnist/forgetting/ratio_0.02/selection_seed_42/train_seed_46/aug_0/final.pt
========== organamnist ==========
resume from final checkpoint /home/qiangzeng/prj_qiangzeng/three_arm_multiseed_20260920_qiangzeng/clean_selection_clean_train/forgetting/organamnist/forgetting/ratio_0.02/selection_seed_42/train_seed_42/aug_0/final.pt
resume from final checkpoint /home/qiangzeng/prj_qiangzeng/three_arm_multiseed_20260920_qiangzeng/clean_selection_clean_train/forgetting/organamnist/forgetting/ratio_0.02/selection_seed_42/train_seed_43/aug_0/final.pt
resume from final checkpoint /home/qiangzeng/prj_qiangzeng/three_arm_multiseed_20260920_qiangzeng/clean_selection_clean_train/forgetting/organamnist/forgetting/ratio_0.02/selection_seed_42/train_seed_44/aug_0/final.pt
resume from final checkpoint /home/qiangzeng/prj_qiangzeng/three_arm_multiseed_20260920_qiangzeng/clean_selection_clean_train/forgetting/organamnist/forgetting/ratio_0.02/selection_seed_42/train_seed_45/aug_0/final.pt
resume from final checkpoint /home/qiangzeng/prj_qiangzeng/three_arm_multiseed_20260920_qiangzeng/clean_selection_clean_train/forgetting/organamnist/forgetting/ratio_0.02/selection_seed_42/train_seed_46/aug_0/final.pt
========== pathmnist ==========
resume from final checkpoint /home/qiangzeng/prj_qiangzeng/three_arm_multiseed_20260920_qiangzeng/clean_selection_clean_train/forgetting/pathmnist/forgetting/ratio_0.02/selection_seed_42/train_seed_42/aug_0/final.pt
resume from final checkpoint /home/qiangzeng/prj_qiangzeng/three_arm_multiseed_20260920_qiangzeng/clean_selection_clean_train/forgetting/pathmnist/forgetting/ratio_0.02/selection_seed_42/train_seed_43/aug_0/final.pt
resume from final checkpoint /home/qiangzeng/prj_qiangzeng/three_arm_multiseed_20260920_qiangzeng/clean_selection_clean_train/forgetting/pathmnist/forgetting/ratio_0.02/selection_seed_42/train_seed_44/aug_0/final.pt
resume from final checkpoint /home/qiangzeng/prj_qiangzeng/three_arm_multiseed_20260920_qiangzeng/clean_selection_clean_train/forgetting/pathmnist/forgetting/ratio_0.02/selection_seed_42/train_seed_45/aug_0/final.pt
resume from final checkpoint /home/qiangzeng/prj_qiangzeng/three_arm_multiseed_20260920_qiangzeng/clean_selection_clean_train/forgetting/pathmnist/forgetting/ratio_0.02/selection_seed_42/train_seed_46/aug_0/final.pt
========== tissuemnist ==========
resume from final checkpoint /home/qiangzeng/prj_qiangzeng/three_arm_multiseed_20260920_qiangzeng/clean_selection_clean_train/forgetting/tissuemnist/forgetting/ratio_0.02/selection_seed_42/train_seed_42/aug_0/final.pt
resume from final checkpoint /home/qiangzeng/prj_qiangzeng/three_arm_multiseed_20260920_qiangzeng/clean_selection_clean_train/forgetting/tissuemnist/forgetting/ratio_0.02/selection_seed_42/train_seed_43/aug_0/final.pt
resume from final checkpoint /home/qiangzeng/prj_qiangzeng/three_arm_multiseed_20260920_qiangzeng/clean_selection_clean_train/forgetting/tissuemnist/forgetting/ratio_0.02/selection_seed_42/train_seed_44/aug_0/final.pt
resume from final checkpoint /home/qiangzeng/prj_qiangzeng/three_arm_multiseed_20260920_qiangzeng/clean_selection_clean_train/forgetting/tissuemnist/forgetting/ratio_0.02/selection_seed_42/train_seed_45/aug_0/final.pt
resume from final checkpoint /home/qiangzeng/prj_qiangzeng/three_arm_multiseed_20260920_qiangzeng/clean_selection_clean_train/forgetting/tissuemnist/forgetting/ratio_0.02/selection_seed_42/train_seed_46/aug_0/final.pt
========== bloodmnist ==========
resume from final checkpoint /home/qiangzeng/prj_qiangzeng/three_arm_multiseed_20260920_qiangzeng/clean_selection_clean_train/forgetting/bloodmnist/forgetting/ratio_0.02/selection_seed_42/train_seed_42/aug_0/final.pt
resume from final checkpoint /home/qiangzeng/prj_qiangzeng/three_arm_multiseed_20260920_qiangzeng/clean_selection_clean_train/forgetting/bloodmnist/forgetting/ratio_0.02/selection_seed_42/train_seed_43/aug_0/final.pt
resume from final checkpoint /home/qiangzeng/prj_qiangzeng/three_arm_multiseed_20260920_qiangzeng/clean_selection_clean_train/forgetting/bloodmnist/forgetting/ratio_0.02/selection_seed_42/train_seed_44/aug_0/final.pt
resume from final checkpoint /home/qiangzeng/prj_qiangzeng/three_arm_multiseed_20260920_qiangzeng/clean_selection_clean_train/forgetting/bloodmnist/forgetting/ratio_0.02/selection_seed_42/train_seed_45/aug_0/final.pt
resume from final checkpoint /home/qiangzeng/prj_qiangzeng/three_arm_multiseed_20260920_qiangzeng/clean_selection_clean_train/forgetting/bloodmnist/forgetting/ratio_0.02/selection_seed_42/train_seed_46/aug_0/final.pt
complete arm=clean method=forgetting
begin arm=selection_corrupted_clean_train method=forgetting train_source=corrupted train_on_corrupted=0
{'PREP': '/home/qiangzeng/prj_qiangzeng/graph-coverage-selection-medmnistc-reliability-clean-repair-20260920', 'DATA_ROOT': '/mnt/prj01/hgrp-1502-5TB/xuxiaoyu/reliability_medmnistc_ab/data/medmnist', 'CORR_ROOT': '/mnt/prj01/hgrp-1502-5TB/xuxiaoyu/reliability_medmnistc_ab/data/medmnistc', 'OUT': '/home/qiangzeng/prj_qiangzeng/three_arm_multiseed_20260920_qiangzeng/selection_corrupted_clean_train_pixelate_s3/forgetting', 'SELECTION_OUT': '/home/qiangzeng/prj_qiangzeng/three_arm_multiseed_20260920_qiangzeng/selection_corrupted_clean_train_pixelate_s3/forgetting/selections', 'device': 'cuda', 'datasets': ['organsmnist', 'organamnist', 'pathmnist', 'tissuemnist', 'bloodmnist'], 'methods': ['forgetting'], 'ratios': [0.02], 'selection_seed': 42, 'training_seeds': [42, 43, 44, 45, 46], 'epochs': 1000, 'augment': False, 'smoke_n': 0, 'train_source': 'corrupted', 'train_corruption': 'pixelate', 'train_severity': 3, 'train_on_corrupted': False}
Pinned GraphCov methods: ['forgetting']
GraphCov official base commit: 8cf757adc4c333dc1427d511f0de2f246d15ebac
MedMNIST-C commit: unknown
========== organsmnist ==========
  [Dynamics] Loaded raw training dynamics from cache: organsmnist_train_dynamics_28_e200_s42.npz
========== organamnist ==========
  [Dynamics] Loaded raw training dynamics from cache: organamnist_train_dynamics_28_e200_s42.npz
========== pathmnist ==========
  [Dynamics] Loaded raw training dynamics from cache: pathmnist_train_dynamics_28_e200_s42.npz
========== tissuemnist ==========
  [Dynamics] Loaded raw training dynamics from cache: tissuemnist_train_dynamics_28_e200_s42.npz
========== bloodmnist ==========
  [Dynamics] Loaded raw training dynamics from cache: bloodmnist_train_dynamics_28_e200_s42.npz
{'PREP': '/home/qiangzeng/prj_qiangzeng/graph-coverage-selection-medmnistc-reliability-clean-repair-20260920', 'DATA_ROOT': '/mnt/prj01/hgrp-1502-5TB/xuxiaoyu/reliability_medmnistc_ab/data/medmnist', 'CORR_ROOT': '/mnt/prj01/hgrp-1502-5TB/xuxiaoyu/reliability_medmnistc_ab/data/medmnistc', 'OUT': '/home/qiangzeng/prj_qiangzeng/three_arm_multiseed_20260920_qiangzeng/selection_corrupted_clean_train_pixelate_s3/forgetting', 'SELECTION_OUT': '/home/qiangzeng/prj_qiangzeng/three_arm_multiseed_20260920_qiangzeng/selection_corrupted_clean_train_pixelate_s3/forgetting/selections', 'device': 'cuda', 'datasets': ['organsmnist', 'organamnist', 'pathmnist', 'tissuemnist', 'bloodmnist'], 'methods': ['forgetting'], 'ratios': [0.02], 'selection_seed': 42, 'training_seeds': [42, 43, 44, 45, 46], 'epochs': 1000, 'augment': False, 'smoke_n': 0, 'train_source': 'corrupted', 'train_corruption': 'pixelate', 'train_severity': 3, 'train_on_corrupted': False}
Pinned GraphCov methods: ['forgetting']
GraphCov official base commit: 8cf757adc4c333dc1427d511f0de2f246d15ebac
MedMNIST-C commit: unknown
========== organsmnist ==========
training /home/qiangzeng/prj_qiangzeng/three_arm_multiseed_20260920_qiangzeng/selection_corrupted_clean_train_pixelate_s3/forgetting/organsmnist/forgetting/ratio_0.02/selection_seed_42/train_seed_42/aug_0 n= 275 budget_per_class= 25
epoch 100/1000
epoch 200/1000
epoch 300/1000
epoch 400/1000
epoch 500/1000
epoch 600/1000
epoch 700/1000
epoch 800/1000
epoch 900/1000
epoch 1000/1000
training /home/qiangzeng/prj_qiangzeng/three_arm_multiseed_20260920_qiangzeng/selection_corrupted_clean_train_pixelate_s3/forgetting/organsmnist/forgetting/ratio_0.02/selection_seed_42/train_seed_43/aug_0 n= 275 budget_per_class= 25
epoch 100/1000
epoch 200/1000
epoch 300/1000
epoch 400/1000
epoch 500/1000
epoch 600/1000
epoch 700/1000
epoch 800/1000
epoch 900/1000
epoch 1000/1000
training /home/qiangzeng/prj_qiangzeng/three_arm_multiseed_20260920_qiangzeng/selection_corrupted_clean_train_pixelate_s3/forgetting/organsmnist/forgetting/ratio_0.02/selection_seed_42/train_seed_44/aug_0 n= 275 budget_per_class= 25
epoch 100/1000
epoch 200/1000
epoch 300/1000
epoch 400/1000
epoch 500/1000
epoch 600/1000
epoch 700/1000
epoch 800/1000
epoch 900/1000
epoch 1000/1000
training /home/qiangzeng/prj_qiangzeng/three_arm_multiseed_20260920_qiangzeng/selection_corrupted_clean_train_pixelate_s3/forgetting/organsmnist/forgetting/ratio_0.02/selection_seed_42/train_seed_45/aug_0 n= 275 budget_per_class= 25
epoch 100/1000
epoch 200/1000
epoch 300/1000
epoch 400/1000
epoch 500/1000
epoch 600/1000
epoch 700/1000
epoch 800/1000
epoch 900/1000
epoch 1000/1000
training /home/qiangzeng/prj_qiangzeng/three_arm_multiseed_20260920_qiangzeng/selection_corrupted_clean_train_pixelate_s3/forgetting/organsmnist/forgetting/ratio_0.02/selection_seed_42/train_seed_46/aug_0 n= 275 budget_per_class= 25
epoch 100/1000
epoch 200/1000
epoch 300/1000
epoch 400/1000
epoch 500/1000
epoch 600/1000
epoch 700/1000
epoch 800/1000
epoch 900/1000
epoch 1000/1000
========== organamnist ==========
training /home/qiangzeng/prj_qiangzeng/three_arm_multiseed_20260920_qiangzeng/selection_corrupted_clean_train_pixelate_s3/forgetting/organamnist/forgetting/ratio_0.02/selection_seed_42/train_seed_42/aug_0 n= 682 budget_per_class= 62
epoch 100/1000
epoch 200/1000
epoch 300/1000
epoch 400/1000
epoch 500/1000
epoch 600/1000
epoch 700/1000
epoch 800/1000
epoch 900/1000
epoch 1000/1000
training /home/qiangzeng/prj_qiangzeng/three_arm_multiseed_20260920_qiangzeng/selection_corrupted_clean_train_pixelate_s3/forgetting/organamnist/forgetting/ratio_0.02/selection_seed_42/train_seed_43/aug_0 n= 682 budget_per_class= 62
epoch 100/1000
epoch 200/1000
epoch 300/1000
epoch 400/1000
epoch 500/1000
epoch 600/1000
epoch 700/1000
epoch 800/1000
epoch 900/1000
epoch 1000/1000
training /home/qiangzeng/prj_qiangzeng/three_arm_multiseed_20260920_qiangzeng/selection_corrupted_clean_train_pixelate_s3/forgetting/organamnist/forgetting/ratio_0.02/selection_seed_42/train_seed_44/aug_0 n= 682 budget_per_class= 62
epoch 100/1000
epoch 200/1000
epoch 300/1000
epoch 400/1000
epoch 500/1000
epoch 600/1000
epoch 700/1000
epoch 800/1000
epoch 900/1000
epoch 1000/1000
training /home/qiangzeng/prj_qiangzeng/three_arm_multiseed_20260920_qiangzeng/selection_corrupted_clean_train_pixelate_s3/forgetting/organamnist/forgetting/ratio_0.02/selection_seed_42/train_seed_45/aug_0 n= 682 budget_per_class= 62
epoch 100/1000
epoch 200/1000
epoch 300/1000
epoch 400/1000
epoch 500/1000
epoch 600/1000
epoch 700/1000
epoch 800/1000
epoch 900/1000
epoch 1000/1000
training /home/qiangzeng/prj_qiangzeng/three_arm_multiseed_20260920_qiangzeng/selection_corrupted_clean_train_pixelate_s3/forgetting/organamnist/forgetting/ratio_0.02/selection_seed_42/train_seed_46/aug_0 n= 682 budget_per_class= 62
epoch 100/1000
epoch 200/1000
epoch 300/1000
epoch 400/1000
epoch 500/1000
epoch 600/1000
epoch 700/1000
epoch 800/1000
epoch 900/1000
epoch 1000/1000
========== pathmnist ==========
training /home/qiangzeng/prj_qiangzeng/three_arm_multiseed_20260920_qiangzeng/selection_corrupted_clean_train_pixelate_s3/forgetting/pathmnist/forgetting/ratio_0.02/selection_seed_42/train_seed_42/aug_0 n= 1791 budget_per_class= 199
epoch 100/1000
epoch 200/1000
epoch 300/1000
epoch 400/1000
epoch 500/1000
epoch 600/1000
epoch 700/1000
epoch 800/1000
epoch 900/1000
epoch 1000/1000
training /home/qiangzeng/prj_qiangzeng/three_arm_multiseed_20260920_qiangzeng/selection_corrupted_clean_train_pixelate_s3/forgetting/pathmnist/forgetting/ratio_0.02/selection_seed_42/train_seed_43/aug_0 n= 1791 budget_per_class= 199
epoch 100/1000
epoch 200/1000
epoch 300/1000
epoch 400/1000
epoch 500/1000
epoch 600/1000
epoch 700/1000
epoch 800/1000
epoch 900/1000
epoch 1000/1000
training /home/qiangzeng/prj_qiangzeng/three_arm_multiseed_20260920_qiangzeng/selection_corrupted_clean_train_pixelate_s3/forgetting/pathmnist/forgetting/ratio_0.02/selection_seed_42/train_seed_44/aug_0 n= 1791 budget_per_class= 199
epoch 100/1000
epoch 200/1000
epoch 300/1000
epoch 400/1000
epoch 500/1000
epoch 600/1000
epoch 700/1000
epoch 800/1000
epoch 900/1000
epoch 1000/1000
training /home/qiangzeng/prj_qiangzeng/three_arm_multiseed_20260920_qiangzeng/selection_corrupted_clean_train_pixelate_s3/forgetting/pathmnist/forgetting/ratio_0.02/selection_seed_42/train_seed_45/aug_0 n= 1791 budget_per_class= 199
epoch 100/1000
epoch 200/1000
epoch 300/1000
epoch 400/1000
