{'PREP': '/mnt/prj01/hgrp-1502-5TB/xuxiaoyu/reliability_medmnistc_ab/sources/table1_clean_only_20260922', 'DATA_ROOT': '/mnt/prj01/hgrp-1502-5TB/xuxiaoyu/reliability_medmnistc_ab/data/medmnist', 'CORR_ROOT': '/mnt/prj01/hgrp-1502-5TB/xuxiaoyu/reliability_medmnistc_ab/data/medmnistc', 'OUT': '/mnt/prj01/hgrp-1502-5TB/xuxiaoyu/reliability_medmnistc_ab/table1_clean_only_20260922/formal/tissuemnist/seed_3/results', 'SELECTION_OUT': '/mnt/prj01/hgrp-1502-5TB/xuxiaoyu/reliability_medmnistc_ab/table1_clean_only_20260922/formal/tissuemnist/seed_3/selections', 'device': 'cuda', 'datasets': ['tissuemnist'], 'methods': ['random', 'el2n_top', 'forgetting', 'eva', 'facility', 'fps', 'herding', 'graph_a2'], 'ratios': [0.02], 'selection_seed': 3, 'training_seeds': [3], 'epochs': 1000, 'augment': False, 'smoke_n': 0, 'deterministic': True, 'clean_only': True, 'train_source': 'clean', 'train_corruption': 'pixelate', 'train_severity': 3, 'train_on_corrupted': False}
Pinned GraphCov methods: ['random', 'el2n_top', 'forgetting', 'eva', 'facility', 'fps', 'herding', 'graph_a2']
GraphCov official base commit: 8cf757adc4c333dc1427d511f0de2f246d15ebac
MedMNIST-C commit: unknown
========== tissuemnist ==========
  [Embeddings] Loaded uni from cache: n=165466, dim=1024
  Computing training dynamics (200-epoch training)...
[Training Dynamics] Computing EVA, AUM, Forgetting over 200 epochs...
[EVA] Early window: epochs 1-10
[EVA] Late window: epochs 190-199
    [EVA] Early variance: min=0.000061, max=0.294385, mean=0.058523
    [EVA] Early percentiles [0,25,50,75,90,99,100]: ['0.000061', '0.025602', '0.053474', '0.083386', '0.113957', '0.170040', '0.294385']
    [EVA] Late variance: min=0.000000, max=0.000024, mean=0.000000
    [EVA] Late percentiles [0,25,50,75,90,99,100]: ['0.000000', '0.000000', '0.000000', '0.000000', '0.000000', '0.000001', '0.000024']

[EVA] Score range: [0.000061, 0.294385]
[EVA] Mean: 0.058523, Std: 0.040374
[EVA] Percentiles [0,25,50,75,100]: ['0.0001', '0.0256', '0.0535', '0.0834', '0.2944']

[AUM] Score range: [-0.485192, 0.998299]
[AUM] Mean: 0.471092, Std: 0.261569
[AUM] Percentiles [0,25,50,75,100]: ['-0.4852', '0.2776', '0.4700', '0.6746', '0.9983']
[AUM] Samples with negative avg margin (often wrong): 5500 (3.3%)

[Forgetting] Score range: [0, 49]
[Forgetting] Mean: 22.90, Std: 10.08
[Forgetting] Never forgotten: 1233 (0.7%)
[Forgetting] Forgotten 5+ times: 155707 (94.1%)
  [Facility] execution_device=cpu, cpu_min_class_size=40000
training /mnt/prj01/hgrp-1502-5TB/xuxiaoyu/reliability_medmnistc_ab/table1_clean_only_20260922/formal/tissuemnist/seed_3/results/tissuemnist/random/ratio_0.02/selection_seed_3/train_seed_3/aug_0 n= 3304 budget_per_class= 413
epoch 100/1000
epoch 200/1000
epoch 300/1000
epoch 400/1000
epoch 500/1000
epoch 600/1000
epoch 700/1000
epoch 800/1000
epoch 900/1000
epoch 1000/1000
training /mnt/prj01/hgrp-1502-5TB/xuxiaoyu/reliability_medmnistc_ab/table1_clean_only_20260922/formal/tissuemnist/seed_3/results/tissuemnist/el2n_top/ratio_0.02/selection_seed_3/train_seed_3/aug_0 n= 3304 budget_per_class= 413
epoch 100/1000
epoch 200/1000
epoch 300/1000
epoch 400/1000
epoch 500/1000
epoch 600/1000
epoch 700/1000
epoch 800/1000
epoch 900/1000
epoch 1000/1000
training /mnt/prj01/hgrp-1502-5TB/xuxiaoyu/reliability_medmnistc_ab/table1_clean_only_20260922/formal/tissuemnist/seed_3/results/tissuemnist/forgetting/ratio_0.02/selection_seed_3/train_seed_3/aug_0 n= 3304 budget_per_class= 413
epoch 100/1000
epoch 200/1000
epoch 300/1000
epoch 400/1000
epoch 500/1000
epoch 600/1000
epoch 700/1000
epoch 800/1000
epoch 900/1000
epoch 1000/1000
training /mnt/prj01/hgrp-1502-5TB/xuxiaoyu/reliability_medmnistc_ab/table1_clean_only_20260922/formal/tissuemnist/seed_3/results/tissuemnist/eva/ratio_0.02/selection_seed_3/train_seed_3/aug_0 n= 3304 budget_per_class= 413
epoch 100/1000
epoch 200/1000
epoch 300/1000
epoch 400/1000
epoch 500/1000
epoch 600/1000
epoch 700/1000
epoch 800/1000
epoch 900/1000
epoch 1000/1000
training /mnt/prj01/hgrp-1502-5TB/xuxiaoyu/reliability_medmnistc_ab/table1_clean_only_20260922/formal/tissuemnist/seed_3/results/tissuemnist/facility/ratio_0.02/selection_seed_3/train_seed_3/aug_0 n= 3304 budget_per_class= 413
epoch 100/1000
epoch 200/1000
epoch 300/1000
epoch 400/1000
epoch 500/1000
epoch 600/1000
epoch 700/1000
epoch 800/1000
epoch 900/1000
epoch 1000/1000
training /mnt/prj01/hgrp-1502-5TB/xuxiaoyu/reliability_medmnistc_ab/table1_clean_only_20260922/formal/tissuemnist/seed_3/results/tissuemnist/fps/ratio_0.02/selection_seed_3/train_seed_3/aug_0 n= 3304 budget_per_class= 413
epoch 100/1000
epoch 200/1000
epoch 300/1000
epoch 400/1000
epoch 500/1000
epoch 600/1000
epoch 700/1000
epoch 800/1000
epoch 900/1000
epoch 1000/1000
training /mnt/prj01/hgrp-1502-5TB/xuxiaoyu/reliability_medmnistc_ab/table1_clean_only_20260922/formal/tissuemnist/seed_3/results/tissuemnist/herding/ratio_0.02/selection_seed_3/train_seed_3/aug_0 n= 3304 budget_per_class= 413
epoch 100/1000
epoch 200/1000
epoch 300/1000
epoch 400/1000
epoch 500/1000
epoch 600/1000
epoch 700/1000
epoch 800/1000
epoch 900/1000
epoch 1000/1000
training /mnt/prj01/hgrp-1502-5TB/xuxiaoyu/reliability_medmnistc_ab/table1_clean_only_20260922/formal/tissuemnist/seed_3/results/tissuemnist/graph_a2/ratio_0.02/selection_seed_3/train_seed_3/aug_0 n= 3304 budget_per_class= 413
epoch 100/1000
epoch 200/1000
epoch 300/1000
epoch 400/1000
epoch 500/1000
epoch 600/1000
epoch 700/1000
epoch 800/1000
epoch 900/1000
epoch 1000/1000
consolidated rows: 8 rejected: 0 output: /mnt/prj01/hgrp-1502-5TB/xuxiaoyu/reliability_medmnistc_ab/table1_clean_only_20260922/formal/tissuemnist/seed_3/results
