{'PREP': '/mnt/prj01/hgrp-1502-5TB/xuxiaoyu/reliability_medmnistc_ab/sources/table1_clean_only_20260922', 'DATA_ROOT': '/mnt/prj01/hgrp-1502-5TB/xuxiaoyu/reliability_medmnistc_ab/data/medmnist', 'CORR_ROOT': '/mnt/prj01/hgrp-1502-5TB/xuxiaoyu/reliability_medmnistc_ab/data/medmnistc', 'OUT': '/mnt/prj01/hgrp-1502-5TB/xuxiaoyu/reliability_medmnistc_ab/table1_clean_only_20260922/formal/pathmnist/seed_2/results', 'SELECTION_OUT': '/mnt/prj01/hgrp-1502-5TB/xuxiaoyu/reliability_medmnistc_ab/table1_clean_only_20260922/formal/pathmnist/seed_2/selections', 'device': 'cuda', 'datasets': ['pathmnist'], 'methods': ['random', 'el2n_top', 'forgetting', 'eva', 'facility', 'fps', 'herding', 'graph_a2'], 'ratios': [0.02], 'selection_seed': 2, 'training_seeds': [2], 'epochs': 1000, 'augment': False, 'smoke_n': 0, 'deterministic': True, 'clean_only': True, 'train_source': 'clean', 'train_corruption': 'pixelate', 'train_severity': 3, 'train_on_corrupted': False}
Pinned GraphCov methods: ['random', 'el2n_top', 'forgetting', 'eva', 'facility', 'fps', 'herding', 'graph_a2']
GraphCov official base commit: 8cf757adc4c333dc1427d511f0de2f246d15ebac
MedMNIST-C commit: 8acfd2710c6e0e8b2745be8b1fa1c17b94b8f8a7
========== pathmnist ==========
  [Embeddings] Loaded uni from cache: n=89996, dim=1024
  Computing training dynamics (200-epoch training)...
[Training Dynamics] Computing EVA, AUM, Forgetting over 200 epochs...
[EVA] Early window: epochs 1-10
[EVA] Late window: epochs 190-199
    [EVA] Early variance: min=0.000000, max=0.459875, mean=0.136114
    [EVA] Early percentiles [0,25,50,75,90,99,100]: ['0.000000', '0.011676', '0.128608', '0.216153', '0.318265', '0.410679', '0.459875']
    [EVA] Late variance: min=0.000000, max=0.003505, mean=0.000000
    [EVA] Late percentiles [0,25,50,75,90,99,100]: ['0.000000', '0.000000', '0.000000', '0.000000', '0.000000', '0.000000', '0.003505']

[EVA] Score range: [0.000000, 0.459875]
[EVA] Mean: 0.136114, Std: 0.119441
[EVA] Percentiles [0,25,50,75,100]: ['0.0000', '0.0117', '0.1286', '0.2162', '0.4599']

[AUM] Score range: [-0.536150, 0.999862]
[AUM] Mean: 0.747094, Std: 0.213069
[AUM] Percentiles [0,25,50,75,100]: ['-0.5362', '0.5955', '0.7863', '0.9412', '0.9999']
[AUM] Samples with negative avg margin (often wrong): 91 (0.1%)

[Forgetting] Score range: [0, 48]
[Forgetting] Mean: 16.29, Std: 12.47
[Forgetting] Never forgotten: 9538 (10.6%)
[Forgetting] Forgotten 5+ times: 65670 (73.0%)
  [Facility] execution_device=cuda, cpu_min_class_size=40000
training /mnt/prj01/hgrp-1502-5TB/xuxiaoyu/reliability_medmnistc_ab/table1_clean_only_20260922/formal/pathmnist/seed_2/results/pathmnist/random/ratio_0.02/selection_seed_2/train_seed_2/aug_0 n= 1791 budget_per_class= 199
epoch 100/1000
epoch 200/1000
epoch 300/1000
epoch 400/1000
epoch 500/1000
epoch 600/1000
epoch 700/1000
epoch 800/1000
epoch 900/1000
epoch 1000/1000
training /mnt/prj01/hgrp-1502-5TB/xuxiaoyu/reliability_medmnistc_ab/table1_clean_only_20260922/formal/pathmnist/seed_2/results/pathmnist/el2n_top/ratio_0.02/selection_seed_2/train_seed_2/aug_0 n= 1791 budget_per_class= 199
epoch 100/1000
epoch 200/1000
epoch 300/1000
epoch 400/1000
epoch 500/1000
epoch 600/1000
epoch 700/1000
epoch 800/1000
epoch 900/1000
epoch 1000/1000
training /mnt/prj01/hgrp-1502-5TB/xuxiaoyu/reliability_medmnistc_ab/table1_clean_only_20260922/formal/pathmnist/seed_2/results/pathmnist/forgetting/ratio_0.02/selection_seed_2/train_seed_2/aug_0 n= 1791 budget_per_class= 199
epoch 100/1000
epoch 200/1000
epoch 300/1000
epoch 400/1000
epoch 500/1000
epoch 600/1000
epoch 700/1000
epoch 800/1000
epoch 900/1000
epoch 1000/1000
training /mnt/prj01/hgrp-1502-5TB/xuxiaoyu/reliability_medmnistc_ab/table1_clean_only_20260922/formal/pathmnist/seed_2/results/pathmnist/eva/ratio_0.02/selection_seed_2/train_seed_2/aug_0 n= 1791 budget_per_class= 199
epoch 100/1000
epoch 200/1000
epoch 300/1000
epoch 400/1000
epoch 500/1000
epoch 600/1000
epoch 700/1000
epoch 800/1000
epoch 900/1000
epoch 1000/1000
training /mnt/prj01/hgrp-1502-5TB/xuxiaoyu/reliability_medmnistc_ab/table1_clean_only_20260922/formal/pathmnist/seed_2/results/pathmnist/facility/ratio_0.02/selection_seed_2/train_seed_2/aug_0 n= 1791 budget_per_class= 199
epoch 100/1000
epoch 200/1000
epoch 300/1000
epoch 400/1000
epoch 500/1000
epoch 600/1000
epoch 700/1000
epoch 800/1000
epoch 900/1000
epoch 1000/1000
training /mnt/prj01/hgrp-1502-5TB/xuxiaoyu/reliability_medmnistc_ab/table1_clean_only_20260922/formal/pathmnist/seed_2/results/pathmnist/fps/ratio_0.02/selection_seed_2/train_seed_2/aug_0 n= 1791 budget_per_class= 199
epoch 100/1000
epoch 200/1000
epoch 300/1000
epoch 400/1000
epoch 500/1000
epoch 600/1000
epoch 700/1000
epoch 800/1000
epoch 900/1000
epoch 1000/1000
training /mnt/prj01/hgrp-1502-5TB/xuxiaoyu/reliability_medmnistc_ab/table1_clean_only_20260922/formal/pathmnist/seed_2/results/pathmnist/herding/ratio_0.02/selection_seed_2/train_seed_2/aug_0 n= 1791 budget_per_class= 199
epoch 100/1000
epoch 200/1000
epoch 300/1000
epoch 400/1000
epoch 500/1000
epoch 600/1000
epoch 700/1000
epoch 800/1000
epoch 900/1000
epoch 1000/1000
training /mnt/prj01/hgrp-1502-5TB/xuxiaoyu/reliability_medmnistc_ab/table1_clean_only_20260922/formal/pathmnist/seed_2/results/pathmnist/graph_a2/ratio_0.02/selection_seed_2/train_seed_2/aug_0 n= 1791 budget_per_class= 199
epoch 100/1000
epoch 200/1000
epoch 300/1000
epoch 400/1000
epoch 500/1000
epoch 600/1000
epoch 700/1000
epoch 800/1000
epoch 900/1000
epoch 1000/1000
consolidated rows: 8 rejected: 0 output: /mnt/prj01/hgrp-1502-5TB/xuxiaoyu/reliability_medmnistc_ab/table1_clean_only_20260922/formal/pathmnist/seed_2/results
