{'PREP': '/mnt/prj01/hgrp-1502-5TB/xuxiaoyu/reliability_medmnistc_ab/sources/table1_clean_only_20260922', 'DATA_ROOT': '/mnt/prj01/hgrp-1502-5TB/xuxiaoyu/reliability_medmnistc_ab/data/medmnist', 'CORR_ROOT': '/mnt/prj01/hgrp-1502-5TB/xuxiaoyu/reliability_medmnistc_ab/data/medmnistc', 'OUT': '/mnt/prj01/hgrp-1502-5TB/xuxiaoyu/reliability_medmnistc_ab/table1_clean_only_20260922/formal/pathmnist/seed_0/results', 'SELECTION_OUT': '/mnt/prj01/hgrp-1502-5TB/xuxiaoyu/reliability_medmnistc_ab/table1_clean_only_20260922/formal/pathmnist/seed_0/selections', 'device': 'cuda', 'datasets': ['pathmnist'], 'methods': ['random', 'el2n_top', 'forgetting', 'eva', 'facility', 'fps', 'herding', 'graph_a2'], 'ratios': [0.02], 'selection_seed': 0, 'training_seeds': [0], 'epochs': 1000, 'augment': False, 'smoke_n': 0, 'deterministic': True, 'clean_only': True, 'train_source': 'clean', 'train_corruption': 'pixelate', 'train_severity': 3, 'train_on_corrupted': False}
Pinned GraphCov methods: ['random', 'el2n_top', 'forgetting', 'eva', 'facility', 'fps', 'herding', 'graph_a2']
GraphCov official base commit: 8cf757adc4c333dc1427d511f0de2f246d15ebac
MedMNIST-C commit: 8acfd2710c6e0e8b2745be8b1fa1c17b94b8f8a7
========== pathmnist ==========
  Computing uni embeddings...
  [Embeddings] uni: n=89996, dim=1024
  Computing training dynamics (200-epoch training)...
[Training Dynamics] Computing EVA, AUM, Forgetting over 200 epochs...
[EVA] Early window: epochs 1-10
[EVA] Late window: epochs 190-199
    [EVA] Early variance: min=0.000000, max=0.475369, mean=0.147801
    [EVA] Early percentiles [0,25,50,75,90,99,100]: ['0.000000', '0.019852', '0.153563', '0.230238', '0.300966', '0.431394', '0.475369']
    [EVA] Late variance: min=0.000000, max=0.001492, mean=0.000000
    [EVA] Late percentiles [0,25,50,75,90,99,100]: ['0.000000', '0.000000', '0.000000', '0.000000', '0.000000', '0.000000', '0.001492']

[EVA] Score range: [0.000000, 0.475369]
[EVA] Mean: 0.147801, Std: 0.117318
[EVA] Percentiles [0,25,50,75,100]: ['0.0000', '0.0199', '0.1536', '0.2302', '0.4754']

[AUM] Score range: [-0.487940, 0.999883]
[AUM] Mean: 0.761221, Std: 0.208907
[AUM] Percentiles [0,25,50,75,100]: ['-0.4879', '0.6146', '0.8047', '0.9523', '0.9999']
[AUM] Samples with negative avg margin (often wrong): 84 (0.1%)

[Forgetting] Score range: [0, 47]
[Forgetting] Mean: 15.05, Std: 12.06
[Forgetting] Never forgotten: 11986 (13.3%)
[Forgetting] Forgotten 5+ times: 62957 (70.0%)
  [Facility] execution_device=cuda, cpu_min_class_size=40000
training /mnt/prj01/hgrp-1502-5TB/xuxiaoyu/reliability_medmnistc_ab/table1_clean_only_20260922/formal/pathmnist/seed_0/results/pathmnist/random/ratio_0.02/selection_seed_0/train_seed_0/aug_0 n= 1791 budget_per_class= 199
epoch 100/1000
epoch 200/1000
epoch 300/1000
epoch 400/1000
epoch 500/1000
epoch 600/1000
epoch 700/1000
epoch 800/1000
epoch 900/1000
epoch 1000/1000
training /mnt/prj01/hgrp-1502-5TB/xuxiaoyu/reliability_medmnistc_ab/table1_clean_only_20260922/formal/pathmnist/seed_0/results/pathmnist/el2n_top/ratio_0.02/selection_seed_0/train_seed_0/aug_0 n= 1791 budget_per_class= 199
epoch 100/1000
epoch 200/1000
epoch 300/1000
epoch 400/1000
epoch 500/1000
epoch 600/1000
epoch 700/1000
epoch 800/1000
epoch 900/1000
epoch 1000/1000
training /mnt/prj01/hgrp-1502-5TB/xuxiaoyu/reliability_medmnistc_ab/table1_clean_only_20260922/formal/pathmnist/seed_0/results/pathmnist/forgetting/ratio_0.02/selection_seed_0/train_seed_0/aug_0 n= 1791 budget_per_class= 199
epoch 100/1000
epoch 200/1000
epoch 300/1000
epoch 400/1000
epoch 500/1000
epoch 600/1000
epoch 700/1000
epoch 800/1000
epoch 900/1000
epoch 1000/1000
training /mnt/prj01/hgrp-1502-5TB/xuxiaoyu/reliability_medmnistc_ab/table1_clean_only_20260922/formal/pathmnist/seed_0/results/pathmnist/eva/ratio_0.02/selection_seed_0/train_seed_0/aug_0 n= 1791 budget_per_class= 199
epoch 100/1000
epoch 200/1000
epoch 300/1000
epoch 400/1000
epoch 500/1000
epoch 600/1000
epoch 700/1000
epoch 800/1000
epoch 900/1000
epoch 1000/1000
training /mnt/prj01/hgrp-1502-5TB/xuxiaoyu/reliability_medmnistc_ab/table1_clean_only_20260922/formal/pathmnist/seed_0/results/pathmnist/facility/ratio_0.02/selection_seed_0/train_seed_0/aug_0 n= 1791 budget_per_class= 199
epoch 100/1000
epoch 200/1000
epoch 300/1000
epoch 400/1000
epoch 500/1000
epoch 600/1000
epoch 700/1000
epoch 800/1000
epoch 900/1000
epoch 1000/1000
training /mnt/prj01/hgrp-1502-5TB/xuxiaoyu/reliability_medmnistc_ab/table1_clean_only_20260922/formal/pathmnist/seed_0/results/pathmnist/fps/ratio_0.02/selection_seed_0/train_seed_0/aug_0 n= 1791 budget_per_class= 199
epoch 100/1000
epoch 200/1000
epoch 300/1000
epoch 400/1000
epoch 500/1000
epoch 600/1000
epoch 700/1000
epoch 800/1000
epoch 900/1000
epoch 1000/1000
training /mnt/prj01/hgrp-1502-5TB/xuxiaoyu/reliability_medmnistc_ab/table1_clean_only_20260922/formal/pathmnist/seed_0/results/pathmnist/herding/ratio_0.02/selection_seed_0/train_seed_0/aug_0 n= 1791 budget_per_class= 199
epoch 100/1000
epoch 200/1000
epoch 300/1000
epoch 400/1000
epoch 500/1000
epoch 600/1000
epoch 700/1000
epoch 800/1000
epoch 900/1000
epoch 1000/1000
training /mnt/prj01/hgrp-1502-5TB/xuxiaoyu/reliability_medmnistc_ab/table1_clean_only_20260922/formal/pathmnist/seed_0/results/pathmnist/graph_a2/ratio_0.02/selection_seed_0/train_seed_0/aug_0 n= 1791 budget_per_class= 199
epoch 100/1000
epoch 200/1000
epoch 300/1000
epoch 400/1000
epoch 500/1000
epoch 600/1000
epoch 700/1000
epoch 800/1000
epoch 900/1000
epoch 1000/1000
consolidated rows: 8 rejected: 0 output: /mnt/prj01/hgrp-1502-5TB/xuxiaoyu/reliability_medmnistc_ab/table1_clean_only_20260922/formal/pathmnist/seed_0/results
