{'PREP': '/mnt/prj01/hgrp-1502-5TB/xuxiaoyu/reliability_medmnistc_ab/sources/table1_clean_only_20260922', 'DATA_ROOT': '/mnt/prj01/hgrp-1502-5TB/xuxiaoyu/reliability_medmnistc_ab/data/medmnist', 'CORR_ROOT': '/mnt/prj01/hgrp-1502-5TB/xuxiaoyu/reliability_medmnistc_ab/data/medmnistc', 'OUT': '/mnt/prj01/hgrp-1502-5TB/xuxiaoyu/reliability_medmnistc_ab/table1_clean_only_20260922/formal/organamnist/seed_5/results', 'SELECTION_OUT': '/mnt/prj01/hgrp-1502-5TB/xuxiaoyu/reliability_medmnistc_ab/table1_clean_only_20260922/formal/organamnist/seed_5/selections', 'device': 'cuda', 'datasets': ['organamnist'], 'methods': ['random', 'el2n_top', 'forgetting', 'eva', 'facility', 'fps', 'herding', 'graph_a2'], 'ratios': [0.02], 'selection_seed': 5, 'training_seeds': [5], 'epochs': 1000, 'augment': False, 'smoke_n': 0, 'deterministic': True, 'clean_only': True, 'train_source': 'clean', 'train_corruption': 'pixelate', 'train_severity': 3, 'train_on_corrupted': False}
Pinned GraphCov methods: ['random', 'el2n_top', 'forgetting', 'eva', 'facility', 'fps', 'herding', 'graph_a2']
GraphCov official base commit: 8cf757adc4c333dc1427d511f0de2f246d15ebac
MedMNIST-C commit: unknown
========== organamnist ==========
  [Embeddings] Loaded uni from cache: n=34561, dim=1024
  Computing training dynamics (200-epoch training)...
[Training Dynamics] Computing EVA, AUM, Forgetting over 200 epochs...
[EVA] Early window: epochs 1-10
[EVA] Late window: epochs 190-199
    [EVA] Early variance: min=0.000000, max=0.435041, mean=0.014487
    [EVA] Early percentiles [0,25,50,75,90,99,100]: ['0.000000', '0.000000', '0.000004', '0.001526', '0.044573', '0.210743', '0.435041']
    [EVA] Late variance: min=0.000000, max=0.000003, mean=0.000000
    [EVA] Late percentiles [0,25,50,75,90,99,100]: ['0.000000', '0.000000', '0.000000', '0.000000', '0.000000', '0.000000', '0.000003']

[EVA] Score range: [0.000000, 0.435042]
[EVA] Mean: 0.014487, Std: 0.042211
[EVA] Percentiles [0,25,50,75,100]: ['0.0000', '0.0000', '0.0000', '0.0015', '0.4350']

[AUM] Score range: [0.500547, 0.999704]
[AUM] Mean: 0.979867, Std: 0.021984
[AUM] Percentiles [0,25,50,75,100]: ['0.5005', '0.9770', '0.9872', '0.9895', '0.9997']
[AUM] Samples with negative avg margin (often wrong): 0 (0.0%)

[Forgetting] Score range: [0, 21]
[Forgetting] Mean: 1.32, Std: 1.22
[Forgetting] Never forgotten: 4495 (13.0%)
[Forgetting] Forgotten 5+ times: 891 (2.6%)
  [Facility] execution_device=cuda, cpu_min_class_size=40000
training /mnt/prj01/hgrp-1502-5TB/xuxiaoyu/reliability_medmnistc_ab/table1_clean_only_20260922/formal/organamnist/seed_5/results/organamnist/random/ratio_0.02/selection_seed_5/train_seed_5/aug_0 n= 682 budget_per_class= 62
epoch 100/1000
epoch 200/1000
epoch 300/1000
epoch 400/1000
epoch 500/1000
epoch 600/1000
epoch 700/1000
epoch 800/1000
epoch 900/1000
epoch 1000/1000
training /mnt/prj01/hgrp-1502-5TB/xuxiaoyu/reliability_medmnistc_ab/table1_clean_only_20260922/formal/organamnist/seed_5/results/organamnist/el2n_top/ratio_0.02/selection_seed_5/train_seed_5/aug_0 n= 682 budget_per_class= 62
epoch 100/1000
epoch 200/1000
epoch 300/1000
epoch 400/1000
epoch 500/1000
epoch 600/1000
epoch 700/1000
epoch 800/1000
epoch 900/1000
epoch 1000/1000
training /mnt/prj01/hgrp-1502-5TB/xuxiaoyu/reliability_medmnistc_ab/table1_clean_only_20260922/formal/organamnist/seed_5/results/organamnist/forgetting/ratio_0.02/selection_seed_5/train_seed_5/aug_0 n= 682 budget_per_class= 62
epoch 100/1000
epoch 200/1000
epoch 300/1000
epoch 400/1000
epoch 500/1000
epoch 600/1000
epoch 700/1000
epoch 800/1000
epoch 900/1000
epoch 1000/1000
training /mnt/prj01/hgrp-1502-5TB/xuxiaoyu/reliability_medmnistc_ab/table1_clean_only_20260922/formal/organamnist/seed_5/results/organamnist/eva/ratio_0.02/selection_seed_5/train_seed_5/aug_0 n= 682 budget_per_class= 62
epoch 100/1000
epoch 200/1000
epoch 300/1000
epoch 400/1000
epoch 500/1000
epoch 600/1000
epoch 700/1000
epoch 800/1000
epoch 900/1000
epoch 1000/1000
training /mnt/prj01/hgrp-1502-5TB/xuxiaoyu/reliability_medmnistc_ab/table1_clean_only_20260922/formal/organamnist/seed_5/results/organamnist/facility/ratio_0.02/selection_seed_5/train_seed_5/aug_0 n= 682 budget_per_class= 62
epoch 100/1000
epoch 200/1000
epoch 300/1000
epoch 400/1000
epoch 500/1000
epoch 600/1000
epoch 700/1000
epoch 800/1000
epoch 900/1000
epoch 1000/1000
training /mnt/prj01/hgrp-1502-5TB/xuxiaoyu/reliability_medmnistc_ab/table1_clean_only_20260922/formal/organamnist/seed_5/results/organamnist/fps/ratio_0.02/selection_seed_5/train_seed_5/aug_0 n= 682 budget_per_class= 62
epoch 100/1000
epoch 200/1000
epoch 300/1000
epoch 400/1000
epoch 500/1000
epoch 600/1000
epoch 700/1000
epoch 800/1000
epoch 900/1000
epoch 1000/1000
training /mnt/prj01/hgrp-1502-5TB/xuxiaoyu/reliability_medmnistc_ab/table1_clean_only_20260922/formal/organamnist/seed_5/results/organamnist/herding/ratio_0.02/selection_seed_5/train_seed_5/aug_0 n= 682 budget_per_class= 62
epoch 100/1000
epoch 200/1000
epoch 300/1000
epoch 400/1000
epoch 500/1000
epoch 600/1000
epoch 700/1000
epoch 800/1000
epoch 900/1000
epoch 1000/1000
training /mnt/prj01/hgrp-1502-5TB/xuxiaoyu/reliability_medmnistc_ab/table1_clean_only_20260922/formal/organamnist/seed_5/results/organamnist/graph_a2/ratio_0.02/selection_seed_5/train_seed_5/aug_0 n= 682 budget_per_class= 62
epoch 100/1000
epoch 200/1000
epoch 300/1000
epoch 400/1000
epoch 500/1000
epoch 600/1000
epoch 700/1000
epoch 800/1000
epoch 900/1000
epoch 1000/1000
consolidated rows: 8 rejected: 0 output: /mnt/prj01/hgrp-1502-5TB/xuxiaoyu/reliability_medmnistc_ab/table1_clean_only_20260922/formal/organamnist/seed_5/results
