{'PREP': '/mnt/prj01/hgrp-1502-5TB/xuxiaoyu/reliability_medmnistc_ab/sources/table1_clean_only_20260922', 'DATA_ROOT': '/mnt/prj01/hgrp-1502-5TB/xuxiaoyu/reliability_medmnistc_ab/data/medmnist', 'CORR_ROOT': '/mnt/prj01/hgrp-1502-5TB/xuxiaoyu/reliability_medmnistc_ab/data/medmnistc', 'OUT': '/mnt/prj01/hgrp-1502-5TB/xuxiaoyu/reliability_medmnistc_ab/table1_clean_only_20260922/formal/organsmnist/seed_5/results', 'SELECTION_OUT': '/mnt/prj01/hgrp-1502-5TB/xuxiaoyu/reliability_medmnistc_ab/table1_clean_only_20260922/formal/organsmnist/seed_5/selections', 'device': 'cuda', 'datasets': ['organsmnist'], 'methods': ['random', 'el2n_top', 'forgetting', 'eva', 'facility', 'fps', 'herding', 'graph_a2'], 'ratios': [0.02], 'selection_seed': 5, 'training_seeds': [5], 'epochs': 1000, 'augment': False, 'smoke_n': 0, 'deterministic': True, 'clean_only': True, 'train_source': 'clean', 'train_corruption': 'pixelate', 'train_severity': 3, 'train_on_corrupted': False}
Pinned GraphCov methods: ['random', 'el2n_top', 'forgetting', 'eva', 'facility', 'fps', 'herding', 'graph_a2']
GraphCov official base commit: 8cf757adc4c333dc1427d511f0de2f246d15ebac
MedMNIST-C commit: unknown
========== organsmnist ==========
  [Embeddings] Loaded uni from cache: n=13932, dim=1024
  Computing training dynamics (200-epoch training)...
[Training Dynamics] Computing EVA, AUM, Forgetting over 200 epochs...
[EVA] Early window: epochs 1-10
[EVA] Late window: epochs 190-199
    [EVA] Early variance: min=0.000000, max=0.411653, mean=0.095949
    [EVA] Early percentiles [0,25,50,75,90,99,100]: ['0.000000', '0.020707', '0.087228', '0.153307', '0.204186', '0.296284', '0.411653']
    [EVA] Late variance: min=0.000000, max=0.000000, mean=0.000000
    [EVA] Late percentiles [0,25,50,75,90,99,100]: ['0.000000', '0.000000', '0.000000', '0.000000', '0.000000', '0.000000', '0.000000']

[EVA] Score range: [0.000000, 0.411653]
[EVA] Mean: 0.095949, Std: 0.079181
[EVA] Percentiles [0,25,50,75,100]: ['0.0000', '0.0207', '0.0872', '0.1533', '0.4117']

[AUM] Score range: [0.430086, 0.999865]
[AUM] Mean: 0.958637, Std: 0.062544
[AUM] Percentiles [0,25,50,75,100]: ['0.4301', '0.9543', '0.9789', '0.9918', '0.9999']
[AUM] Samples with negative avg margin (often wrong): 0 (0.0%)

[Forgetting] Score range: [0, 27]
[Forgetting] Mean: 1.68, Std: 3.13
[Forgetting] Never forgotten: 6921 (49.7%)
[Forgetting] Forgotten 5+ times: 1382 (9.9%)
  [Facility] execution_device=cuda, cpu_min_class_size=40000
training /mnt/prj01/hgrp-1502-5TB/xuxiaoyu/reliability_medmnistc_ab/table1_clean_only_20260922/formal/organsmnist/seed_5/results/organsmnist/random/ratio_0.02/selection_seed_5/train_seed_5/aug_0 n= 275 budget_per_class= 25
epoch 100/1000
epoch 200/1000
epoch 300/1000
epoch 400/1000
epoch 500/1000
epoch 600/1000
epoch 700/1000
epoch 800/1000
epoch 900/1000
epoch 1000/1000
training /mnt/prj01/hgrp-1502-5TB/xuxiaoyu/reliability_medmnistc_ab/table1_clean_only_20260922/formal/organsmnist/seed_5/results/organsmnist/el2n_top/ratio_0.02/selection_seed_5/train_seed_5/aug_0 n= 275 budget_per_class= 25
epoch 100/1000
epoch 200/1000
epoch 300/1000
epoch 400/1000
epoch 500/1000
epoch 600/1000
epoch 700/1000
epoch 800/1000
epoch 900/1000
epoch 1000/1000
training /mnt/prj01/hgrp-1502-5TB/xuxiaoyu/reliability_medmnistc_ab/table1_clean_only_20260922/formal/organsmnist/seed_5/results/organsmnist/forgetting/ratio_0.02/selection_seed_5/train_seed_5/aug_0 n= 275 budget_per_class= 25
epoch 100/1000
epoch 200/1000
epoch 300/1000
epoch 400/1000
epoch 500/1000
epoch 600/1000
epoch 700/1000
epoch 800/1000
epoch 900/1000
epoch 1000/1000
training /mnt/prj01/hgrp-1502-5TB/xuxiaoyu/reliability_medmnistc_ab/table1_clean_only_20260922/formal/organsmnist/seed_5/results/organsmnist/eva/ratio_0.02/selection_seed_5/train_seed_5/aug_0 n= 275 budget_per_class= 25
epoch 100/1000
epoch 200/1000
epoch 300/1000
epoch 400/1000
epoch 500/1000
epoch 600/1000
epoch 700/1000
epoch 800/1000
epoch 900/1000
epoch 1000/1000
training /mnt/prj01/hgrp-1502-5TB/xuxiaoyu/reliability_medmnistc_ab/table1_clean_only_20260922/formal/organsmnist/seed_5/results/organsmnist/facility/ratio_0.02/selection_seed_5/train_seed_5/aug_0 n= 275 budget_per_class= 25
epoch 100/1000
epoch 200/1000
epoch 300/1000
epoch 400/1000
epoch 500/1000
epoch 600/1000
epoch 700/1000
epoch 800/1000
epoch 900/1000
epoch 1000/1000
training /mnt/prj01/hgrp-1502-5TB/xuxiaoyu/reliability_medmnistc_ab/table1_clean_only_20260922/formal/organsmnist/seed_5/results/organsmnist/fps/ratio_0.02/selection_seed_5/train_seed_5/aug_0 n= 275 budget_per_class= 25
epoch 100/1000
epoch 200/1000
epoch 300/1000
epoch 400/1000
epoch 500/1000
epoch 600/1000
epoch 700/1000
epoch 800/1000
epoch 900/1000
epoch 1000/1000
training /mnt/prj01/hgrp-1502-5TB/xuxiaoyu/reliability_medmnistc_ab/table1_clean_only_20260922/formal/organsmnist/seed_5/results/organsmnist/herding/ratio_0.02/selection_seed_5/train_seed_5/aug_0 n= 275 budget_per_class= 25
epoch 100/1000
epoch 200/1000
epoch 300/1000
epoch 400/1000
epoch 500/1000
epoch 600/1000
epoch 700/1000
epoch 800/1000
epoch 900/1000
epoch 1000/1000
training /mnt/prj01/hgrp-1502-5TB/xuxiaoyu/reliability_medmnistc_ab/table1_clean_only_20260922/formal/organsmnist/seed_5/results/organsmnist/graph_a2/ratio_0.02/selection_seed_5/train_seed_5/aug_0 n= 275 budget_per_class= 25
epoch 100/1000
epoch 200/1000
epoch 300/1000
epoch 400/1000
epoch 500/1000
epoch 600/1000
epoch 700/1000
epoch 800/1000
epoch 900/1000
epoch 1000/1000
consolidated rows: 8 rejected: 0 output: /mnt/prj01/hgrp-1502-5TB/xuxiaoyu/reliability_medmnistc_ab/table1_clean_only_20260922/formal/organsmnist/seed_5/results
