{'PREP': '/mnt/prj01/hgrp-1502-5TB/xuxiaoyu/reliability_medmnistc_ab/sources/table1_clean_only_20260922', 'DATA_ROOT': '/mnt/prj01/hgrp-1502-5TB/xuxiaoyu/reliability_medmnistc_ab/data/medmnist', 'CORR_ROOT': '/mnt/prj01/hgrp-1502-5TB/xuxiaoyu/reliability_medmnistc_ab/data/medmnistc', 'OUT': '/mnt/prj01/hgrp-1502-5TB/xuxiaoyu/reliability_medmnistc_ab/table1_clean_only_20260922/smoke/pathmnist/seed_1/results', 'SELECTION_OUT': '/mnt/prj01/hgrp-1502-5TB/xuxiaoyu/reliability_medmnistc_ab/table1_clean_only_20260922/smoke/pathmnist/seed_1/selections', 'device': 'cuda', 'datasets': ['pathmnist'], 'methods': ['random', 'el2n_top', 'forgetting', 'eva', 'facility', 'fps', 'herding', 'graph_a2'], 'ratios': [0.02], 'selection_seed': 1, 'training_seeds': [1], 'epochs': 1, 'augment': False, 'smoke_n': 8192, 'deterministic': True, 'clean_only': True, 'train_source': 'clean', 'train_corruption': 'pixelate', 'train_severity': 3, 'train_on_corrupted': False}
Pinned GraphCov methods: ['random', 'el2n_top', 'forgetting', 'eva', 'facility', 'fps', 'herding', 'graph_a2']
GraphCov official base commit: 8cf757adc4c333dc1427d511f0de2f246d15ebac
MedMNIST-C commit: unknown
========== pathmnist ==========
  [Embeddings] Loaded uni from cache: n=8192, dim=1024
  Computing training dynamics (20-epoch training)...
[Training Dynamics] Computing EVA, AUM, Forgetting over 20 epochs...
[EVA] Early window: epochs 1-10
[EVA] Late window: epochs 10-19
    [EVA] Early variance: min=0.000000, max=0.311848, mean=0.093874
    [EVA] Early percentiles [0,25,50,75,90,99,100]: ['0.000000', '0.045804', '0.085643', '0.136235', '0.178177', '0.245207', '0.311848']
    [EVA] Late variance: min=0.000000, max=0.335092, mean=0.047692
    [EVA] Late percentiles [0,25,50,75,90,99,100]: ['0.000000', '0.001797', '0.024689', '0.078731', '0.131356', '0.228563', '0.335092']

[EVA] Score range: [0.000000, 0.548667]
[EVA] Mean: 0.141565, Std: 0.068398
[EVA] Percentiles [0,25,50,75,100]: ['0.0000', '0.0991', '0.1386', '0.1830', '0.5487']

[AUM] Score range: [-0.879862, 0.999998]
[AUM] Mean: 0.429985, Std: 0.368894
[AUM] Percentiles [0,25,50,75,100]: ['-0.8799', '0.1921', '0.4940', '0.7140', '1.0000']
[AUM] Samples with negative avg margin (often wrong): 1176 (14.4%)

[Forgetting] Score range: [0, 7]
[Forgetting] Mean: 1.39, Std: 1.32
[Forgetting] Never forgotten: 2650 (32.3%)
[Forgetting] Forgotten 5+ times: 167 (2.0%)
  [Facility] execution_device=cuda, cpu_min_class_size=40000
training /mnt/prj01/hgrp-1502-5TB/xuxiaoyu/reliability_medmnistc_ab/table1_clean_only_20260922/smoke/pathmnist/seed_1/results/pathmnist/random/ratio_0.02/selection_seed_1/train_seed_1/aug_0 n= 162 budget_per_class= 18
epoch 1/1
training /mnt/prj01/hgrp-1502-5TB/xuxiaoyu/reliability_medmnistc_ab/table1_clean_only_20260922/smoke/pathmnist/seed_1/results/pathmnist/el2n_top/ratio_0.02/selection_seed_1/train_seed_1/aug_0 n= 162 budget_per_class= 18
epoch 1/1
training /mnt/prj01/hgrp-1502-5TB/xuxiaoyu/reliability_medmnistc_ab/table1_clean_only_20260922/smoke/pathmnist/seed_1/results/pathmnist/forgetting/ratio_0.02/selection_seed_1/train_seed_1/aug_0 n= 162 budget_per_class= 18
epoch 1/1
training /mnt/prj01/hgrp-1502-5TB/xuxiaoyu/reliability_medmnistc_ab/table1_clean_only_20260922/smoke/pathmnist/seed_1/results/pathmnist/eva/ratio_0.02/selection_seed_1/train_seed_1/aug_0 n= 162 budget_per_class= 18
epoch 1/1
training /mnt/prj01/hgrp-1502-5TB/xuxiaoyu/reliability_medmnistc_ab/table1_clean_only_20260922/smoke/pathmnist/seed_1/results/pathmnist/facility/ratio_0.02/selection_seed_1/train_seed_1/aug_0 n= 162 budget_per_class= 18
epoch 1/1
training /mnt/prj01/hgrp-1502-5TB/xuxiaoyu/reliability_medmnistc_ab/table1_clean_only_20260922/smoke/pathmnist/seed_1/results/pathmnist/fps/ratio_0.02/selection_seed_1/train_seed_1/aug_0 n= 162 budget_per_class= 18
epoch 1/1
training /mnt/prj01/hgrp-1502-5TB/xuxiaoyu/reliability_medmnistc_ab/table1_clean_only_20260922/smoke/pathmnist/seed_1/results/pathmnist/herding/ratio_0.02/selection_seed_1/train_seed_1/aug_0 n= 162 budget_per_class= 18
epoch 1/1
training /mnt/prj01/hgrp-1502-5TB/xuxiaoyu/reliability_medmnistc_ab/table1_clean_only_20260922/smoke/pathmnist/seed_1/results/pathmnist/graph_a2/ratio_0.02/selection_seed_1/train_seed_1/aug_0 n= 162 budget_per_class= 18
epoch 1/1
