{'PREP': '/mnt/prj01/hgrp-1502-5TB/xuxiaoyu/reliability_medmnistc_ab/sources/table1_clean_only_20260922', 'DATA_ROOT': '/mnt/prj01/hgrp-1502-5TB/xuxiaoyu/reliability_medmnistc_ab/data/medmnist', 'CORR_ROOT': '/mnt/prj01/hgrp-1502-5TB/xuxiaoyu/reliability_medmnistc_ab/data/medmnistc', 'OUT': '/mnt/prj01/hgrp-1502-5TB/xuxiaoyu/reliability_medmnistc_ab/table1_clean_only_20260922/smoke/organamnist/seed_1/results', 'SELECTION_OUT': '/mnt/prj01/hgrp-1502-5TB/xuxiaoyu/reliability_medmnistc_ab/table1_clean_only_20260922/smoke/organamnist/seed_1/selections', 'device': 'cuda', 'datasets': ['organamnist'], 'methods': ['random', 'el2n_top', 'forgetting', 'eva', 'facility', 'fps', 'herding', 'graph_a2'], 'ratios': [0.02], 'selection_seed': 1, 'training_seeds': [1], 'epochs': 1, 'augment': False, 'smoke_n': 8192, 'deterministic': True, 'clean_only': True, 'train_source': 'clean', 'train_corruption': 'pixelate', 'train_severity': 3, 'train_on_corrupted': False}
Pinned GraphCov methods: ['random', 'el2n_top', 'forgetting', 'eva', 'facility', 'fps', 'herding', 'graph_a2']
GraphCov official base commit: 8cf757adc4c333dc1427d511f0de2f246d15ebac
MedMNIST-C commit: unknown
========== organamnist ==========
  [Embeddings] Loaded uni from cache: n=8192, dim=1024
  Computing training dynamics (20-epoch training)...
[Training Dynamics] Computing EVA, AUM, Forgetting over 20 epochs...
[EVA] Early window: epochs 1-10
[EVA] Late window: epochs 10-19
    [EVA] Early variance: min=0.000000, max=0.392803, mean=0.108936
    [EVA] Early percentiles [0,25,50,75,90,99,100]: ['0.000000', '0.000029', '0.120294', '0.178996', '0.224801', '0.323293', '0.392803']
    [EVA] Late variance: min=0.000000, max=0.205177, mean=0.000726
    [EVA] Late percentiles [0,25,50,75,90,99,100]: ['0.000000', '0.000000', '0.000000', '0.000000', '0.000035', '0.017037', '0.205177']

[EVA] Score range: [0.000000, 0.411352]
[EVA] Mean: 0.109661, Std: 0.093986
[EVA] Percentiles [0,25,50,75,100]: ['0.0000', '0.0000', '0.1219', '0.1791', '0.4114']

[AUM] Score range: [-0.341346, 1.000000]
[AUM] Mean: 0.879402, Std: 0.126984
[AUM] Percentiles [0,25,50,75,100]: ['-0.3413', '0.8237', '0.8993', '0.9980', '1.0000']
[AUM] Samples with negative avg margin (often wrong): 3 (0.0%)

[Forgetting] Score range: [0, 4]
[Forgetting] Mean: 0.14, Std: 0.41
[Forgetting] Never forgotten: 7185 (87.7%)
[Forgetting] Forgotten 5+ times: 0 (0.0%)
  [Facility] execution_device=cuda, cpu_min_class_size=40000
training /mnt/prj01/hgrp-1502-5TB/xuxiaoyu/reliability_medmnistc_ab/table1_clean_only_20260922/smoke/organamnist/seed_1/results/organamnist/random/ratio_0.02/selection_seed_1/train_seed_1/aug_0 n= 154 budget_per_class= 14
epoch 1/1
training /mnt/prj01/hgrp-1502-5TB/xuxiaoyu/reliability_medmnistc_ab/table1_clean_only_20260922/smoke/organamnist/seed_1/results/organamnist/el2n_top/ratio_0.02/selection_seed_1/train_seed_1/aug_0 n= 154 budget_per_class= 14
epoch 1/1
training /mnt/prj01/hgrp-1502-5TB/xuxiaoyu/reliability_medmnistc_ab/table1_clean_only_20260922/smoke/organamnist/seed_1/results/organamnist/forgetting/ratio_0.02/selection_seed_1/train_seed_1/aug_0 n= 154 budget_per_class= 14
epoch 1/1
training /mnt/prj01/hgrp-1502-5TB/xuxiaoyu/reliability_medmnistc_ab/table1_clean_only_20260922/smoke/organamnist/seed_1/results/organamnist/eva/ratio_0.02/selection_seed_1/train_seed_1/aug_0 n= 154 budget_per_class= 14
epoch 1/1
training /mnt/prj01/hgrp-1502-5TB/xuxiaoyu/reliability_medmnistc_ab/table1_clean_only_20260922/smoke/organamnist/seed_1/results/organamnist/facility/ratio_0.02/selection_seed_1/train_seed_1/aug_0 n= 154 budget_per_class= 14
epoch 1/1
training /mnt/prj01/hgrp-1502-5TB/xuxiaoyu/reliability_medmnistc_ab/table1_clean_only_20260922/smoke/organamnist/seed_1/results/organamnist/fps/ratio_0.02/selection_seed_1/train_seed_1/aug_0 n= 154 budget_per_class= 14
epoch 1/1
training /mnt/prj01/hgrp-1502-5TB/xuxiaoyu/reliability_medmnistc_ab/table1_clean_only_20260922/smoke/organamnist/seed_1/results/organamnist/herding/ratio_0.02/selection_seed_1/train_seed_1/aug_0 n= 154 budget_per_class= 14
epoch 1/1
training /mnt/prj01/hgrp-1502-5TB/xuxiaoyu/reliability_medmnistc_ab/table1_clean_only_20260922/smoke/organamnist/seed_1/results/organamnist/graph_a2/ratio_0.02/selection_seed_1/train_seed_1/aug_0 n= 154 budget_per_class= 14
epoch 1/1
