httpx.HTTPStatusError: Client error '401 Unauthorized' for url 'https://huggingface.co/MahmoodLab/UNI/resolve/main/config.json'
For more information check: https://developer.mozilla.org/en-US/docs/Web/HTTP/Status/401

The above exception was the direct cause of the following exception:

Traceback (most recent call last):
  File "/mnt/prj01/hgrp-1502-5TB/xuxiaoyu/reliability_medmnistc_ab/sources/table1_clean_only_20260922/reliability_medmnistc/scripts/run_pipeline.py", line 91, in <module>
    raise SystemExit(main())
                     ^^^^^^
  File "/mnt/prj01/hgrp-1502-5TB/xuxiaoyu/reliability_medmnistc_ab/sources/table1_clean_only_20260922/reliability_medmnistc/scripts/run_pipeline.py", line 86, in main
    runpy.run_path(str(pipeline), run_name="__main__")
  File "<frozen runpy>", line 291, in run_path
  File "<frozen runpy>", line 98, in _run_module_code
  File "<frozen runpy>", line 88, in _run_code
  File "/mnt/prj01/hgrp-1502-5TB/xuxiaoyu/reliability_medmnistc_ab/sources/table1_clean_only_20260922/reliability_medmnistc/reliability/pipeline.py", line 1295, in <module>
    embeddings, dynamics, selection_sources = get_selection_data(
                                              ^^^^^^^^^^^^^^^^^^^
  File "/mnt/prj01/hgrp-1502-5TB/xuxiaoyu/reliability_medmnistc_ab/sources/table1_clean_only_20260922/reliability_medmnistc/reliability/pipeline.py", line 519, in get_selection_data
    embedding_data = load_or_compute_embeddings(
                     ^^^^^^^^^^^^^^^^^^^^^^^^^^^
  File "/mnt/prj01/hgrp-1502-5TB/xuxiaoyu/reliability_medmnistc_ab/sources/table1_clean_only_20260922/graphcov/run/embeddings.py", line 713, in load_or_compute_embeddings
    data = extract_embeddings(
           ^^^^^^^^^^^^^^^^^^^
  File "/mnt/prj01/hgrp-1502-5TB/xuxiaoyu/reliability_medmnistc_ab/sources/table1_clean_only_20260922/graphcov/run/embeddings.py", line 604, in extract_embeddings
    model = get_uni_model()
            ^^^^^^^^^^^^^^^
  File "/mnt/prj01/hgrp-1502-5TB/xuxiaoyu/reliability_medmnistc_ab/sources/table1_clean_only_20260922/graphcov/run/embeddings.py", line 124, in get_uni_model
    model = timm.create_model(
            ^^^^^^^^^^^^^^^^^^
  File "/project/prj-sis01/xuxiaoyu/graph_select/envs/graphcov-py311/lib/python3.11/site-packages/timm/models/_factory.py", line 114, in create_model
    pretrained_cfg, model_name, model_args = load_model_config_from_hf(
                                             ^^^^^^^^^^^^^^^^^^^^^^^^^^
  File "/project/prj-sis01/xuxiaoyu/graph_select/envs/graphcov-py311/lib/python3.11/site-packages/timm/models/_hub.py", line 196, in load_model_config_from_hf
    cfg_path = download_from_hf(model_id, "config.json", cache_dir=cache_dir)
               ^^^^^^^^^^^^^^^^^^^^^^^^^^^^^^^^^^^^^^^^^^^^^^^^^^^^^^^^^^^^^^
  File "/project/prj-sis01/xuxiaoyu/graph_select/envs/graphcov-py311/lib/python3.11/site-packages/timm/models/_hub.py", line 150, in download_from_hf
    return hf_hub_download(
           ^^^^^^^^^^^^^^^^
  File "/project/prj-sis01/xuxiaoyu/graph_select/envs/graphcov-py311/lib/python3.11/site-packages/huggingface_hub/utils/_validators.py", line 88, in _inner_fn
    return fn(*args, **kwargs)
           ^^^^^^^^^^^^^^^^^^^
  File "/project/prj-sis01/xuxiaoyu/graph_select/envs/graphcov-py311/lib/python3.11/site-packages/huggingface_hub/file_download.py", line 1019, in hf_hub_download
    return _hf_hub_download_to_cache_dir(
           ^^^^^^^^^^^^^^^^^^^^^^^^^^^^^^
  File "/project/prj-sis01/xuxiaoyu/graph_select/envs/graphcov-py311/lib/python3.11/site-packages/huggingface_hub/file_download.py", line 1166, in _hf_hub_download_to_cache_dir
    _raise_on_head_call_error(head_call_error, force_download, local_files_only)
  File "/project/prj-sis01/xuxiaoyu/graph_select/envs/graphcov-py311/lib/python3.11/site-packages/huggingface_hub/file_download.py", line 1905, in _raise_on_head_call_error
    raise head_call_error
huggingface_hub.errors.GatedRepoError: 401 Client Error. (Request ID: Root=1-6ab17f21-44b4cb18587ad47e26f1322a;57581f34-d576-41a3-8fd0-ee1ccd70f44a)

Cannot access gated repo for url https://huggingface.co/MahmoodLab/UNI/resolve/main/config.json.
Access to model MahmoodLab/UNI is restricted. You must have access to it and be authenticated to access it. Please log in.
