{'PREP': '/mnt/prj01/hgrp-1502-5TB/xuxiaoyu/reliability_medmnistc_ab/sources/table1_clean_only_20260922', 'DATA_ROOT': '/mnt/prj01/hgrp-1502-5TB/xuxiaoyu/reliability_medmnistc_ab/data/medmnist', 'CORR_ROOT': '/mnt/prj01/hgrp-1502-5TB/xuxiaoyu/reliability_medmnistc_ab/data/medmnistc', 'OUT': '/mnt/prj01/hgrp-1502-5TB/xuxiaoyu/reliability_medmnistc_ab/table1_clean_only_20260922/smoke/organsmnist/seed_0/results', 'SELECTION_OUT': '/mnt/prj01/hgrp-1502-5TB/xuxiaoyu/reliability_medmnistc_ab/table1_clean_only_20260922/smoke/organsmnist/seed_0/selections', 'device': 'cuda', 'datasets': ['organsmnist'], 'methods': ['random', 'el2n_top', 'forgetting', 'eva', 'facility', 'fps', 'herding', 'graph_a2'], 'ratios': [0.02], 'selection_seed': 0, 'training_seeds': [0], 'epochs': 1, 'augment': False, 'smoke_n': 8192, 'deterministic': True, 'clean_only': True, 'train_source': 'clean', 'train_corruption': 'pixelate', 'train_severity': 3, 'train_on_corrupted': False}
Pinned GraphCov methods: ['random', 'el2n_top', 'forgetting', 'eva', 'facility', 'fps', 'herding', 'graph_a2']
GraphCov official base commit: 8cf757adc4c333dc1427d511f0de2f246d15ebac
MedMNIST-C commit: 8acfd2710c6e0e8b2745be8b1fa1c17b94b8f8a7
========== organsmnist ==========
  Computing uni embeddings...
  [Embeddings] uni: n=8192, dim=1024
  Computing training dynamics (20-epoch training)...
[Training Dynamics] Computing EVA, AUM, Forgetting over 20 epochs...
[EVA] Early window: epochs 1-10
[EVA] Late window: epochs 10-19
    [EVA] Early variance: min=0.000000, max=0.375741, mean=0.108689
    [EVA] Early percentiles [0,25,50,75,90,99,100]: ['0.000000', '0.064554', '0.104361', '0.155462', '0.197492', '0.285069', '0.375741']
    [EVA] Late variance: min=0.000000, max=0.221777, mean=0.004593
    [EVA] Late percentiles [0,25,50,75,90,99,100]: ['0.000000', '0.000000', '0.000000', '0.000243', '0.013123', '0.086357', '0.221777']

[EVA] Score range: [0.000000, 0.473400]
[EVA] Mean: 0.113282, Std: 0.069970
[EVA] Percentiles [0,25,50,75,100]: ['0.0000', '0.0691', '0.1065', '0.1588', '0.4734']

[AUM] Score range: [-0.452171, 1.000000]
[AUM] Mean: 0.751913, Std: 0.248567
[AUM] Percentiles [0,25,50,75,100]: ['-0.4522', '0.6770', '0.8346', '0.9197', '1.0000']
[AUM] Samples with negative avg margin (often wrong): 193 (2.4%)

[Forgetting] Score range: [0, 6]
[Forgetting] Mean: 0.59, Std: 0.94
[Forgetting] Never forgotten: 5189 (63.3%)
[Forgetting] Forgotten 5+ times: 29 (0.4%)
  [Facility] execution_device=cuda, cpu_min_class_size=40000
training /mnt/prj01/hgrp-1502-5TB/xuxiaoyu/reliability_medmnistc_ab/table1_clean_only_20260922/smoke/organsmnist/seed_0/results/organsmnist/random/ratio_0.02/selection_seed_0/train_seed_0/aug_0 n= 154 budget_per_class= 14
epoch 1/1
training /mnt/prj01/hgrp-1502-5TB/xuxiaoyu/reliability_medmnistc_ab/table1_clean_only_20260922/smoke/organsmnist/seed_0/results/organsmnist/el2n_top/ratio_0.02/selection_seed_0/train_seed_0/aug_0 n= 154 budget_per_class= 14
epoch 1/1
training /mnt/prj01/hgrp-1502-5TB/xuxiaoyu/reliability_medmnistc_ab/table1_clean_only_20260922/smoke/organsmnist/seed_0/results/organsmnist/forgetting/ratio_0.02/selection_seed_0/train_seed_0/aug_0 n= 154 budget_per_class= 14
epoch 1/1
training /mnt/prj01/hgrp-1502-5TB/xuxiaoyu/reliability_medmnistc_ab/table1_clean_only_20260922/smoke/organsmnist/seed_0/results/organsmnist/eva/ratio_0.02/selection_seed_0/train_seed_0/aug_0 n= 154 budget_per_class= 14
epoch 1/1
training /mnt/prj01/hgrp-1502-5TB/xuxiaoyu/reliability_medmnistc_ab/table1_clean_only_20260922/smoke/organsmnist/seed_0/results/organsmnist/facility/ratio_0.02/selection_seed_0/train_seed_0/aug_0 n= 154 budget_per_class= 14
epoch 1/1
training /mnt/prj01/hgrp-1502-5TB/xuxiaoyu/reliability_medmnistc_ab/table1_clean_only_20260922/smoke/organsmnist/seed_0/results/organsmnist/fps/ratio_0.02/selection_seed_0/train_seed_0/aug_0 n= 154 budget_per_class= 14
epoch 1/1
training /mnt/prj01/hgrp-1502-5TB/xuxiaoyu/reliability_medmnistc_ab/table1_clean_only_20260922/smoke/organsmnist/seed_0/results/organsmnist/herding/ratio_0.02/selection_seed_0/train_seed_0/aug_0 n= 154 budget_per_class= 14
epoch 1/1
training /mnt/prj01/hgrp-1502-5TB/xuxiaoyu/reliability_medmnistc_ab/table1_clean_only_20260922/smoke/organsmnist/seed_0/results/organsmnist/graph_a2/ratio_0.02/selection_seed_0/train_seed_0/aug_0 n= 154 budget_per_class= 14
epoch 1/1
