{'PREP': '/mnt/prj01/hgrp-1502-5TB/xuxiaoyu/reliability_medmnistc_ab/sources/table1_clean_only_20260922', 'DATA_ROOT': '/mnt/prj01/hgrp-1502-5TB/xuxiaoyu/reliability_medmnistc_ab/data/medmnist', 'CORR_ROOT': '/mnt/prj01/hgrp-1502-5TB/xuxiaoyu/reliability_medmnistc_ab/data/medmnistc', 'OUT': '/mnt/prj01/hgrp-1502-5TB/xuxiaoyu/reliability_medmnistc_ab/table1_clean_only_20260922/smoke/organamnist/seed_0/results', 'SELECTION_OUT': '/mnt/prj01/hgrp-1502-5TB/xuxiaoyu/reliability_medmnistc_ab/table1_clean_only_20260922/smoke/organamnist/seed_0/selections', 'device': 'cuda', 'datasets': ['organamnist'], 'methods': ['random', 'el2n_top', 'forgetting', 'eva', 'facility', 'fps', 'herding', 'graph_a2'], 'ratios': [0.02], 'selection_seed': 0, 'training_seeds': [0], 'epochs': 1, 'augment': False, 'smoke_n': 8192, 'deterministic': True, 'clean_only': True, 'train_source': 'clean', 'train_corruption': 'pixelate', 'train_severity': 3, 'train_on_corrupted': False}
Pinned GraphCov methods: ['random', 'el2n_top', 'forgetting', 'eva', 'facility', 'fps', 'herding', 'graph_a2']
GraphCov official base commit: 8cf757adc4c333dc1427d511f0de2f246d15ebac
MedMNIST-C commit: 8acfd2710c6e0e8b2745be8b1fa1c17b94b8f8a7
========== organamnist ==========
  Computing uni embeddings...
  [Embeddings] uni: n=8192, dim=1024
  Computing training dynamics (20-epoch training)...
[Training Dynamics] Computing EVA, AUM, Forgetting over 20 epochs...
[EVA] Early window: epochs 1-10
[EVA] Late window: epochs 10-19
    [EVA] Early variance: min=0.000000, max=0.416815, mean=0.067853
    [EVA] Early percentiles [0,25,50,75,90,99,100]: ['0.000000', '0.000003', '0.020614', '0.139555', '0.180000', '0.276874', '0.416815']
    [EVA] Late variance: min=0.000000, max=0.145791, mean=0.000114
    [EVA] Late percentiles [0,25,50,75,90,99,100]: ['0.000000', '0.000000', '0.000000', '0.000000', '0.000000', '0.000281', '0.145791']

[EVA] Score range: [0.000000, 0.416815]
[EVA] Mean: 0.067967, Std: 0.080646
[EVA] Percentiles [0,25,50,75,100]: ['0.0000', '0.0000', '0.0206', '0.1399', '0.4168']

[AUM] Score range: [0.130694, 1.000000]
[AUM] Mean: 0.929430, Std: 0.089751
[AUM] Percentiles [0,25,50,75,100]: ['0.1307', '0.9000', '0.9562', '0.9994', '1.0000']
[AUM] Samples with negative avg margin (often wrong): 0 (0.0%)

[Forgetting] Score range: [0, 3]
[Forgetting] Mean: 0.11, Std: 0.36
[Forgetting] Never forgotten: 7407 (90.4%)
[Forgetting] Forgotten 5+ times: 0 (0.0%)
  [Facility] execution_device=cuda, cpu_min_class_size=40000
training /mnt/prj01/hgrp-1502-5TB/xuxiaoyu/reliability_medmnistc_ab/table1_clean_only_20260922/smoke/organamnist/seed_0/results/organamnist/random/ratio_0.02/selection_seed_0/train_seed_0/aug_0 n= 154 budget_per_class= 14
epoch 1/1
training /mnt/prj01/hgrp-1502-5TB/xuxiaoyu/reliability_medmnistc_ab/table1_clean_only_20260922/smoke/organamnist/seed_0/results/organamnist/el2n_top/ratio_0.02/selection_seed_0/train_seed_0/aug_0 n= 154 budget_per_class= 14
epoch 1/1
training /mnt/prj01/hgrp-1502-5TB/xuxiaoyu/reliability_medmnistc_ab/table1_clean_only_20260922/smoke/organamnist/seed_0/results/organamnist/forgetting/ratio_0.02/selection_seed_0/train_seed_0/aug_0 n= 154 budget_per_class= 14
epoch 1/1
training /mnt/prj01/hgrp-1502-5TB/xuxiaoyu/reliability_medmnistc_ab/table1_clean_only_20260922/smoke/organamnist/seed_0/results/organamnist/eva/ratio_0.02/selection_seed_0/train_seed_0/aug_0 n= 154 budget_per_class= 14
epoch 1/1
training /mnt/prj01/hgrp-1502-5TB/xuxiaoyu/reliability_medmnistc_ab/table1_clean_only_20260922/smoke/organamnist/seed_0/results/organamnist/facility/ratio_0.02/selection_seed_0/train_seed_0/aug_0 n= 154 budget_per_class= 14
epoch 1/1
training /mnt/prj01/hgrp-1502-5TB/xuxiaoyu/reliability_medmnistc_ab/table1_clean_only_20260922/smoke/organamnist/seed_0/results/organamnist/fps/ratio_0.02/selection_seed_0/train_seed_0/aug_0 n= 154 budget_per_class= 14
epoch 1/1
training /mnt/prj01/hgrp-1502-5TB/xuxiaoyu/reliability_medmnistc_ab/table1_clean_only_20260922/smoke/organamnist/seed_0/results/organamnist/herding/ratio_0.02/selection_seed_0/train_seed_0/aug_0 n= 154 budget_per_class= 14
epoch 1/1
training /mnt/prj01/hgrp-1502-5TB/xuxiaoyu/reliability_medmnistc_ab/table1_clean_only_20260922/smoke/organamnist/seed_0/results/organamnist/graph_a2/ratio_0.02/selection_seed_0/train_seed_0/aug_0 n= 154 budget_per_class= 14
epoch 1/1
