{'PREP': '/mnt/prj01/hgrp-1502-5TB/xuxiaoyu/reliability_medmnistc_ab/sources/table1_clean_only_20260922', 'DATA_ROOT': '/mnt/prj01/hgrp-1502-5TB/xuxiaoyu/reliability_medmnistc_ab/data/medmnist', 'CORR_ROOT': '/mnt/prj01/hgrp-1502-5TB/xuxiaoyu/reliability_medmnistc_ab/data/medmnistc', 'OUT': '/mnt/prj01/hgrp-1502-5TB/xuxiaoyu/reliability_medmnistc_ab/table1_clean_only_20260922/smoke/tissuemnist/seed_1/results', 'SELECTION_OUT': '/mnt/prj01/hgrp-1502-5TB/xuxiaoyu/reliability_medmnistc_ab/table1_clean_only_20260922/smoke/tissuemnist/seed_1/selections', 'device': 'cuda', 'datasets': ['tissuemnist'], 'methods': ['random', 'el2n_top', 'forgetting', 'eva', 'facility', 'fps', 'herding', 'graph_a2'], 'ratios': [0.02], 'selection_seed': 1, 'training_seeds': [1], 'epochs': 1, 'augment': False, 'smoke_n': 8192, 'deterministic': True, 'clean_only': True, 'train_source': 'clean', 'train_corruption': 'pixelate', 'train_severity': 3, 'train_on_corrupted': False}
Pinned GraphCov methods: ['random', 'el2n_top', 'forgetting', 'eva', 'facility', 'fps', 'herding', 'graph_a2']
GraphCov official base commit: 8cf757adc4c333dc1427d511f0de2f246d15ebac
MedMNIST-C commit: unknown
========== tissuemnist ==========
  [Embeddings] Loaded uni from cache: n=8192, dim=1024
  Computing training dynamics (20-epoch training)...
[Training Dynamics] Computing EVA, AUM, Forgetting over 20 epochs...
[EVA] Early window: epochs 1-10
[EVA] Late window: epochs 10-19
    [EVA] Early variance: min=0.001643, max=0.479999, mean=0.082691
    [EVA] Early percentiles [0,25,50,75,90,99,100]: ['0.001643', '0.039694', '0.082442', '0.118519', '0.142437', '0.200319', '0.479999']
    [EVA] Late variance: min=0.000001, max=0.463520, mean=0.013763
    [EVA] Late percentiles [0,25,50,75,90,99,100]: ['0.000001', '0.001728', '0.005455', '0.017186', '0.039483', '0.080373', '0.463520']

[EVA] Score range: [0.002905, 0.917850]
[EVA] Mean: 0.096454, Std: 0.060801
[EVA] Percentiles [0,25,50,75,100]: ['0.0029', '0.0493', '0.0998', '0.1347', '0.9178']

[AUM] Score range: [-0.850339, 0.791181]
[AUM] Mean: 0.021432, Std: 0.354557
[AUM] Percentiles [0,25,50,75,100]: ['-0.8503', '-0.2230', '-0.0433', '0.3052', '0.7912']
[AUM] Samples with negative avg margin (often wrong): 4494 (54.9%)

[Forgetting] Score range: [0, 7]
[Forgetting] Mean: 1.43, Std: 1.48
[Forgetting] Never forgotten: 3007 (36.7%)
[Forgetting] Forgotten 5+ times: 315 (3.8%)
  [Facility] execution_device=cuda, cpu_min_class_size=40000
training /mnt/prj01/hgrp-1502-5TB/xuxiaoyu/reliability_medmnistc_ab/table1_clean_only_20260922/smoke/tissuemnist/seed_1/results/tissuemnist/random/ratio_0.02/selection_seed_1/train_seed_1/aug_0 n= 160 budget_per_class= 20
epoch 1/1
training /mnt/prj01/hgrp-1502-5TB/xuxiaoyu/reliability_medmnistc_ab/table1_clean_only_20260922/smoke/tissuemnist/seed_1/results/tissuemnist/el2n_top/ratio_0.02/selection_seed_1/train_seed_1/aug_0 n= 160 budget_per_class= 20
epoch 1/1
training /mnt/prj01/hgrp-1502-5TB/xuxiaoyu/reliability_medmnistc_ab/table1_clean_only_20260922/smoke/tissuemnist/seed_1/results/tissuemnist/forgetting/ratio_0.02/selection_seed_1/train_seed_1/aug_0 n= 160 budget_per_class= 20
epoch 1/1
training /mnt/prj01/hgrp-1502-5TB/xuxiaoyu/reliability_medmnistc_ab/table1_clean_only_20260922/smoke/tissuemnist/seed_1/results/tissuemnist/eva/ratio_0.02/selection_seed_1/train_seed_1/aug_0 n= 160 budget_per_class= 20
epoch 1/1
training /mnt/prj01/hgrp-1502-5TB/xuxiaoyu/reliability_medmnistc_ab/table1_clean_only_20260922/smoke/tissuemnist/seed_1/results/tissuemnist/facility/ratio_0.02/selection_seed_1/train_seed_1/aug_0 n= 160 budget_per_class= 20
epoch 1/1
training /mnt/prj01/hgrp-1502-5TB/xuxiaoyu/reliability_medmnistc_ab/table1_clean_only_20260922/smoke/tissuemnist/seed_1/results/tissuemnist/fps/ratio_0.02/selection_seed_1/train_seed_1/aug_0 n= 160 budget_per_class= 20
epoch 1/1
training /mnt/prj01/hgrp-1502-5TB/xuxiaoyu/reliability_medmnistc_ab/table1_clean_only_20260922/smoke/tissuemnist/seed_1/results/tissuemnist/herding/ratio_0.02/selection_seed_1/train_seed_1/aug_0 n= 160 budget_per_class= 20
epoch 1/1
training /mnt/prj01/hgrp-1502-5TB/xuxiaoyu/reliability_medmnistc_ab/table1_clean_only_20260922/smoke/tissuemnist/seed_1/results/tissuemnist/graph_a2/ratio_0.02/selection_seed_1/train_seed_1/aug_0 n= 160 budget_per_class= 20
epoch 1/1
