host=hpcgpu107.ln.edu.hk user=qiangzeng shard=1/3 task=4/5
worklist=145 cells  stride=15 offset=9  ngpu=2
exp_root=/mnt/prj01/hgrp-1502-5TB/tdgs_shared/runs/round2_20260927
sel_dir=/mnt/prj01/hgrp-1502-5TB/tdgs_shared/sel
start=2026-09-28T02:04:42+08:00
0, NVIDIA A100 80GB PCIe, 81920 MiB
1, NVIDIA A100 80GB PCIe, 81920 MiB
2, NVIDIA A100 80GB PCIe, 81920 MiB
3, NVIDIA A100 80GB PCIe, 81920 MiB
this job owns 10 cells
[gpu0] ok tissuemnist r0.02 a2_perclass s43  (2243s)
[gpu1] ok tissuemnist r0.02 tdgs_mask s43  (2615s)
[gpu0] ok tissuemnist r0.02 tdgs_wcls s43  (1569s)
[gpu1] ok tissuemnist r0.02 tdgs_cls_perm s43  (2441s)
[gpu0] ok tissuemnist r0.02 tdgs_lam1 s43  (2215s)
[gpu1] ok tissuemnist r0.02 graph_a2 s46  (2406s)
[gpu0] ok tissuemnist r0.05 graph_a2 s42  (5232s)
[gpu1] ok tissuemnist r0.05 graph_a2 s45  (4029s)
[gpu1] ok tissuemnist r0.05 tdgs_cls s46  (3427s)
[gpu1] finished: ok=5 skip=0 fail=0
[gpu0] ok tissuemnist r0.05 tdgs_cls s43  (3748s)
[gpu0] finished: ok=5 skip=0 fail=0
shard=1 task=4 done=2026-09-28T06:14:49+08:00
