host=hpcgpu109.ln.edu.hk user=qiangzeng shard=1/3 task=0/5
worklist=145 cells  stride=15 offset=5  ngpu=2
exp_root=/mnt/prj01/hgrp-1502-5TB/tdgs_shared/runs/round2_20260927
sel_dir=/mnt/prj01/hgrp-1502-5TB/tdgs_shared/sel
start=2026-09-27T23:42:47+08:00
0, NVIDIA A100 80GB PCIe, 81920 MiB
1, NVIDIA A100 80GB PCIe, 81920 MiB
2, NVIDIA A100 80GB PCIe, 81920 MiB
3, NVIDIA A100 80GB PCIe, 81920 MiB
4, NVIDIA A100 80GB PCIe, 81920 MiB
5, NVIDIA A100 80GB PCIe, 81920 MiB
6, NVIDIA A100 80GB PCIe, 81920 MiB
7, NVIDIA A100 80GB PCIe, 81920 MiB
this job owns 10 cells
[gpu1] ok pathmnist r0.02 tdgs_mask s43  (2839s)
[gpu0] ok pathmnist r0.02 a2_perclass s43  (2880s)
[gpu0] ok pathmnist r0.02 tdgs_wcls s43  (2863s)
[gpu1] ok pathmnist r0.02 tdgs_cls_perm s43  (3011s)
[gpu0] ok pathmnist r0.02 tdgs_lam1 s43  (3309s)
[gpu1] ok pathmnist r0.02 graph_a2 s46  (3205s)
[gpu1] ok pathmnist r0.05 graph_a2 s45  (6608s)
[gpu0] ok pathmnist r0.05 graph_a2 s42  (6975s)
[gpu1] ok pathmnist r0.05 tdgs_cls s46  (6964s)
[gpu1] finished: ok=5 skip=0 fail=0
[gpu0] ok pathmnist r0.05 tdgs_cls s43  (7580s)
[gpu0] finished: ok=5 skip=0 fail=0
shard=1 task=0 done=2026-09-28T06:16:16+08:00
