host=hpcgpu107.ln.edu.hk user=qiangzeng shard=1/3 task=2/5
worklist=145 cells  stride=15 offset=7  ngpu=2
exp_root=/mnt/prj01/hgrp-1502-5TB/tdgs_shared/runs/round2_20260927
sel_dir=/mnt/prj01/hgrp-1502-5TB/tdgs_shared/sel
start=2026-09-28T01:00:17+08:00
0, NVIDIA A100 80GB PCIe, 81920 MiB
1, NVIDIA A100 80GB PCIe, 81920 MiB
2, NVIDIA A100 80GB PCIe, 81920 MiB
3, NVIDIA A100 80GB PCIe, 81920 MiB
this job owns 10 cells
[gpu0] ok bloodmnist r0.02 a2_perclass s43  (619s)
[gpu1] ok bloodmnist r0.02 tdgs_mask s43  (628s)
[gpu0] ok bloodmnist r0.02 tdgs_wcls s43  (611s)
[gpu1] ok bloodmnist r0.02 tdgs_cls_perm s43  (617s)
[gpu0] ok bloodmnist r0.02 tdgs_lam1 s43  (627s)
[gpu1] ok bloodmnist r0.02 graph_a2 s46  (646s)
[gpu0] ok bloodmnist r0.05 graph_a2 s42  (946s)
[gpu1] ok bloodmnist r0.05 graph_a2 s45  (996s)
[gpu0] ok bloodmnist r0.05 tdgs_cls s43  (989s)
[gpu0] finished: ok=5 skip=0 fail=0
[gpu1] ok bloodmnist r0.05 tdgs_cls s46  (976s)
[gpu1] finished: ok=5 skip=0 fail=0
shard=1 task=2 done=2026-09-28T02:04:40+08:00
