host=hpcgpu107.ln.edu.hk user=danranwang ds=organamnist seed=44 start=2026-09-28T13:07:59+08:00
{'PREP': '/mnt/prj01/hgrp-1502-5TB/xuxiaoyu/reliability_medmnistc_ab/sources/table1_clean_only_20260922', 'DATA_ROOT': '/mnt/prj01/hgrp-1502-5TB/xuxiaoyu/reliability_medmnistc_ab/data/medmnist', 'CORR_ROOT': '/mnt/prj01/hgrp-1502-5TB/xuxiaoyu/reliability_medmnistc_ab/data/medmnistc', 'OUT': '/mnt/prj01/hgrp-1502-5TB/tdgs_shared/runs/table1_s4246_20260928/stage/seed_44/results', 'SELECTION_OUT': '/mnt/prj01/hgrp-1502-5TB/tdgs_shared/runs/table1_s4246_20260928/sel/seed_44', 'device': 'cuda', 'datasets': ['organamnist'], 'methods': ['random', 'el2n_top', 'forgetting', 'eva', 'facility', 'fps', 'herding'], 'ratios': [0.02, 0.05], 'selection_seed': 44, 'training_seeds': [44], 'epochs': 1000, 'augment': False, 'smoke_n': 0, 'deterministic': True, 'clean_only': True, 'train_source': 'clean', 'train_corruption': 'pixelate', 'train_severity': 3, 'train_on_corrupted': False}
Pinned GraphCov methods: ['random', 'el2n_top', 'forgetting', 'eva', 'facility', 'fps', 'herding']
GraphCov official base commit: 8cf757adc4c333dc1427d511f0de2f246d15ebac
MedMNIST-C commit: unknown
========== organamnist ==========
  [Embeddings] Loaded uni from cache: n=34561, dim=1024
  [Dynamics] Loaded raw training dynamics from cache: organamnist_train_dynamics_28_e200_s44.npz
  [Facility] execution_device=cuda, cpu_min_class_size=40000
  [Facility] execution_device=cuda, cpu_min_class_size=40000
=== staged ===
13106f51a3bac474  el2n_top/organamnist/ratio_0.02/selection_seed_44/index_order_sha256.txt
fa38bbc5f6b4404d  el2n_top/organamnist/ratio_0.05/selection_seed_44/index_order_sha256.txt
c69cd49e42676dbb  eva/organamnist/ratio_0.02/selection_seed_44/index_order_sha256.txt
85257786162cf25d  eva/organamnist/ratio_0.05/selection_seed_44/index_order_sha256.txt
45604fd3ea7c0fc8  facility/organamnist/ratio_0.02/selection_seed_44/index_order_sha256.txt
79855f77d34e0556  facility/organamnist/ratio_0.05/selection_seed_44/index_order_sha256.txt
eed428e7302e55d3  forgetting/organamnist/ratio_0.02/selection_seed_44/index_order_sha256.txt
ca582640004f96c0  forgetting/organamnist/ratio_0.05/selection_seed_44/index_order_sha256.txt
8f548825626c0c7a  fps/organamnist/ratio_0.02/selection_seed_44/index_order_sha256.txt
ca8283b9416a4c54  fps/organamnist/ratio_0.05/selection_seed_44/index_order_sha256.txt
da4203a08717e216  herding/organamnist/ratio_0.02/selection_seed_44/index_order_sha256.txt
d3e2427929aa04d6  herding/organamnist/ratio_0.05/selection_seed_44/index_order_sha256.txt
6c48019578b602c0  random/organamnist/ratio_0.02/selection_seed_44/index_order_sha256.txt
9157620b3ae32d92  random/organamnist/ratio_0.05/selection_seed_44/index_order_sha256.txt
done=2026-09-28T13:08:26+08:00
