host=hpcgpu107.ln.edu.hk user=danranwang ds=organamnist seed=46 start=2026-09-28T13:19:14+08:00
{'PREP': '/mnt/prj01/hgrp-1502-5TB/xuxiaoyu/reliability_medmnistc_ab/sources/table1_clean_only_20260922', 'DATA_ROOT': '/mnt/prj01/hgrp-1502-5TB/xuxiaoyu/reliability_medmnistc_ab/data/medmnist', 'CORR_ROOT': '/mnt/prj01/hgrp-1502-5TB/xuxiaoyu/reliability_medmnistc_ab/data/medmnistc', 'OUT': '/mnt/prj01/hgrp-1502-5TB/tdgs_shared/runs/table1_s4246_20260928/stage/seed_46/results', 'SELECTION_OUT': '/mnt/prj01/hgrp-1502-5TB/tdgs_shared/runs/table1_s4246_20260928/sel/seed_46', 'device': 'cuda', 'datasets': ['organamnist'], 'methods': ['random', 'el2n_top', 'forgetting', 'eva', 'facility', 'fps', 'herding'], 'ratios': [0.02, 0.05], 'selection_seed': 46, 'training_seeds': [46], 'epochs': 1000, 'augment': False, 'smoke_n': 0, 'deterministic': True, 'clean_only': True, 'train_source': 'clean', 'train_corruption': 'pixelate', 'train_severity': 3, 'train_on_corrupted': False}
Pinned GraphCov methods: ['random', 'el2n_top', 'forgetting', 'eva', 'facility', 'fps', 'herding']
GraphCov official base commit: 8cf757adc4c333dc1427d511f0de2f246d15ebac
MedMNIST-C commit: unknown
========== organamnist ==========
  [Embeddings] Loaded uni from cache: n=34561, dim=1024
  Computing training dynamics (200-epoch training)...
[Training Dynamics] Computing EVA, AUM, Forgetting over 200 epochs...
[EVA] Early window: epochs 1-10
[EVA] Late window: epochs 190-199
    [EVA] Early variance: min=0.000000, max=0.360509, mean=0.013739
    [EVA] Early percentiles [0,25,50,75,90,99,100]: ['0.000000', '0.000000', '0.000008', '0.001529', '0.044022', '0.188256', '0.360509']
    [EVA] Late variance: min=0.000000, max=0.000004, mean=0.000000
    [EVA] Late percentiles [0,25,50,75,90,99,100]: ['0.000000', '0.000000', '0.000000', '0.000000', '0.000000', '0.000000', '0.000004']

[EVA] Score range: [0.000000, 0.360509]
[EVA] Mean: 0.013739, Std: 0.039108
[EVA] Percentiles [0,25,50,75,100]: ['0.0000', '0.0000', '0.0000', '0.0015', '0.3605']

[AUM] Score range: [0.488297, 0.999873]
[AUM] Mean: 0.980195, Std: 0.021271
[AUM] Percentiles [0,25,50,75,100]: ['0.4883', '0.9777', '0.9878', '0.9895', '0.9999']
[AUM] Samples with negative avg margin (often wrong): 0 (0.0%)

[Forgetting] Score range: [0, 22]
[Forgetting] Mean: 1.31, Std: 1.21
[Forgetting] Never forgotten: 3771 (10.9%)
[Forgetting] Forgotten 5+ times: 946 (2.7%)
  [Facility] execution_device=cuda, cpu_min_class_size=40000
  [Facility] execution_device=cuda, cpu_min_class_size=40000
=== staged ===
2f8b19282718bed3  el2n_top/organamnist/ratio_0.02/selection_seed_46/index_order_sha256.txt
9ede180999252265  el2n_top/organamnist/ratio_0.05/selection_seed_46/index_order_sha256.txt
d64d88e3ce0d426f  eva/organamnist/ratio_0.02/selection_seed_46/index_order_sha256.txt
005b2fd1d9ab0680  eva/organamnist/ratio_0.05/selection_seed_46/index_order_sha256.txt
45604fd3ea7c0fc8  facility/organamnist/ratio_0.02/selection_seed_46/index_order_sha256.txt
79855f77d34e0556  facility/organamnist/ratio_0.05/selection_seed_46/index_order_sha256.txt
57d75f975405cac8  forgetting/organamnist/ratio_0.02/selection_seed_46/index_order_sha256.txt
8a8c51c089bf508d  forgetting/organamnist/ratio_0.05/selection_seed_46/index_order_sha256.txt
4da4d1e826122bc6  fps/organamnist/ratio_0.02/selection_seed_46/index_order_sha256.txt
e4a5d247ccabe42f  fps/organamnist/ratio_0.05/selection_seed_46/index_order_sha256.txt
da4203a08717e216  herding/organamnist/ratio_0.02/selection_seed_46/index_order_sha256.txt
d3e2427929aa04d6  herding/organamnist/ratio_0.05/selection_seed_46/index_order_sha256.txt
a5fd97c379f3f3ee  random/organamnist/ratio_0.02/selection_seed_46/index_order_sha256.txt
86631307213a3b71  random/organamnist/ratio_0.05/selection_seed_46/index_order_sha256.txt
done=2026-09-28T13:29:58+08:00
