host=hpcgpu107.ln.edu.hk user=danranwang ds=organamnist seed=45 start=2026-09-28T13:08:29+08:00
{'PREP': '/mnt/prj01/hgrp-1502-5TB/xuxiaoyu/reliability_medmnistc_ab/sources/table1_clean_only_20260922', 'DATA_ROOT': '/mnt/prj01/hgrp-1502-5TB/xuxiaoyu/reliability_medmnistc_ab/data/medmnist', 'CORR_ROOT': '/mnt/prj01/hgrp-1502-5TB/xuxiaoyu/reliability_medmnistc_ab/data/medmnistc', 'OUT': '/mnt/prj01/hgrp-1502-5TB/tdgs_shared/runs/table1_s4246_20260928/stage/seed_45/results', 'SELECTION_OUT': '/mnt/prj01/hgrp-1502-5TB/tdgs_shared/runs/table1_s4246_20260928/sel/seed_45', 'device': 'cuda', 'datasets': ['organamnist'], 'methods': ['random', 'el2n_top', 'forgetting', 'eva', 'facility', 'fps', 'herding'], 'ratios': [0.02, 0.05], 'selection_seed': 45, 'training_seeds': [45], 'epochs': 1000, 'augment': False, 'smoke_n': 0, 'deterministic': True, 'clean_only': True, 'train_source': 'clean', 'train_corruption': 'pixelate', 'train_severity': 3, 'train_on_corrupted': False}
Pinned GraphCov methods: ['random', 'el2n_top', 'forgetting', 'eva', 'facility', 'fps', 'herding']
GraphCov official base commit: 8cf757adc4c333dc1427d511f0de2f246d15ebac
MedMNIST-C commit: unknown
========== organamnist ==========
  [Embeddings] Loaded uni from cache: n=34561, dim=1024
  Computing training dynamics (200-epoch training)...
[Training Dynamics] Computing EVA, AUM, Forgetting over 200 epochs...
[EVA] Early window: epochs 1-10
[EVA] Late window: epochs 190-199
    [EVA] Early variance: min=0.000000, max=0.387485, mean=0.010397
    [EVA] Early percentiles [0,25,50,75,90,99,100]: ['0.000000', '0.000000', '0.000001', '0.000504', '0.023358', '0.177794', '0.387485']
    [EVA] Late variance: min=0.000000, max=0.000001, mean=0.000000
    [EVA] Late percentiles [0,25,50,75,90,99,100]: ['0.000000', '0.000000', '0.000000', '0.000000', '0.000000', '0.000000', '0.000001']

[EVA] Score range: [0.000000, 0.387485]
[EVA] Mean: 0.010397, Std: 0.034681
[EVA] Percentiles [0,25,50,75,100]: ['0.0000', '0.0000', '0.0000', '0.0005', '0.3875']

[AUM] Score range: [0.599594, 0.999703]
[AUM] Mean: 0.984626, Std: 0.015585
[AUM] Percentiles [0,25,50,75,100]: ['0.5996', '0.9840', '0.9889', '0.9895', '0.9997']
[AUM] Samples with negative avg margin (often wrong): 0 (0.0%)

[Forgetting] Score range: [0, 21]
[Forgetting] Mean: 1.15, Std: 0.99
[Forgetting] Never forgotten: 4729 (13.7%)
[Forgetting] Forgotten 5+ times: 461 (1.3%)
  [Facility] execution_device=cuda, cpu_min_class_size=40000
  [Facility] execution_device=cuda, cpu_min_class_size=40000
=== staged ===
19848e8d8e64fdd2  el2n_top/organamnist/ratio_0.02/selection_seed_45/index_order_sha256.txt
f95a5c77690f6b60  el2n_top/organamnist/ratio_0.05/selection_seed_45/index_order_sha256.txt
e70475f26c5c51bd  eva/organamnist/ratio_0.02/selection_seed_45/index_order_sha256.txt
376f403d532b0818  eva/organamnist/ratio_0.05/selection_seed_45/index_order_sha256.txt
45604fd3ea7c0fc8  facility/organamnist/ratio_0.02/selection_seed_45/index_order_sha256.txt
79855f77d34e0556  facility/organamnist/ratio_0.05/selection_seed_45/index_order_sha256.txt
4ffd745d187c167a  forgetting/organamnist/ratio_0.02/selection_seed_45/index_order_sha256.txt
0c5ed7b22659fdb2  forgetting/organamnist/ratio_0.05/selection_seed_45/index_order_sha256.txt
676343d1988b01df  fps/organamnist/ratio_0.02/selection_seed_45/index_order_sha256.txt
7f8fd68ab018193f  fps/organamnist/ratio_0.05/selection_seed_45/index_order_sha256.txt
da4203a08717e216  herding/organamnist/ratio_0.02/selection_seed_45/index_order_sha256.txt
d3e2427929aa04d6  herding/organamnist/ratio_0.05/selection_seed_45/index_order_sha256.txt
fef51e703558a88f  random/organamnist/ratio_0.02/selection_seed_45/index_order_sha256.txt
71159c1f46fe4f77  random/organamnist/ratio_0.05/selection_seed_45/index_order_sha256.txt
done=2026-09-28T13:19:11+08:00
