host=hpcamd141.ln.edu.hk start=2026-10-02T22:04:10+08:00
pathmnist train features done
pathmnist val features done
pathmnist test features done

pathmnist  features ['R', 'G', 'B', 'sat', 'val', 'hue_cos', 'hue_sin', 'lum_std']
  floor train->val   gap 0.049  [+0.00 +0.02 +0.01 -0.03 -0.00 -0.03 -0.02 +0.01]
  real  train->test  gap 0.644  [-0.09 +0.09 +0.09 -0.10 +0.01 -0.50 -0.35 +0.07]
  brightness_down  s1  gap(clean test->corr) 2.194  gap(train->corr) 2.248  [-1.18 -0.63 -1.16 +0.01 -1.23 -0.01 -0.00 -0.42]
  brightness_down  s2  gap(clean test->corr) 2.905  gap(train->corr) 2.935  [-1.56 -0.83 -1.54 +0.01 -1.62 -0.00 +0.00 -0.56]
  brightness_down  s3  gap(clean test->corr) 3.622  gap(train->corr) 3.638  [-1.95 -1.03 -1.92 +0.01 -2.03 -0.01 +0.00 -0.70]
  brightness_down  s4  gap(clean test->corr) 4.062  gap(train->corr) 4.071  [-2.18 -1.16 -2.15 +0.01 -2.27 +0.00 +0.00 -0.78]
  brightness_down  s5  gap(clean test->corr) 4.348  gap(train->corr) 4.353  [-2.34 -1.24 -2.30 +0.01 -2.43 +0.01 +0.01 -0.84]
  brightness_up    s1  gap(clean test->corr) 1.233  gap(train->corr) 1.384  [+0.66 +0.38 +0.65 -0.06 +0.66 +0.18 -0.07 +0.18]
  brightness_up    s2  gap(clean test->corr) 1.701  gap(train->corr) 1.828  [+0.92 +0.54 +0.91 -0.12 +0.91 +0.19 -0.10 +0.19]
  brightness_up    s3  gap(clean test->corr) 2.120  gap(train->corr) 2.252  [+1.14 +0.68 +1.15 -0.18 +1.14 +0.15 -0.18 +0.18]
  brightness_up    s4  gap(clean test->corr) 2.271  gap(train->corr) 2.407  [+1.22 +0.73 +1.23 -0.21 +1.21 +0.13 -0.21 +0.17]
  brightness_up    s5  gap(clean test->corr) 2.497  gap(train->corr) 2.638  [+1.33 +0.82 +1.36 -0.25 +1.33 +0.11 -0.25 +0.15]
  contrast_down    s1  gap(clean test->corr) 0.897  gap(train->corr) 1.124  [-0.26 +0.10 -0.22 -0.52 -0.30 +0.00 +0.00 -0.56]
  contrast_down    s2  gap(clean test->corr) 1.345  gap(train->corr) 1.516  [-0.38 +0.16 -0.33 -0.80 -0.44 -0.00 +0.00 -0.84]
  contrast_down    s3  gap(clean test->corr) 1.795  gap(train->corr) 1.932  [-0.50 +0.22 -0.43 -1.07 -0.58 +0.00 +0.01 -1.12]
  contrast_down    s4  gap(clean test->corr) 2.025  gap(train->corr) 2.151  [-0.56 +0.25 -0.48 -1.22 -0.65 +0.00 +0.01 -1.26]
  contrast_down    s5  gap(clean test->corr) 2.247  gap(train->corr) 2.366  [-0.61 +0.28 -0.52 -1.36 -0.72 -0.00 +0.01 -1.40]
  contrast_up      s1  gap(clean test->corr) 0.413  gap(train->corr) 0.754  [+0.10 -0.07 +0.07 +0.26 +0.10 +0.02 -0.04 +0.27]
  contrast_up      s2  gap(clean test->corr) 0.795  gap(train->corr) 1.007  [+0.20 -0.13 +0.15 +0.49 +0.21 +0.03 -0.08 +0.50]
  contrast_up      s3  gap(clean test->corr) 1.142  gap(train->corr) 1.297  [+0.28 -0.19 +0.22 +0.72 +0.31 +0.03 -0.12 +0.71]
  contrast_up      s4  gap(clean test->corr) 1.462  gap(train->corr) 1.586  [+0.36 -0.25 +0.29 +0.93 +0.40 +0.02 -0.15 +0.90]
  contrast_up      s5  gap(clean test->corr) 2.011  gap(train->corr) 2.101  [+0.49 -0.36 +0.41 +1.29 +0.55 +0.02 -0.19 +1.23]
  saturate         s1  gap(clean test->corr) 0.600  gap(train->corr) 0.775  [-0.05 -0.30 -0.08 +0.51 +0.00 -0.01 +0.02 -0.07]
  saturate         s2  gap(clean test->corr) 1.165  gap(train->corr) 1.200  [-0.09 -0.57 -0.14 +0.99 +0.00 -0.01 +0.02 -0.15]
  saturate         s3  gap(clean test->corr) 1.734  gap(train->corr) 1.711  [-0.12 -0.86 -0.20 +1.47 +0.00 -0.00 +0.02 -0.22]
  saturate         s4  gap(clean test->corr) 2.297  gap(train->corr) 2.246  [-0.16 -1.14 -0.27 +1.95 +0.00 -0.00 +0.01 -0.29]
  saturate         s5  gap(clean test->corr) 2.858  gap(train->corr) 2.789  [-0.20 -1.41 -0.33 +2.43 +0.00 -0.00 +0.01 -0.37]
bloodmnist train features done
bloodmnist val features done
bloodmnist test features done

bloodmnist  features ['R', 'G', 'B', 'sat', 'val', 'hue_cos', 'hue_sin', 'lum_std']
  floor train->val   gap 0.031  [-0.00 -0.00 +0.01 -0.02 -0.00 -0.01 -0.01 -0.01]
  real  train->test  gap 0.035  [-0.01 -0.01 -0.01 +0.01 -0.01 -0.02 -0.01 +0.01]
  brightness_down  s1  gap(clean test->corr) 3.552  gap(train->corr) 3.568  [-1.33 -0.98 -2.50 +0.02 -1.83 -0.01 +0.01 -0.53]
  brightness_down  s2  gap(clean test->corr) 6.997  gap(train->corr) 7.013  [-2.63 -1.94 -4.92 +0.03 -3.61 +0.00 -0.00 -1.07]
  brightness_down  s3  gap(clean test->corr) 10.474  gap(train->corr) 10.490  [-3.94 -2.90 -7.35 +0.02 -5.41 -0.00 -0.00 -1.61]
  brightness_down  s4  gap(clean test->corr) 13.927  gap(train->corr) 13.943  [-5.23 -3.85 -9.77 +0.03 -7.18 +0.00 -0.00 -2.14]
  brightness_down  s5  gap(clean test->corr) 17.369  gap(train->corr) 17.385  [-6.53 -4.80 -12.18 +0.02 -8.97 -0.00 +0.00 -2.67]
  brightness_up    s1  gap(clean test->corr) 3.043  gap(train->corr) 3.030  [+0.70 +0.93 +2.37 -0.62 +1.00 -0.75 +0.47 +0.31]
  brightness_up    s2  gap(clean test->corr) 5.853  gap(train->corr) 5.839  [+1.25 +1.51 +4.78 -1.46 +1.79 -1.30 +0.71 +0.28]
  brightness_up    s3  gap(clean test->corr) 8.144  gap(train->corr) 8.132  [+1.61 +1.92 +6.85 -2.29 +2.34 -1.27 -0.86 +0.14]
  brightness_up    s4  gap(clean test->corr) 8.995  gap(train->corr) 8.984  [+1.74 +2.10 +7.53 -2.53 +2.54 -1.41 -1.36 +0.06]
  brightness_up    s5  gap(clean test->corr) 9.762  gap(train->corr) 9.752  [+1.85 +2.28 +8.14 -2.76 +2.71 -1.67 -1.65 -0.03]
  contrast_down    s1  gap(clean test->corr) 0.912  gap(train->corr) 0.903  [-0.18 +0.04 -0.03 -0.64 -0.31 -0.00 +0.00 -0.53]
  contrast_down    s2  gap(clean test->corr) 1.813  gap(train->corr) 1.803  [-0.33 +0.11 +0.00 -1.30 -0.57 -0.00 +0.00 -1.07]
  contrast_down    s3  gap(clean test->corr) 2.715  gap(train->corr) 2.705  [-0.48 +0.17 +0.02 -1.96 -0.85 -0.00 -0.00 -1.60]
  contrast_down    s4  gap(clean test->corr) 3.616  gap(train->corr) 3.606  [-0.62 +0.24 +0.06 -2.61 -1.11 -0.00 +0.00 -2.14]
  contrast_down    s5  gap(clean test->corr) 4.518  gap(train->corr) 4.508  [-0.76 +0.31 +0.11 -3.27 -1.37 -0.00 +0.00 -2.67]
  contrast_up      s1  gap(clean test->corr) 0.761  gap(train->corr) 0.779  [+0.00 -0.09 -0.09 +0.56 +0.08 -0.09 +0.07 +0.48]
  contrast_up      s2  gap(clean test->corr) 1.091  gap(train->corr) 1.108  [-0.00 -0.12 -0.11 +0.79 +0.10 -0.16 +0.12 +0.70]
  contrast_up      s3  gap(clean test->corr) 1.379  gap(train->corr) 1.396  [-0.01 -0.13 -0.11 +0.98 +0.13 -0.25 +0.18 +0.90]
  contrast_up      s4  gap(clean test->corr) 1.641  gap(train->corr) 1.659  [-0.02 -0.13 -0.12 +1.14 +0.16 -0.36 +0.24 +1.07]
  contrast_up      s5  gap(clean test->corr) 1.893  gap(train->corr) 1.911  [-0.03 -0.14 -0.15 +1.29 +0.17 -0.48 +0.29 +1.24]
  saturate         s1  gap(clean test->corr) 1.737  gap(train->corr) 1.753  [-0.05 -0.46 -1.17 +1.20 +0.00 +0.01 -0.01 +0.01]
  saturate         s2  gap(clean test->corr) 3.412  gap(train->corr) 3.427  [-0.10 -0.90 -2.30 +2.35 +0.00 +0.00 -0.00 +0.01]
  saturate         s3  gap(clean test->corr) 5.070  gap(train->corr) 5.085  [-0.14 -1.33 -3.43 +3.49 +0.00 +0.00 -0.00 +0.01]
  saturate         s4  gap(clean test->corr) 5.730  gap(train->corr) 5.745  [-0.15 -1.50 -3.88 +3.94 +0.00 +0.00 -0.00 +0.00]
  saturate         s5  gap(clean test->corr) 6.698  gap(train->corr) 6.713  [-0.18 -1.75 -4.55 +4.59 +0.00 +0.00 -0.00 -0.02]
wrote /mnt/prj01/hgrp-1502-5TB/tdgs_shared/code/shiftbench/s0_colour_gap.json
done=2026-10-02T22:22:47+08:00
