host=hpcgpu109.ln.edu.hk user=danranwang shard=2/3 task=2/5
worklist=145 cells  stride=15 offset=12  ngpu=2
exp_root=/mnt/prj01/hgrp-1502-5TB/tdgs_shared/runs/round2_20260927
sel_dir=/mnt/prj01/hgrp-1502-5TB/tdgs_shared/sel
start=2026-09-28T03:17:28+08:00
0, NVIDIA A100 80GB PCIe, 81920 MiB
1, NVIDIA A100 80GB PCIe, 81920 MiB
2, NVIDIA A100 80GB PCIe, 81920 MiB
3, NVIDIA A100 80GB PCIe, 81920 MiB
4, NVIDIA A100 80GB PCIe, 81920 MiB
5, NVIDIA A100 80GB PCIe, 81920 MiB
6, NVIDIA A100 80GB PCIe, 81920 MiB
7, NVIDIA A100 80GB PCIe, 81920 MiB
this job owns 9 cells
[gpu0] ok bloodmnist r0.02 a2_perclass s44  (790s)
[gpu1] ok bloodmnist r0.02 tdgs_mask s44  (792s)
[gpu1] ok bloodmnist r0.02 tdgs_cls_perm s44  (787s)
[gpu0] ok bloodmnist r0.02 tdgs_wcls s44  (801s)
[gpu1] ok bloodmnist r0.02 tdgs_cls s45  (790s)
[gpu0] ok bloodmnist r0.02 tdgs_lam1 s44  (789s)
[gpu1] ok bloodmnist r0.05 graph_a2 s46  (1377s)
[gpu1] finished: ok=4 skip=0 fail=0
[gpu0] ok bloodmnist r0.05 graph_a2 s43  (1388s)
[gpu0] ok bloodmnist r0.05 tdgs_cls s44  (1424s)
[gpu0] finished: ok=5 skip=0 fail=0
shard=2 task=2 done=2026-09-28T04:44:00+08:00
