{'PREP': '/mnt/prj01/hgrp-1502-5TB/xuxiaoyu/reliability_medmnistc_ab/d8_class_conditional_ot_20260922/source_snapshot', 'DATA_ROOT': '/mnt/prj01/hgrp-1502-5TB/xuxiaoyu/reliability_medmnistc_ab/data/medmnist', 'CORR_ROOT': '/mnt/prj01/hgrp-1502-5TB/xuxiaoyu/reliability_medmnistc_ab/data/medmnistc', 'OUT': '/mnt/prj01/hgrp-1502-5TB/xuxiaoyu/reliability_medmnistc_ab/d8_class_conditional_ot_20260922/training/organsmnist/seed_2/results', 'SELECTION_OUT': '/mnt/prj01/hgrp-1502-5TB/xuxiaoyu/reliability_medmnistc_ab/d8_class_conditional_ot_20260922/training/organsmnist/seed_2/selections', 'device': 'cuda', 'datasets': ['organsmnist'], 'methods': ['d8_ot'], 'ratios': [0.02], 'selection_seed': 2, 'training_seeds': [2], 'epochs': 1000, 'augment': False, 'smoke_n': 0, 'deterministic': True, 'clean_only': True, 'train_source': 'clean', 'train_corruption': 'pixelate', 'train_severity': 3, 'train_on_corrupted': False}
Pinned GraphCov methods: ['d8_ot']
GraphCov official base commit: 8cf757adc4c333dc1427d511f0de2f246d15ebac
MedMNIST-C commit: unknown
========== organsmnist ==========
  [Embeddings] Loaded uni from cache: n=13932, dim=1024
training /mnt/prj01/hgrp-1502-5TB/xuxiaoyu/reliability_medmnistc_ab/d8_class_conditional_ot_20260922/training/organsmnist/seed_2/results/organsmnist/d8_ot/ratio_0.02/selection_seed_2/train_seed_2/aug_0 n= 275 budget_per_class= 25
epoch 100/1000
epoch 200/1000
epoch 300/1000
epoch 400/1000
epoch 500/1000
epoch 600/1000
epoch 700/1000
epoch 800/1000
epoch 900/1000
epoch 1000/1000
consolidated rows: 1 rejected: 0 output: /mnt/prj01/hgrp-1502-5TB/xuxiaoyu/reliability_medmnistc_ab/d8_class_conditional_ot_20260922/training/organsmnist/seed_2/results
{'PREP': '/mnt/prj01/hgrp-1502-5TB/xuxiaoyu/reliability_medmnistc_ab/d8_class_conditional_ot_20260922/source_snapshot', 'DATA_ROOT': '/mnt/prj01/hgrp-1502-5TB/xuxiaoyu/reliability_medmnistc_ab/data/medmnist', 'CORR_ROOT': '/mnt/prj01/hgrp-1502-5TB/xuxiaoyu/reliability_medmnistc_ab/data/medmnistc', 'OUT': '/mnt/prj01/hgrp-1502-5TB/xuxiaoyu/reliability_medmnistc_ab/d8_class_conditional_ot_20260922/training/organamnist/seed_4/results', 'SELECTION_OUT': '/mnt/prj01/hgrp-1502-5TB/xuxiaoyu/reliability_medmnistc_ab/d8_class_conditional_ot_20260922/training/organamnist/seed_4/selections', 'device': 'cuda', 'datasets': ['organamnist'], 'methods': ['d8_ot'], 'ratios': [0.02], 'selection_seed': 4, 'training_seeds': [4], 'epochs': 1000, 'augment': False, 'smoke_n': 0, 'deterministic': True, 'clean_only': True, 'train_source': 'clean', 'train_corruption': 'pixelate', 'train_severity': 3, 'train_on_corrupted': False}
Pinned GraphCov methods: ['d8_ot']
GraphCov official base commit: 8cf757adc4c333dc1427d511f0de2f246d15ebac
MedMNIST-C commit: unknown
========== organamnist ==========
  [Embeddings] Loaded uni from cache: n=34561, dim=1024
training /mnt/prj01/hgrp-1502-5TB/xuxiaoyu/reliability_medmnistc_ab/d8_class_conditional_ot_20260922/training/organamnist/seed_4/results/organamnist/d8_ot/ratio_0.02/selection_seed_4/train_seed_4/aug_0 n= 682 budget_per_class= 62
epoch 100/1000
epoch 200/1000
epoch 300/1000
epoch 400/1000
epoch 500/1000
epoch 600/1000
epoch 700/1000
epoch 800/1000
epoch 900/1000
epoch 1000/1000
consolidated rows: 1 rejected: 0 output: /mnt/prj01/hgrp-1502-5TB/xuxiaoyu/reliability_medmnistc_ab/d8_class_conditional_ot_20260922/training/organamnist/seed_4/results
{'PREP': '/mnt/prj01/hgrp-1502-5TB/xuxiaoyu/reliability_medmnistc_ab/d8_class_conditional_ot_20260922/source_snapshot', 'DATA_ROOT': '/mnt/prj01/hgrp-1502-5TB/xuxiaoyu/reliability_medmnistc_ab/data/medmnist', 'CORR_ROOT': '/mnt/prj01/hgrp-1502-5TB/xuxiaoyu/reliability_medmnistc_ab/data/medmnistc', 'OUT': '/mnt/prj01/hgrp-1502-5TB/xuxiaoyu/reliability_medmnistc_ab/d8_class_conditional_ot_20260922/training/pathmnist/seed_6/results', 'SELECTION_OUT': '/mnt/prj01/hgrp-1502-5TB/xuxiaoyu/reliability_medmnistc_ab/d8_class_conditional_ot_20260922/training/pathmnist/seed_6/selections', 'device': 'cuda', 'datasets': ['pathmnist'], 'methods': ['d8_ot'], 'ratios': [0.02], 'selection_seed': 6, 'training_seeds': [6], 'epochs': 1000, 'augment': False, 'smoke_n': 0, 'deterministic': True, 'clean_only': True, 'train_source': 'clean', 'train_corruption': 'pixelate', 'train_severity': 3, 'train_on_corrupted': False}
Pinned GraphCov methods: ['d8_ot']
GraphCov official base commit: 8cf757adc4c333dc1427d511f0de2f246d15ebac
MedMNIST-C commit: unknown
========== pathmnist ==========
  [Embeddings] Loaded uni from cache: n=89996, dim=1024
training /mnt/prj01/hgrp-1502-5TB/xuxiaoyu/reliability_medmnistc_ab/d8_class_conditional_ot_20260922/training/pathmnist/seed_6/results/pathmnist/d8_ot/ratio_0.02/selection_seed_6/train_seed_6/aug_0 n= 1791 budget_per_class= 199
epoch 100/1000
epoch 200/1000
epoch 300/1000
epoch 400/1000
epoch 500/1000
epoch 600/1000
epoch 700/1000
epoch 800/1000
epoch 900/1000
epoch 1000/1000
consolidated rows: 1 rejected: 0 output: /mnt/prj01/hgrp-1502-5TB/xuxiaoyu/reliability_medmnistc_ab/d8_class_conditional_ot_20260922/training/pathmnist/seed_6/results
{'PREP': '/mnt/prj01/hgrp-1502-5TB/xuxiaoyu/reliability_medmnistc_ab/d8_class_conditional_ot_20260922/source_snapshot', 'DATA_ROOT': '/mnt/prj01/hgrp-1502-5TB/xuxiaoyu/reliability_medmnistc_ab/data/medmnist', 'CORR_ROOT': '/mnt/prj01/hgrp-1502-5TB/xuxiaoyu/reliability_medmnistc_ab/data/medmnistc', 'OUT': '/mnt/prj01/hgrp-1502-5TB/xuxiaoyu/reliability_medmnistc_ab/d8_class_conditional_ot_20260922/training/bloodmnist/seed_0/results', 'SELECTION_OUT': '/mnt/prj01/hgrp-1502-5TB/xuxiaoyu/reliability_medmnistc_ab/d8_class_conditional_ot_20260922/training/bloodmnist/seed_0/selections', 'device': 'cuda', 'datasets': ['bloodmnist'], 'methods': ['d8_ot'], 'ratios': [0.02], 'selection_seed': 0, 'training_seeds': [0], 'epochs': 1000, 'augment': False, 'smoke_n': 0, 'deterministic': True, 'clean_only': True, 'train_source': 'clean', 'train_corruption': 'pixelate', 'train_severity': 3, 'train_on_corrupted': False}
Pinned GraphCov methods: ['d8_ot']
GraphCov official base commit: 8cf757adc4c333dc1427d511f0de2f246d15ebac
MedMNIST-C commit: unknown
========== bloodmnist ==========
  [Embeddings] Loaded uni from cache: n=11959, dim=1024
training /mnt/prj01/hgrp-1502-5TB/xuxiaoyu/reliability_medmnistc_ab/d8_class_conditional_ot_20260922/training/bloodmnist/seed_0/results/bloodmnist/d8_ot/ratio_0.02/selection_seed_0/train_seed_0/aug_0 n= 232 budget_per_class= 29
epoch 100/1000
epoch 200/1000
epoch 300/1000
epoch 400/1000
epoch 500/1000
epoch 600/1000
epoch 700/1000
epoch 800/1000
epoch 900/1000
epoch 1000/1000
consolidated rows: 1 rejected: 0 output: /mnt/prj01/hgrp-1502-5TB/xuxiaoyu/reliability_medmnistc_ab/d8_class_conditional_ot_20260922/training/bloodmnist/seed_0/results
